[36mvite v7.3.5 [32mbuilding client environment for production...[36m[39m
transforming...
npx.cmd : 
所在位置 行:1 字符: 134
+ ... ; $output = & "C:\Program Files\nodejs\npx.cmd" vite build 2>&1; $out ...
+                 ~~~~~~~~~~~~~~~~~~~~~~~~~~~~~~~~~~~~~~~~~~~~~~~~~~~
    + CategoryInfo          : NotSpecified: (:String) [], RemoteException
    + FullyQualifiedErrorId : NativeCommandError
 
[1m[33mwarn[39m[22m - The `min-*` and `max-*` variants are not supported wi
th a `screens` configuration containing mixed units.
[32m鉁?[39m 6595 modules transformed.
rendering chunks...
[33m[plugin vite:reporter] 
(!) D:/LangFlow/src/frontend/src/locales/en.json is dynamically imported by D:/
LangFlow/src/frontend/src/i18n.ts but also statically imported by D:/LangFlow/s
rc/frontend/src/i18n.ts, D:/LangFlow/src/frontend/src/pages/MainPage/pages/know
ledgePage/config/knowledgeBaseColumns.tsx, dynamic import will not move module 
into another chunk.
[39m
[33m[plugin vite:reporter] 
(!) D:/LangFlow/src/frontend/src/controllers/API/index.ts is dynamically import
ed by D:/LangFlow/src/frontend/src/pages/MainPage/pages/homePage/hooks/useMcpSe
rver.ts but also statically imported by D:/LangFlow/src/frontend/src/components
/common/storeCardComponent/hooks/use-handle-install.ts, D:/LangFlow/src/fronten
d/src/components/common/storeCardComponent/index.tsx, D:/LangFlow/src/frontend/
src/modals/secretKeyModal/index.tsx, D:/LangFlow/src/frontend/src/modals/shareM
odal/index.tsx, D:/LangFlow/src/frontend/src/pages/StorePage/index.tsx, D:/Lang
Flow/src/frontend/src/stores/darkStore.ts, D:/LangFlow/src/frontend/src/stores/
storeStore.ts, D:/LangFlow/src/frontend/src/utils/buildUtils.ts, dynamic import
 will not move module into another chunk.
[39m
computing gzip size...
[2mbuild/[22m[32mindex.html                                              [39m[1m[2m    1.14 kB[22m[1m[22m[2m 鈹?gzip:     0.56 kB[22m
[2mbuild/[22m[32massets/apify_white-uCJdZkTU.png                         [39m[1m[2m    8.50 kB[22m[1m[22m
[2mbuild/[22m[32massets/robot-BsccFpqT.png                               [39m[1m[2m   26.81 kB[22m[1m[22m
[2mbuild/[22m[32massets/langflow_assistant-D9ri3O4c.svg                  [39m[1m[2m   68.70 kB[22m[1m[22m[2m 鈹?gzip:    45.27 kB[22m
[2mbuild/[22m[32massets/langflow_assistant_idle-B7waUo2G.svg             [39m[1m[2m   69.88 kB[22m[1m[22m[2m 鈹?gzip:    45.75 kB[22m
[2mbuild/[22m[32massets/logo_light-CIlityAH.png                          [39m[1m[2m  142.83 kB[22m[1m[22m
[2mbuild/[22m[32massets/logo_dark-DEVbuISE.png                           [39m[1m[2m  144.62 kB[22m[1m[22m
[2mbuild/[22m[32massets/MCPLangflow-Bzb6g6Zx.png                         [39m[1m[2m  619.57 kB[22m[1m[22m
[2mbuild/[22m[32massets/temp-pat-m-2-BFhrICvh.png                        [39m[1m[2m  887.13 kB[22m[1m[22m
[2mbuild/[22m[32massets/temp-pat-2-C_RVvOE_.png                          [39m[1m[2m1,147.85 kB[22m[1m[22m
[2mbuild/[22m[32massets/temp-pat-1-BDqu2wpz.png                          [39m[1m[2m1,190.52 kB[22m[1m[22m
[2mbuild/[22m[32massets/temp-pat-m-3-BJIIbDxb.png                        [39m[1m[2m1,289.90 kB[22m[1m[22m
[2mbuild/[22m[32massets/temp-pat-3-Ci-rp5-q.png                          [39m[1m[2m1,292.86 kB[22m[1m[22m
[2mbuild/[22m[32massets/temp-pat-m-1-D-qJT-j4.png                        [39m[1m[2m1,392.59 kB[22m[1m[22m
[2mbuild/[22m[35massets/index-Cv_PobsU.css                               [39m[1m[2m    9.13 kB[22m[1m[22m[2m 鈹?gzip:     1.99 kB[22m
[2mbuild/[22m[35massets/index-R0RlBvb-.css                               [39m[1m[2m  497.03 kB[22m[1m[22m[2m 鈹?gzip:    90.09 kB[22m
[2mbuild/[22m[36massets/__vite-browser-external-BIHI7g3E.js              [39m[1m[2m    0.03 kB[22m[1m[22m[2m 鈹?gzip:     0.05 kB[22m
[2mbuild/[22m[36massets/tally-1-j2jo1IUR.js                              [39m[1m[2m    0.14 kB[22m[1m[22m[2m 鈹?gzip:     0.15 kB[22m
[2mbuild/[22m[36massets/slash-LMoVWdzH.js                                [39m[1m[2m    0.14 kB[22m[1m[22m[2m 鈹?gzip:     0.15 kB[22m
[2mbuild/[22m[36massets/wifi-zero-Np0cUlXM.js                            [39m[1m[2m    0.15 kB[22m[1m[22m[2m 鈹?gzip:     0.16 kB[22m
[2mbuild/[22m[36massets/signal-zero-CAJCO49G.js                          [39m[1m[2m    0.15 kB[22m[1m[22m[2m 鈹?gzip:     0.16 kB[22m
[2mbuild/[22m[36massets/dot-CRzvoh-n.js                                  [39m[1m[2m    0.15 kB[22m[1m[22m[2m 鈹?gzip:     0.16 kB[22m
[2mbuild/[22m[36massets/circle-small-DiGCv8XK.js                         [39m[1m[2m    0.16 kB[22m[1m[22m[2m 鈹?gzip:     0.16 kB[22m
[2mbuild/[22m[36massets/mountain-CLlze6wu.js                             [39m[1m[2m    0.16 kB[22m[1m[22m[2m 鈹?gzip:     0.17 kB[22m
[2mbuild/[22m[36massets/bluetooth-qs6rvJtL.js                            [39m[1m[2m    0.16 kB[22m[1m[22m[2m 鈹?gzip:     0.17 kB[22m
[2mbuild/[22m[36massets/fish-symbol-Bgblf4rI.js                          [39m[1m[2m    0.17 kB[22m[1m[22m[2m 鈹?gzip:     0.17 kB[22m
[2mbuild/[22m[36massets/loader-circle-X2DtI9t3.js                        [39m[1m[2m    0.17 kB[22m[1m[22m[2m 鈹?gzip:     0.17 kB[22m
[2mbuild/[22m[36massets/navigation-CM28ZGfk.js                           [39m[1m[2m    0.17 kB[22m[1m[22m[2m 鈹?gzip:     0.17 kB[22m
[2mbuild/[22m[36massets/navigation-2-lLVMLq2Y.js                         [39m[1m[2m    0.17 kB[22m[1m[22m[2m 鈹?gzip:     0.17 kB[22m
[2mbuild/[22m[36massets/space-CvJ3teOC.js                                [39m[1m[2m    0.18 kB[22m[1m[22m[2m 鈹?gzip:     0.18 kB[22m
[2mbuild/[22m[36massets/twitch-SDOx7O2C.js                               [39m[1m[2m    0.18 kB[22m[1m[22m[2m 鈹?gzip:     0.18 kB[22m
[2mbuild/[22m[36massets/framer-rs-Rxobq.js                               [39m[1m[2m    0.18 kB[22m[1m[22m[2m 鈹?gzip:     0.18 kB[22m
[2mbuild/[22m[36massets/egg-D2BY8raV.js                                  [39m[1m[2m    0.18 kB[22m[1m[22m[2m 鈹?gzip:     0.18 kB[22m
[2mbuild/[22m[36massets/tally-2-ChzdTvpM.js                              [39m[1m[2m    0.18 kB[22m[1m[22m[2m 鈹?gzip:     0.17 kB[22m
[2mbuild/[22m[36massets/use-post-add-user-BEFKNk2y.js                    [39m[1m[2m    0.18 kB[22m[1m[22m[2m 鈹?gzip:     0.17 kB[22m
[2mbuild/[22m[36massets/thermometer-k7W82aOB.js                          [39m[1m[2m    0.18 kB[22m[1m[22m[2m 鈹?gzip:     0.18 kB[22m
[2mbuild/[22m[36massets/option-D3WbFj9K.js                               [39m[1m[2m    0.18 kB[22m[1m[22m[2m 鈹?gzip:     0.17 kB[22m
[2mbuild/[22m[36massets/rectangle-vertical-CHM-Zox2.js                   [39m[1m[2m    0.18 kB[22m[1m[22m[2m 鈹?gzip:     0.18 kB[22m
[2mbuild/[22m[36massets/cloud-D3Lr2YEU.js                                [39m[1m[2m    0.18 kB[22m[1m[22m[2m 鈹?gzip:     0.18 kB[22m
[2mbuild/[22m[36massets/signal-low-BdDdszBS.js                           [39m[1m[2m    0.18 kB[22m[1m[22m[2m 鈹?gzip:     0.18 kB[22m
[2mbuild/[22m[36massets/unlink-2-DxuLbncW.js                             [39m[1m[2m    0.18 kB[22m[1m[22m[2m 鈹?gzip:     0.18 kB[22m
[2mbuild/[22m[36massets/rectangle-horizontal-C6-DQmM2.js                 [39m[1m[2m    0.19 kB[22m[1m[22m[2m 鈹?gzip:     0.18 kB[22m
[2mbuild/[22m[36massets/move-up-CraiC94P.js                              [39m[1m[2m    0.19 kB[22m[1m[22m[2m 鈹?gzip:     0.18 kB[22m
[2mbuild/[22m[36massets/terminal-BhJDLgU2.js                             [39m[1m[2m    0.19 kB[22m[1m[22m[2m 鈹?gzip:     0.17 kB[22m
[2mbuild/[22m[36massets/move-left-gVLq7gsh.js                            [39m[1m[2m    0.19 kB[22m[1m[22m[2m 鈹?gzip:     0.18 kB[22m
[2mbuild/[22m[36massets/squircle-aV8SeEdw.js                             [39m[1m[2m    0.19 kB[22m[1m[22m[2m 鈹?gzip:     0.18 kB[22m
[2mbuild/[22m[36massets/arrow-down-BT0gI2bX.js                           [39m[1m[2m    0.19 kB[22m[1m[22m[2m 鈹?gzip:     0.18 kB[22m
[2mbuild/[22m[36massets/arrow-left-Do2wrXPj.js                           [39m[1m[2m    0.19 kB[22m[1m[22m[2m 鈹?gzip:     0.18 kB[22m
[2mbuild/[22m[36massets/move-up-left-B84xOQcD.js                         [39m[1m[2m    0.19 kB[22m[1m[22m[2m 鈹?gzip:     0.18 kB[22m
[2mbuild/[22m[36massets/arrow-up-left-D0VArQkR.js                        [39m[1m[2m    0.19 kB[22m[1m[22m[2m 鈹?gzip:     0.18 kB[22m
[2mbuild/[22m[36massets/chevron-last-DpUb4Es3.js                         [39m[1m[2m    0.19 kB[22m[1m[22m[2m 鈹?gzip:     0.18 kB[22m
[2mbuild/[22m[36massets/arrow-up-right-C6-LOAZc.js                       [39m[1m[2m    0.19 kB[22m[1m[22m[2m 鈹?gzip:     0.18 kB[22m
[2mbuild/[22m[36massets/chevron-first-DvK5i8Wm.js                        [39m[1m[2m    0.19 kB[22m[1m[22m[2m 鈹?gzip:     0.18 kB[22m
[2mbuild/[22m[36massets/move-down-DirLoSAE.js                            [39m[1m[2m    0.19 kB[22m[1m[22m[2m 鈹?gzip:     0.18 kB[22m
[2mbuild/[22m[36massets/move-up-right-C2c3_vnr.js                        [39m[1m[2m    0.19 kB[22m[1m[22m[2m 鈹?gzip:     0.18 kB[22m
[2mbuild/[22m[36massets/music-3-kFoMXGe0.js                              [39m[1m[2m    0.19 kB[22m[1m[22m[2m 鈹?gzip:     0.19 kB[22m
[2mbuild/[22m[36massets/arrow-down-left-VfgAdJeq.js                      [39m[1m[2m    0.19 kB[22m[1m[22m[2m 鈹?gzip:     0.18 kB[22m
[2mbuild/[22m[36massets/clock-12-BsTmu2wL.js                             [39m[1m[2m    0.19 kB[22m[1m[22m[2m 鈹?gzip:     0.18 kB[22m
[2mbuild/[22m[36massets/clock-6-B0rWKeTw.js                              [39m[1m[2m    0.19 kB[22m[1m[22m[2m 鈹?gzip:     0.18 kB[22m
[2mbuild/[22m[36massets/move-down-left-CxuDi7cI.js                       [39m[1m[2m    0.19 kB[22m[1m[22m[2m 鈹?gzip:     0.18 kB[22m
[2mbuild/[22m[36massets/move-right-XEqZYuSN.js                           [39m[1m[2m    0.19 kB[22m[1m[22m[2m 鈹?gzip:     0.18 kB[22m
[2mbuild/[22m[36massets/arrow-down-right-CeMvFwcR.js                     [39m[1m[2m    0.19 kB[22m[1m[22m[2m 鈹?gzip:     0.18 kB[22m
[2mbuild/[22m[36massets/clock-3-C8QcuTmv.js                              [39m[1m[2m    0.19 kB[22m[1m[22m[2m 鈹?gzip:     0.18 kB[22m
[2mbuild/[22m[36massets/clock-9-B7ldCiaq.js                              [39m[1m[2m    0.19 kB[22m[1m[22m[2m 鈹?gzip:     0.18 kB[22m
[2mbuild/[22m[36massets/clock-B7Utk0Qi.js                                [39m[1m[2m    0.19 kB[22m[1m[22m[2m 鈹?gzip:     0.18 kB[22m
[2mbuild/[22m[36massets/move-down-right-BtDom8wR.js                      [39m[1m[2m    0.19 kB[22m[1m[22m[2m 鈹?gzip:     0.18 kB[22m
[2mbuild/[22m[36massets/music-2-fi5qgmNH.js                              [39m[1m[2m    0.19 kB[22m[1m[22m[2m 鈹?gzip:     0.19 kB[22m
[2mbuild/[22m[36massets/chevrons-down-bGSJKDhC.js                        [39m[1m[2m    0.20 kB[22m[1m[22m[2m 鈹?gzip:     0.17 kB[22m
[2mbuild/[22m[36massets/clock-1-DR1wNS39.js                              [39m[1m[2m    0.20 kB[22m[1m[22m[2m 鈹?gzip:     0.18 kB[22m
[2mbuild/[22m[36massets/clock-2-CMlNxR5e.js                              [39m[1m[2m    0.20 kB[22m[1m[22m[2m 鈹?gzip:     0.18 kB[22m
[2mbuild/[22m[36massets/clock-4-Dt2Rx_Ui.js                              [39m[1m[2m    0.20 kB[22m[1m[22m[2m 鈹?gzip:     0.18 kB[22m
[2mbuild/[22m[36massets/clock-5-DCXkYHqn.js                              [39m[1m[2m    0.20 kB[22m[1m[22m[2m 鈹?gzip:     0.18 kB[22m
[2mbuild/[22m[36massets/chevrons-up-XrSwaHi1.js                          [39m[1m[2m    0.20 kB[22m[1m[22m[2m 鈹?gzip:     0.17 kB[22m
[2mbuild/[22m[36massets/circle-minus-CsTfilr-.js                         [39m[1m[2m    0.20 kB[22m[1m[22m[2m 鈹?gzip:     0.18 kB[22m
[2mbuild/[22m[36massets/clock-7-DdUgiTBN.js                              [39m[1m[2m    0.20 kB[22m[1m[22m[2m 鈹?gzip:     0.18 kB[22m
[2mbuild/[22m[36massets/clock-8-ArBIY7YJ.js                              [39m[1m[2m    0.20 kB[22m[1m[22m[2m 鈹?gzip:     0.18 kB[22m
[2mbuild/[22m[36massets/infinity-8FmrSVFX.js                             [39m[1m[2m    0.20 kB[22m[1m[22m[2m 鈹?gzip:     0.19 kB[22m
[2mbuild/[22m[36massets/chevrons-right-2LVzOCN3.js                       [39m[1m[2m    0.20 kB[22m[1m[22m[2m 鈹?gzip:     0.18 kB[22m
[2mbuild/[22m[36massets/clock-10-BSkfAkdy.js                             [39m[1m[2m    0.20 kB[22m[1m[22m[2m 鈹?gzip:     0.18 kB[22m
[2mbuild/[22m[36massets/clock-11-DoXol8AF.js                             [39m[1m[2m    0.20 kB[22m[1m[22m[2m 鈹?gzip:     0.19 kB[22m
[2mbuild/[22m[36massets/power-BNlSOXG9.js                                [39m[1m[2m    0.20 kB[22m[1m[22m[2m 鈹?gzip:     0.18 kB[22m
[2mbuild/[22m[36massets/blend-DViklKjA.js                                [39m[1m[2m    0.20 kB[22m[1m[22m[2m 鈹?gzip:     0.17 kB[22m
[2mbuild/[22m[36massets/chevrons-down-up-D3z6pCYq.js                     [39m[1m[2m    0.20 kB[22m[1m[22m[2m 鈹?gzip:     0.18 kB[22m
[2mbuild/[22m[36massets/chevrons-left-89-jC507.js                        [39m[1m[2m    0.20 kB[22m[1m[22m[2m 鈹?gzip:     0.18 kB[22m
[2mbuild/[22m[36massets/trending-up-CMmUdZ0X.js                          [39m[1m[2m    0.20 kB[22m[1m[22m[2m 鈹?gzip:     0.19 kB[22m
[2mbuild/[22m[36massets/disc-Bijb60sW.js                                 [39m[1m[2m    0.20 kB[22m[1m[22m[2m 鈹?gzip:     0.17 kB[22m
[2mbuild/[22m[36massets/gauge-C6VMIbHd.js                                [39m[1m[2m    0.20 kB[22m[1m[22m[2m 鈹?gzip:     0.19 kB[22m
[2mbuild/[22m[36massets/reply-DcwJHcSv.js                                [39m[1m[2m    0.20 kB[22m[1m[22m[2m 鈹?gzip:     0.19 kB[22m
[2mbuild/[22m[36massets/wifi-low-Cxmjfjeq.js                             [39m[1m[2m    0.20 kB[22m[1m[22m[2m 鈹?gzip:     0.19 kB[22m
[2mbuild/[22m[36massets/bold-DTwKd4Ld.js                                 [39m[1m[2m    0.20 kB[22m[1m[22m[2m 鈹?gzip:     0.18 kB[22m
[2mbuild/[22m[36massets/chevrons-left-right-DOWHSw48.js                  [39m[1m[2m    0.20 kB[22m[1m[22m[2m 鈹?gzip:     0.18 kB[22m
[2mbuild/[22m[36massets/circle-slash-2-DJLNMQPz.js                       [39m[1m[2m    0.20 kB[22m[1m[22m[2m 鈹?gzip:     0.19 kB[22m
[2mbuild/[22m[36massets/facebook-CiUqO3Jy.js                             [39m[1m[2m    0.20 kB[22m[1m[22m[2m 鈹?gzip:     0.20 kB[22m
[2mbuild/[22m[36massets/circle-check-BlrC3p5t.js                         [39m[1m[2m    0.20 kB[22m[1m[22m[2m 鈹?gzip:     0.18 kB[22m
[2mbuild/[22m[36massets/trending-down-BMWj_H8S.js                        [39m[1m[2m    0.20 kB[22m[1m[22m[2m 鈹?gzip:     0.19 kB[22m
[2mbuild/[22m[36massets/check-check-Bmr1BbAI.js                          [39m[1m[2m    0.20 kB[22m[1m[22m[2m 鈹?gzip:     0.19 kB[22m
[2mbuild/[22m[36massets/chevrons-right-left-DczvSh0Z.js                  [39m[1m[2m    0.20 kB[22m[1m[22m[2m 鈹?gzip:     0.19 kB[22m
[2mbuild/[22m[36massets/forward-BrAim_6K.js                              [39m[1m[2m    0.20 kB[22m[1m[22m[2m 鈹?gzip:     0.19 kB[22m
[2mbuild/[22m[36massets/iteration-cw-02K-M-IZ.js                         [39m[1m[2m    0.20 kB[22m[1m[22m[2m 鈹?gzip:     0.19 kB[22m
[2mbuild/[22m[36massets/russian-ruble-B81j090q.js                        [39m[1m[2m    0.20 kB[22m[1m[22m[2m 鈹?gzip:     0.18 kB[22m
[2mbuild/[22m[36massets/triangle-CXeRFmEn.js                             [39m[1m[2m    0.20 kB[22m[1m[22m[2m 鈹?gzip:     0.19 kB[22m
[2mbuild/[22m[36massets/ban-B7AE4OQf.js                                  [39m[1m[2m    0.21 kB[22m[1m[22m[2m 鈹?gzip:     0.19 kB[22m
[2mbuild/[22m[36massets/eclipse-DCpNETRr.js                              [39m[1m[2m    0.21 kB[22m[1m[22m[2m 鈹?gzip:     0.19 kB[22m
[2mbuild/[22m[36massets/circle-dot-CEBw0rIk.js                           [39m[1m[2m    0.21 kB[22m[1m[22m[2m 鈹?gzip:     0.17 kB[22m
[2mbuild/[22m[36massets/command-BSn3hzRD.js                              [39m[1m[2m    0.21 kB[22m[1m[22m[2m 鈹?gzip:     0.18 kB[22m
[2mbuild/[22m[36massets/iteration-ccw-DULTaPfl.js                        [39m[1m[2m    0.21 kB[22m[1m[22m[2m 鈹?gzip:     0.19 kB[22m
[2mbuild/[22m[36massets/mouse-Coim-vCM.js                                [39m[1m[2m    0.21 kB[22m[1m[22m[2m 鈹?gzip:     0.20 kB[22m
[2mbuild/[22m[36massets/user-round-hCCZx2Qa.js                           [39m[1m[2m    0.21 kB[22m[1m[22m[2m 鈹?gzip:     0.20 kB[22m
[2mbuild/[22m[36massets/circle-chevron-up-BjMuRSmO.js                    [39m[1m[2m    0.21 kB[22m[1m[22m[2m 鈹?gzip:     0.19 kB[22m
[2mbuild/[22m[36massets/chart-line-D9HKOcMW.js                           [39m[1m[2m    0.21 kB[22m[1m[22m[2m 鈹?gzip:     0.19 kB[22m
[2mbuild/[22m[36massets/corner-right-up-Cyox6xJ7.js                      [39m[1m[2m    0.21 kB[22m[1m[22m[2m 鈹?gzip:     0.19 kB[22m
[2mbuild/[22m[36massets/rows-2-DSUfinDg.js                               [39m[1m[2m    0.21 kB[22m[1m[22m[2m 鈹?gzip:     0.20 kB[22m
[2mbuild/[22m[36massets/corner-down-left-BnkEHg4w.js                     [39m[1m[2m    0.21 kB[22m[1m[22m[2m 鈹?gzip:     0.19 kB[22m
[2mbuild/[22m[36massets/corner-left-up-CbGNYPLj.js                       [39m[1m[2m    0.21 kB[22m[1m[22m[2m 鈹?gzip:     0.19 kB[22m
[2mbuild/[22m[36massets/corner-up-left-CbYHFsTq.js                       [39m[1m[2m    0.21 kB[22m[1m[22m[2m 鈹?gzip:     0.19 kB[22m
[2mbuild/[22m[36massets/crop-DzpNKc7z.js                                 [39m[1m[2m    0.21 kB[22m[1m[22m[2m 鈹?gzip:     0.19 kB[22m
[2mbuild/[22m[36massets/tv-BTik63Y6.js                                   [39m[1m[2m    0.21 kB[22m[1m[22m[2m 鈹?gzip:     0.20 kB[22m
[2mbuild/[22m[36massets/circle-chevron-down-B3RptHuV.js                  [39m[1m[2m    0.21 kB[22m[1m[22m[2m 鈹?gzip:     0.19 kB[22m
[2mbuild/[22m[36massets/circle-chevron-left-96i-0Cqt.js                  [39m[1m[2m    0.21 kB[22m[1m[22m[2m 鈹?gzip:     0.19 kB[22m
[2mbuild/[22m[36massets/circle-chevron-right-bMPYUVRX.js                 [39m[1m[2m    0.21 kB[22m[1m[22m[2m 鈹?gzip:     0.19 kB[22m
[2mbuild/[22m[36massets/contrast-D5C_ZVYx.js                             [39m[1m[2m    0.21 kB[22m[1m[22m[2m 鈹?gzip:     0.19 kB[22m
[2mbuild/[22m[36massets/panel-top-KlICIVNp.js                            [39m[1m[2m    0.21 kB[22m[1m[22m[2m 鈹?gzip:     0.20 kB[22m
[2mbuild/[22m[36massets/undo-jWOUHp6u.js                                 [39m[1m[2m    0.21 kB[22m[1m[22m[2m 鈹?gzip:     0.19 kB[22m
[2mbuild/[22m[36massets/columns-2-D28joauS.js                            [39m[1m[2m    0.21 kB[22m[1m[22m[2m 鈹?gzip:     0.20 kB[22m
[2mbuild/[22m[36massets/corner-down-right-C6QA-8pm.js                    [39m[1m[2m    0.21 kB[22m[1m[22m[2m 鈹?gzip:     0.19 kB[22m
[2mbuild/[22m[36massets/corner-right-down-Bf5sGMQf.js                    [39m[1m[2m    0.21 kB[22m[1m[22m[2m 鈹?gzip:     0.19 kB[22m
[2mbuild/[22m[36massets/corner-up-right-DwHYQTMm.js                      [39m[1m[2m    0.21 kB[22m[1m[22m[2m 鈹?gzip:     0.19 kB[22m
[2mbuild/[22m[36massets/parentheses-DlTws6AV.js                          [39m[1m[2m    0.21 kB[22m[1m[22m[2m 鈹?gzip:     0.19 kB[22m
[2mbuild/[22m[36massets/corner-left-down-CXLVi0iW.js                     [39m[1m[2m    0.21 kB[22m[1m[22m[2m 鈹?gzip:     0.20 kB[22m
[2mbuild/[22m[36massets/equal-BmKBNNqH.js                                [39m[1m[2m    0.21 kB[22m[1m[22m[2m 鈹?gzip:     0.18 kB[22m
[2mbuild/[22m[36massets/flag-triangle-left-BIZjAvYk.js                   [39m[1m[2m    0.21 kB[22m[1m[22m[2m 鈹?gzip:     0.20 kB[22m
[2mbuild/[22m[36massets/flag-triangle-right-zJgljW-s.js                  [39m[1m[2m    0.21 kB[22m[1m[22m[2m 鈹?gzip:     0.20 kB[22m
[2mbuild/[22m[36massets/redo-l3-EUaTP.js                                 [39m[1m[2m    0.21 kB[22m[1m[22m[2m 鈹?gzip:     0.19 kB[22m
[2mbuild/[22m[36massets/tv-minimal-BYWHq52I.js                           [39m[1m[2m    0.21 kB[22m[1m[22m[2m 鈹?gzip:     0.20 kB[22m
[2mbuild/[22m[36massets/copyleft-DB7PDRyC.js                             [39m[1m[2m    0.21 kB[22m[1m[22m[2m 鈹?gzip:     0.20 kB[22m
[2mbuild/[22m[36massets/menu-CsY1RPev.js                                 [39m[1m[2m    0.21 kB[22m[1m[22m[2m 鈹?gzip:     0.17 kB[22m
[2mbuild/[22m[36massets/panel-right-DtEDT8oM.js                          [39m[1m[2m    0.21 kB[22m[1m[22m[2m 鈹?gzip:     0.20 kB[22m
[2mbuild/[22m[36massets/square-minus-BtEFhE86.js                         [39m[1m[2m    0.21 kB[22m[1m[22m[2m 鈹?gzip:     0.20 kB[22m
[2mbuild/[22m[36massets/circle-slash-i48EeIZK.js                         [39m[1m[2m    0.21 kB[22m[1m[22m[2m 鈹?gzip:     0.19 kB[22m
[2mbuild/[22m[36massets/diff-CFIi3uEz.js                                 [39m[1m[2m    0.21 kB[22m[1m[22m[2m 鈹?gzip:     0.18 kB[22m
[2mbuild/[22m[36massets/kanban-knyUFJwY.js                               [39m[1m[2m    0.21 kB[22m[1m[22m[2m 鈹?gzip:     0.18 kB[22m
[2mbuild/[22m[36massets/panel-bottom-BHE6Dqe0.js                         [39m[1m[2m    0.21 kB[22m[1m[22m[2m 鈹?gzip:     0.20 kB[22m
[2mbuild/[22m[36massets/triangle-right-DzBUx4vW.js                       [39m[1m[2m    0.21 kB[22m[1m[22m[2m 鈹?gzip:     0.20 kB[22m
[2mbuild/[22m[36massets/copyright-DBclEhCA.js                            [39m[1m[2m    0.22 kB[22m[1m[22m[2m 鈹?gzip:     0.20 kB[22m
[2mbuild/[22m[36massets/line-dot-right-horizontal-DwMM7I1e.js            [39m[1m[2m    0.22 kB[22m[1m[22m[2m 鈹?gzip:     0.20 kB[22m
[2mbuild/[22m[36massets/tally-3-B2JysC-_.js                              [39m[1m[2m    0.22 kB[22m[1m[22m[2m 鈹?gzip:     0.18 kB[22m
[2mbuild/[22m[36massets/underline-CaeNO9xj.js                            [39m[1m[2m    0.22 kB[22m[1m[22m[2m 鈹?gzip:     0.19 kB[22m
[2mbuild/[22m[36massets/battery-DNfqDMAi.js                              [39m[1m[2m    0.22 kB[22m[1m[22m[2m 鈹?gzip:     0.20 kB[22m
[2mbuild/[22m[36massets/circle-parking-DZf00Coo.js                       [39m[1m[2m    0.22 kB[22m[1m[22m[2m 鈹?gzip:     0.20 kB[22m
[2mbuild/[22m[36massets/cylinder-Ci7HnUR2.js                             [39m[1m[2m    0.22 kB[22m[1m[22m[2m 鈹?gzip:     0.20 kB[22m
[2mbuild/[22m[36massets/heading-D0KsyUTO.js                              [39m[1m[2m    0.22 kB[22m[1m[22m[2m 鈹?gzip:     0.18 kB[22m
[2mbuild/[22m[36massets/dice-1-muH1iET9.js                               [39m[1m[2m    0.22 kB[22m[1m[22m[2m 鈹?gzip:     0.20 kB[22m
[2mbuild/[22m[36massets/book-BQ-_J58f.js                                 [39m[1m[2m    0.22 kB[22m[1m[22m[2m 鈹?gzip:     0.20 kB[22m
[2mbuild/[22m[36massets/circle-check-big-D9c1Yg8z.js                     [39m[1m[2m    0.22 kB[22m[1m[22m[2m 鈹?gzip:     0.20 kB[22m
[2mbuild/[22m[36massets/list-filter-BGy8ogsD.js                          [39m[1m[2m    0.22 kB[22m[1m[22m[2m 鈹?gzip:     0.19 kB[22m
[2mbuild/[22m[36massets/square-check-Dx5vUN63.js                         [39m[1m[2m    0.22 kB[22m[1m[22m[2m 鈹?gzip:     0.20 kB[22m
[2mbuild/[22m[36massets/user-BWxA7mUo.js                                 [39m[1m[2m    0.22 kB[22m[1m[22m[2m 鈹?gzip:     0.20 kB[22m
[2mbuild/[22m[36massets/line-squiggle-BtUNGuhj.js                        [39m[1m[2m    0.22 kB[22m[1m[22m[2m 鈹?gzip:     0.21 kB[22m
[2mbuild/[22m[36massets/smartphone-DNdIWxsx.js                           [39m[1m[2m    0.22 kB[22m[1m[22m[2m 鈹?gzip:     0.20 kB[22m
[2mbuild/[22m[36massets/at-sign-DhuiKyLS.js                              [39m[1m[2m    0.22 kB[22m[1m[22m[2m 鈹?gzip:     0.20 kB[22m
[2mbuild/[22m[36massets/circle-stop-Gvq3XpPv.js                          [39m[1m[2m    0.22 kB[22m[1m[22m[2m 鈹?gzip:     0.20 kB[22m
[2mbuild/[22m[36massets/flame-qS8Txj6l.js                                [39m[1m[2m    0.22 kB[22m[1m[22m[2m 鈹?gzip:     0.20 kB[22m
[2mbuild/[22m[36massets/martini-B9gXNxYy.js                              [39m[1m[2m    0.22 kB[22m[1m[22m[2m 鈹?gzip:     0.19 kB[22m
[2mbuild/[22m[36massets/slice-Cx1v-Cg5.js                                [39m[1m[2m    0.22 kB[22m[1m[22m[2m 鈹?gzip:     0.20 kB[22m
[2mbuild/[22m[36massets/square-dot-EudNnime.js                           [39m[1m[2m    0.22 kB[22m[1m[22m[2m 鈹?gzip:     0.20 kB[22m
[2mbuild/[22m[36massets/swiss-franc-Dn7xdS_y.js                          [39m[1m[2m    0.22 kB[22m[1m[22m[2m 鈹?gzip:     0.19 kB[22m
[2mbuild/[22m[36massets/text-align-end-CaCyRpGP.js                       [39m[1m[2m    0.22 kB[22m[1m[22m[2m 鈹?gzip:     0.19 kB[22m
[2mbuild/[22m[36massets/toggle-left-CCW90Yv-.js                          [39m[1m[2m    0.22 kB[22m[1m[22m[2m 鈹?gzip:     0.21 kB[22m
[2mbuild/[22m[36massets/torus-D3GrZlPU.js                                [39m[1m[2m    0.22 kB[22m[1m[22m[2m 鈹?gzip:     0.18 kB[22m
[2mbuild/[22m[36massets/x-line-top-C6GoB4Xd.js                           [39m[1m[2m    0.22 kB[22m[1m[22m[2m 鈹?gzip:     0.19 kB[22m
[2mbuild/[22m[36massets/baseline-B6vRvtx4.js                             [39m[1m[2m    0.22 kB[22m[1m[22m[2m 鈹?gzip:     0.19 kB[22m
[2mbuild/[22m[36massets/square-chevron-up-UuOsuRCr.js                    [39m[1m[2m    0.22 kB[22m[1m[22m[2m 鈹?gzip:     0.21 kB[22m
[2mbuild/[22m[36massets/venus-BcxpOv68.js                                [39m[1m[2m    0.22 kB[22m[1m[22m[2m 鈹?gzip:     0.20 kB[22m
[2mbuild/[22m[36massets/rotate-cw-C0jHWhol.js                            [39m[1m[2m    0.23 kB[22m[1m[22m[2m 鈹?gzip:     0.21 kB[22m
[2mbuild/[22m[36massets/signal-medium-DDrJoZ4Y.js                        [39m[1m[2m    0.23 kB[22m[1m[22m[2m 鈹?gzip:     0.19 kB[22m
[2mbuild/[22m[36massets/square-radical-BycdqSfI.js                       [39m[1m[2m    0.23 kB[22m[1m[22m[2m 鈹?gzip:     0.21 kB[22m
[2mbuild/[22m[36massets/text-align-start-KuRgA9dt.js                     [39m[1m[2m    0.23 kB[22m[1m[22m[2m 鈹?gzip:     0.19 kB[22m
[2mbuild/[22m[36massets/toggle-right-y8GwQoXu.js                         [39m[1m[2m    0.23 kB[22m[1m[22m[2m 鈹?gzip:     0.20 kB[22m
[2mbuild/[22m[36massets/text-align-center-ByzPwhe2.js                    [39m[1m[2m    0.23 kB[22m[1m[22m[2m 鈹?gzip:     0.19 kB[22m
[2mbuild/[22m[36massets/check-line-TCz8NBQC.js                           [39m[1m[2m    0.23 kB[22m[1m[22m[2m 鈹?gzip:     0.19 kB[22m
[2mbuild/[22m[36massets/square-chevron-down-BbR65oXc.js                  [39m[1m[2m    0.23 kB[22m[1m[22m[2m 鈹?gzip:     0.21 kB[22m
[2mbuild/[22m[36massets/square-chevron-left-BAsPKf9w.js                  [39m[1m[2m    0.23 kB[22m[1m[22m[2m 鈹?gzip:     0.21 kB[22m
[2mbuild/[22m[36massets/square-chevron-right-DVR9RCmw.js                 [39m[1m[2m    0.23 kB[22m[1m[22m[2m 鈹?gzip:     0.21 kB[22m
[2mbuild/[22m[36massets/text-align-justify-DzcsYMw7.js                   [39m[1m[2m    0.23 kB[22m[1m[22m[2m 鈹?gzip:     0.19 kB[22m
[2mbuild/[22m[36massets/chart-no-axes-gantt-CmvGerUe.js                  [39m[1m[2m    0.23 kB[22m[1m[22m[2m 鈹?gzip:     0.19 kB[22m
[2mbuild/[22m[36massets/info-hAMbxbqk.js                                 [39m[1m[2m    0.23 kB[22m[1m[22m[2m 鈹?gzip:     0.19 kB[22m
[2mbuild/[22m[36massets/move-diagonal-8Budgn-V.js                        [39m[1m[2m    0.23 kB[22m[1m[22m[2m 鈹?gzip:     0.19 kB[22m
[2mbuild/[22m[36massets/pocket-DDpjfXgs.js                               [39m[1m[2m    0.23 kB[22m[1m[22m[2m 鈹?gzip:     0.20 kB[22m
[2mbuild/[22m[36massets/chart-no-axes-column-BWMV6baa.js                 [39m[1m[2m    0.23 kB[22m[1m[22m[2m 鈹?gzip:     0.19 kB[22m
[2mbuild/[22m[36massets/lock-BxBPf7ci.js                                 [39m[1m[2m    0.23 kB[22m[1m[22m[2m 鈹?gzip:     0.21 kB[22m
[2mbuild/[22m[36massets/radical-BzPbu99-.js                              [39m[1m[2m    0.23 kB[22m[1m[22m[2m 鈹?gzip:     0.22 kB[22m
[2mbuild/[22m[36massets/rail-symbol-BZEZZnF9.js                          [39m[1m[2m    0.23 kB[22m[1m[22m[2m 鈹?gzip:     0.19 kB[22m
[2mbuild/[22m[36massets/arrow-up-to-line-DPQsPoXN.js                     [39m[1m[2m    0.23 kB[22m[1m[22m[2m 鈹?gzip:     0.20 kB[22m
[2mbuild/[22m[36massets/circle-plus-D2hyXXFy.js                          [39m[1m[2m    0.23 kB[22m[1m[22m[2m 鈹?gzip:     0.20 kB[22m
[2mbuild/[22m[36massets/credit-card-C8mSQksC.js                          [39m[1m[2m    0.23 kB[22m[1m[22m[2m 鈹?gzip:     0.21 kB[22m
[2mbuild/[22m[36massets/move-diagonal-2-BYPwe_5m.js                      [39m[1m[2m    0.23 kB[22m[1m[22m[2m 鈹?gzip:     0.20 kB[22m
[2mbuild/[22m[36massets/redo-2-BFp_YqHb.js                               [39m[1m[2m    0.23 kB[22m[1m[22m[2m 鈹?gzip:     0.20 kB[22m
[2mbuild/[22m[36massets/square-slash-6DsGP5nf.js                         [39m[1m[2m    0.23 kB[22m[1m[22m[2m 鈹?gzip:     0.21 kB[22m
[2mbuild/[22m[36massets/arrow-left-to-line-cWTQRQKm.js                   [39m[1m[2m    0.23 kB[22m[1m[22m[2m 鈹?gzip:     0.20 kB[22m
[2mbuild/[22m[36massets/move-vertical-qJJ1MV7T.js                        [39m[1m[2m    0.23 kB[22m[1m[22m[2m 鈹?gzip:     0.20 kB[22m
[2mbuild/[22m[36massets/square-sigma-BDotSw0k.js                         [39m[1m[2m    0.23 kB[22m[1m[22m[2m 鈹?gzip:     0.22 kB[22m
[2mbuild/[22m[36massets/undo-2-DkHFYDLG.js                               [39m[1m[2m    0.23 kB[22m[1m[22m[2m 鈹?gzip:     0.19 kB[22m
[2mbuild/[22m[36massets/arrow-down-to-line-BPyJ6L40.js                   [39m[1m[2m    0.23 kB[22m[1m[22m[2m 鈹?gzip:     0.20 kB[22m
[2mbuild/[22m[36massets/arrow-up-from-line-C4rsdkSI.js                   [39m[1m[2m    0.23 kB[22m[1m[22m[2m 鈹?gzip:     0.20 kB[22m
[2mbuild/[22m[36massets/cone-CdES6o5g.js                                 [39m[1m[2m    0.23 kB[22m[1m[22m[2m 鈹?gzip:     0.21 kB[22m
[2mbuild/[22m[36massets/mars-BsBmTwWK.js                                 [39m[1m[2m    0.23 kB[22m[1m[22m[2m 鈹?gzip:     0.21 kB[22m
[2mbuild/[22m[36massets/rectangle-circle-Dsp_iCd6.js                     [39m[1m[2m    0.23 kB[22m[1m[22m[2m 鈹?gzip:     0.21 kB[22m
[2mbuild/[22m[36massets/spell-check-DyakDpVj.js                          [39m[1m[2m    0.23 kB[22m[1m[22m[2m 鈹?gzip:     0.20 kB[22m
[2mbuild/[22m[36massets/square-parking-3Jy1w4XU.js                       [39m[1m[2m    0.23 kB[22m[1m[22m[2m 鈹?gzip:     0.22 kB[22m
[2mbuild/[22m[36massets/arrow-down-from-line-CKsQI98F.js                 [39m[1m[2m    0.23 kB[22m[1m[22m[2m 鈹?gzip:     0.20 kB[22m
[2mbuild/[22m[36massets/arrow-left-from-line-CxP5hoyC.js                 [39m[1m[2m    0.23 kB[22m[1m[22m[2m 鈹?gzip:     0.20 kB[22m
[2mbuild/[22m[36massets/circle-equal-CRtiGP9F.js                         [39m[1m[2m    0.23 kB[22m[1m[22m[2m 鈹?gzip:     0.19 kB[22m
[2mbuild/[22m[36massets/lock-open-bZIKgp81.js                            [39m[1m[2m    0.23 kB[22m[1m[22m[2m 鈹?gzip:     0.21 kB[22m
[2mbuild/[22m[36massets/move-horizontal-CPaJ_ZN1.js                      [39m[1m[2m    0.23 kB[22m[1m[22m[2m 鈹?gzip:     0.20 kB[22m
[2mbuild/[22m[36massets/square-activity-DC2g4BX3.js                      [39m[1m[2m    0.23 kB[22m[1m[22m[2m 鈹?gzip:     0.22 kB[22m
[2mbuild/[22m[36massets/arrow-right-to-line-DMiG3fiV.js                  [39m[1m[2m    0.24 kB[22m[1m[22m[2m 鈹?gzip:     0.20 kB[22m
[2mbuild/[22m[36massets/pause-B7rl5sFN.js                                [39m[1m[2m    0.24 kB[22m[1m[22m[2m 鈹?gzip:     0.18 kB[22m
[2mbuild/[22m[36massets/arrow-right-from-line-BcZ7DINj.js                [39m[1m[2m    0.24 kB[22m[1m[22m[2m 鈹?gzip:     0.20 kB[22m
[2mbuild/[22m[36massets/droplet-DhpPVg4G.js                              [39m[1m[2m    0.24 kB[22m[1m[22m[2m 鈹?gzip:     0.21 kB[22m
[2mbuild/[22m[36massets/ratio-BsBmUYpl.js                                [39m[1m[2m    0.24 kB[22m[1m[22m[2m 鈹?gzip:     0.20 kB[22m
[2mbuild/[22m[36massets/ungroup-D9q78KDT.js                              [39m[1m[2m    0.24 kB[22m[1m[22m[2m 鈹?gzip:     0.19 kB[22m
[2mbuild/[22m[36massets/asterisk-DTCftbZU.js                             [39m[1m[2m    0.24 kB[22m[1m[22m[2m 鈹?gzip:     0.20 kB[22m
[2mbuild/[22m[36massets/mail-DOuJlZy2.js                                 [39m[1m[2m    0.24 kB[22m[1m[22m[2m 鈹?gzip:     0.22 kB[22m
[2mbuild/[22m[36massets/pill-CVlZJyaI.js                                 [39m[1m[2m    0.24 kB[22m[1m[22m[2m 鈹?gzip:     0.20 kB[22m
[2mbuild/[22m[36massets/tablet-b2igHVi-.js                               [39m[1m[2m    0.24 kB[22m[1m[22m[2m 鈹?gzip:     0.21 kB[22m
[2mbuild/[22m[36massets/separator-vertical-BI-atiLE.js                   [39m[1m[2m    0.24 kB[22m[1m[22m[2m 鈹?gzip:     0.20 kB[22m
[2mbuild/[22m[36massets/captions-B5fQOeB6.js                             [39m[1m[2m    0.24 kB[22m[1m[22m[2m 鈹?gzip:     0.21 kB[22m
[2mbuild/[22m[36massets/git-commit-vertical-BdMXmpOP.js                  [39m[1m[2m    0.24 kB[22m[1m[22m[2m 鈹?gzip:     0.20 kB[22m
[2mbuild/[22m[36massets/pilcrow-CJabtFjm.js                              [39m[1m[2m    0.24 kB[22m[1m[22m[2m 鈹?gzip:     0.20 kB[22m
[2mbuild/[22m[36massets/sigma-D1L-iX-G.js                                [39m[1m[2m    0.24 kB[22m[1m[22m[2m 鈹?gzip:     0.21 kB[22m
[2mbuild/[22m[36massets/flask-round-CuyE_4d5.js                          [39m[1m[2m    0.24 kB[22m[1m[22m[2m 鈹?gzip:     0.20 kB[22m
[2mbuild/[22m[36massets/separator-horizontal-Ct1CB_9p.js                 [39m[1m[2m    0.24 kB[22m[1m[22m[2m 鈹?gzip:     0.20 kB[22m
[2mbuild/[22m[36massets/square-stop-DZBUncfC.js                          [39m[1m[2m    0.24 kB[22m[1m[22m[2m 鈹?gzip:     0.20 kB[22m
[2mbuild/[22m[36massets/table-2-DitrB9H_.js                              [39m[1m[2m    0.24 kB[22m[1m[22m[2m 鈹?gzip:     0.20 kB[22m
[2mbuild/[22m[36massets/album-C78v14uc.js                                [39m[1m[2m    0.24 kB[22m[1m[22m[2m 鈹?gzip:     0.21 kB[22m
[2mbuild/[22m[36massets/chart-no-axes-column-decreasing-B3AaFJ-O.js      [39m[1m[2m    0.24 kB[22m[1m[22m[2m 鈹?gzip:     0.21 kB[22m
[2mbuild/[22m[36massets/chart-no-axes-column-increasing-Ci3SH7yI.js      [39m[1m[2m    0.24 kB[22m[1m[22m[2m 鈹?gzip:     0.21 kB[22m
[2mbuild/[22m[36massets/chart-spline-mrkTgSow.js                         [39m[1m[2m    0.24 kB[22m[1m[22m[2m 鈹?gzip:     0.22 kB[22m
[2mbuild/[22m[36massets/disc-2-vi-z7hjj.js                               [39m[1m[2m    0.24 kB[22m[1m[22m[2m 鈹?gzip:     0.19 kB[22m
[2mbuild/[22m[36massets/laptop-minimal-DE2WsbkP.js                       [39m[1m[2m    0.24 kB[22m[1m[22m[2m 鈹?gzip:     0.21 kB[22m
[2mbuild/[22m[36massets/moon-W8j_FhbF.js                                 [39m[1m[2m    0.24 kB[22m[1m[22m[2m 鈹?gzip:     0.22 kB[22m
[2mbuild/[22m[36massets/square-square-C6sz4zH3.js                        [39m[1m[2m    0.24 kB[22m[1m[22m[2m 鈹?gzip:     0.19 kB[22m
[2mbuild/[22m[36massets/turkish-lira-Dg4aHFYx.js                         [39m[1m[2m    0.24 kB[22m[1m[22m[2m 鈹?gzip:     0.20 kB[22m
[2mbuild/[22m[36massets/arrow-up-from-dot-C3RKpPyE.js                    [39m[1m[2m    0.24 kB[22m[1m[22m[2m 鈹?gzip:     0.21 kB[22m
[2mbuild/[22m[36massets/dock-COKkvGHl.js                                 [39m[1m[2m    0.24 kB[22m[1m[22m[2m 鈹?gzip:     0.21 kB[22m
[2mbuild/[22m[36massets/arrow-down-to-dot-DDm06HJS.js                    [39m[1m[2m    0.24 kB[22m[1m[22m[2m 鈹?gzip:     0.21 kB[22m
[2mbuild/[22m[36massets/circle-arrow-down-DIgF25Yf.js                    [39m[1m[2m    0.24 kB[22m[1m[22m[2m 鈹?gzip:     0.21 kB[22m
[2mbuild/[22m[36massets/circle-arrow-up-DnEzjq1K.js                      [39m[1m[2m    0.24 kB[22m[1m[22m[2m 鈹?gzip:     0.21 kB[22m
[2mbuild/[22m[36massets/dollar-sign-DqyiJCfP.js                          [39m[1m[2m    0.24 kB[22m[1m[22m[2m 鈹?gzip:     0.21 kB[22m
[2mbuild/[22m[36massets/music-B35UoVrA.js                                [39m[1m[2m    0.24 kB[22m[1m[22m[2m 鈹?gzip:     0.21 kB[22m
[2mbuild/[22m[36massets/audio-waveform-Drire635.js                       [39m[1m[2m    0.24 kB[22m[1m[22m[2m 鈹?gzip:     0.19 kB[22m
[2mbuild/[22m[36massets/brackets-BEb1sY_O.js                             [39m[1m[2m    0.24 kB[22m[1m[22m[2m 鈹?gzip:     0.20 kB[22m
[2mbuild/[22m[36massets/briefcase-C3ZMUiwv.js                            [39m[1m[2m    0.24 kB[22m[1m[22m[2m 鈹?gzip:     0.22 kB[22m
[2mbuild/[22m[36massets/circle-arrow-left-CsODXQwA.js                    [39m[1m[2m    0.24 kB[22m[1m[22m[2m 鈹?gzip:     0.21 kB[22m
[2mbuild/[22m[36massets/cloud-lightning-DU0ZH66f.js                      [39m[1m[2m    0.24 kB[22m[1m[22m[2m 鈹?gzip:     0.22 kB[22m
[2mbuild/[22m[36massets/rows-3-DalP2hXL.js                               [39m[1m[2m    0.24 kB[22m[1m[22m[2m 鈹?gzip:     0.21 kB[22m
[2mbuild/[22m[36massets/search-check-C7ffStak.js                         [39m[1m[2m    0.24 kB[22m[1m[22m[2m 鈹?gzip:     0.21 kB[22m
[2mbuild/[22m[36massets/search-slash-CfGsmSIW.js                         [39m[1m[2m    0.24 kB[22m[1m[22m[2m 鈹?gzip:     0.21 kB[22m
[2mbuild/[22m[36massets/type-JQLYNr9n.js                                 [39m[1m[2m    0.24 kB[22m[1m[22m[2m 鈹?gzip:     0.20 kB[22m
[2mbuild/[22m[36massets/circle-arrow-right-BGv1f7NF.js                   [39m[1m[2m    0.25 kB[22m[1m[22m[2m 鈹?gzip:     0.20 kB[22m
[2mbuild/[22m[36massets/highlighter-BF7shNd-.js                          [39m[1m[2m    0.25 kB[22m[1m[22m[2m 鈹?gzip:     0.22 kB[22m
[2mbuild/[22m[36massets/grid-2x2-dF63Z9we.js                             [39m[1m[2m    0.25 kB[22m[1m[22m[2m 鈹?gzip:     0.21 kB[22m
[2mbuild/[22m[36massets/japanese-yen-IE_kqQ_R.js                         [39m[1m[2m    0.25 kB[22m[1m[22m[2m 鈹?gzip:     0.21 kB[22m
[2mbuild/[22m[36massets/smartphone-charging-BUeU8jL4.js                  [39m[1m[2m    0.25 kB[22m[1m[22m[2m 鈹?gzip:     0.22 kB[22m
[2mbuild/[22m[36massets/stretch-vertical-bIk9N68p.js                     [39m[1m[2m    0.25 kB[22m[1m[22m[2m 鈹?gzip:     0.19 kB[22m
[2mbuild/[22m[36massets/columns-3-DibhrphI.js                            [39m[1m[2m    0.25 kB[22m[1m[22m[2m 鈹?gzip:     0.21 kB[22m
[2mbuild/[22m[36massets/reply-all-wt49v-K7.js                            [39m[1m[2m    0.25 kB[22m[1m[22m[2m 鈹?gzip:     0.20 kB[22m
[2mbuild/[22m[36massets/beaker-DLsR6CcV.js                               [39m[1m[2m    0.25 kB[22m[1m[22m[2m 鈹?gzip:     0.20 kB[22m
[2mbuild/[22m[36massets/cloud-check-UItLjSv8.js                          [39m[1m[2m    0.25 kB[22m[1m[22m[2m 鈹?gzip:     0.22 kB[22m
[2mbuild/[22m[36massets/rss-CMPz9dnG.js                                  [39m[1m[2m    0.25 kB[22m[1m[22m[2m 鈹?gzip:     0.21 kB[22m
[2mbuild/[22m[36massets/square-plus-BSRk9leE.js                          [39m[1m[2m    0.25 kB[22m[1m[22m[2m 鈹?gzip:     0.21 kB[22m
[2mbuild/[22m[36massets/stretch-horizontal-DeUK-aRy.js                   [39m[1m[2m    0.25 kB[22m[1m[22m[2m 鈹?gzip:     0.19 kB[22m
[2mbuild/[22m[36massets/touchpad-B875Ay9t.js                             [39m[1m[2m    0.25 kB[22m[1m[22m[2m 鈹?gzip:     0.21 kB[22m
[2mbuild/[22m[36massets/undo-dot-D9fgQgo7.js                             [39m[1m[2m    0.25 kB[22m[1m[22m[2m 鈹?gzip:     0.22 kB[22m
[2mbuild/[22m[36massets/bluetooth-off-BtT6AzXs.js                        [39m[1m[2m    0.25 kB[22m[1m[22m[2m 鈹?gzip:     0.21 kB[22m
[2mbuild/[22m[36massets/circle-arrow-out-up-left-DggJCHos.js             [39m[1m[2m    0.25 kB[22m[1m[22m[2m 鈹?gzip:     0.21 kB[22m
[2mbuild/[22m[36massets/ellipsis-B-Stooqa.js                             [39m[1m[2m    0.25 kB[22m[1m[22m[2m 鈹?gzip:     0.18 kB[22m
[2mbuild/[22m[36massets/lens-concave-BoMCm63S.js                         [39m[1m[2m    0.25 kB[22m[1m[22m[2m 鈹?gzip:     0.21 kB[22m
[2mbuild/[22m[36massets/merge-RiSXEmcM.js                                [39m[1m[2m    0.25 kB[22m[1m[22m[2m 鈹?gzip:     0.21 kB[22m
[2mbuild/[22m[36massets/spline-zEN10dAF.js                               [39m[1m[2m    0.25 kB[22m[1m[22m[2m 鈹?gzip:     0.21 kB[22m
[2mbuild/[22m[36massets/target-UP1uCoD8.js                               [39m[1m[2m    0.25 kB[22m[1m[22m[2m 鈹?gzip:     0.18 kB[22m
[2mbuild/[22m[36massets/airplay-UhtaX6XF.js                              [39m[1m[2m    0.25 kB[22m[1m[22m[2m 鈹?gzip:     0.21 kB[22m
[2mbuild/[22m[36massets/battery-low-CZXrd7xn.js                          [39m[1m[2m    0.25 kB[22m[1m[22m[2m 鈹?gzip:     0.21 kB[22m
[2mbuild/[22m[36massets/square-equal-knqbcBkZ.js                         [39m[1m[2m    0.25 kB[22m[1m[22m[2m 鈹?gzip:     0.21 kB[22m
[2mbuild/[22m[36massets/folder-CdFIGY7F.js                               [39m[1m[2m    0.25 kB[22m[1m[22m[2m 鈹?gzip:     0.21 kB[22m
[2mbuild/[22m[36massets/git-merge-CtqyMvYv.js                            [39m[1m[2m    0.25 kB[22m[1m[22m[2m 鈹?gzip:     0.21 kB[22m
[2mbuild/[22m[36massets/panels-top-left-Bl936baz.js                      [39m[1m[2m    0.25 kB[22m[1m[22m[2m 鈹?gzip:     0.22 kB[22m
[2mbuild/[22m[36massets/square-round-corner-X_amszxP.js                  [39m[1m[2m    0.25 kB[22m[1m[22m[2m 鈹?gzip:     0.21 kB[22m
[2mbuild/[22m[36massets/tally-4-DdJKHqyf.js                              [39m[1m[2m    0.25 kB[22m[1m[22m[2m 鈹?gzip:     0.18 kB[22m
[2mbuild/[22m[36massets/share-C6Phaiez.js                                [39m[1m[2m    0.25 kB[22m[1m[22m[2m 鈹?gzip:     0.20 kB[22m
[2mbuild/[22m[36massets/square-check-big-CCZmyEbe.js                     [39m[1m[2m    0.25 kB[22m[1m[22m[2m 鈹?gzip:     0.22 kB[22m
[2mbuild/[22m[36massets/user-round-minus-BHhUTb8R.js                     [39m[1m[2m    0.25 kB[22m[1m[22m[2m 鈹?gzip:     0.22 kB[22m
[2mbuild/[22m[36massets/bookmark-C8bpQioK.js                             [39m[1m[2m    0.25 kB[22m[1m[22m[2m 鈹?gzip:     0.22 kB[22m
[2mbuild/[22m[36massets/circle-arrow-out-up-right-oq8e6eeO.js            [39m[1m[2m    0.25 kB[22m[1m[22m[2m 鈹?gzip:     0.21 kB[22m
[2mbuild/[22m[36massets/circle-power-DWIeX2br.js                         [39m[1m[2m    0.25 kB[22m[1m[22m[2m 鈹?gzip:     0.22 kB[22m
[2mbuild/[22m[36massets/clock-check-CYzwZXUM.js                          [39m[1m[2m    0.25 kB[22m[1m[22m[2m 鈹?gzip:     0.22 kB[22m
[2mbuild/[22m[36massets/dice-2-DpQ3_QEd.js                               [39m[1m[2m    0.25 kB[22m[1m[22m[2m 鈹?gzip:     0.21 kB[22m
[2mbuild/[22m[36massets/gallery-vertical-BdjLD2gy.js                     [39m[1m[2m    0.25 kB[22m[1m[22m[2m 鈹?gzip:     0.22 kB[22m
[2mbuild/[22m[36massets/library-BOk5eK72.js                              [39m[1m[2m    0.25 kB[22m[1m[22m[2m 鈹?gzip:     0.20 kB[22m
[2mbuild/[22m[36massets/log-out-D1wL_FIv.js                              [39m[1m[2m    0.25 kB[22m[1m[22m[2m 鈹?gzip:     0.21 kB[22m
[2mbuild/[22m[36massets/omega-D7vUYZb1.js                                [39m[1m[2m    0.25 kB[22m[1m[22m[2m 鈹?gzip:     0.22 kB[22m
[2mbuild/[22m[36massets/section-Dyy8l9ic.js                              [39m[1m[2m    0.25 kB[22m[1m[22m[2m 鈹?gzip:     0.20 kB[22m
[2mbuild/[22m[36massets/upload-MV0jC6KL.js                               [39m[1m[2m    0.25 kB[22m[1m[22m[2m 鈹?gzip:     0.21 kB[22m
[2mbuild/[22m[36massets/vote-CF4tpOOF.js                                 [39m[1m[2m    0.25 kB[22m[1m[22m[2m 鈹?gzip:     0.22 kB[22m
[2mbuild/[22m[36massets/wallet-minimal-CG49PvOD.js                       [39m[1m[2m    0.25 kB[22m[1m[22m[2m 鈹?gzip:     0.21 kB[22m
[2mbuild/[22m[36massets/divide-I1J1WHk9.js                               [39m[1m[2m    0.26 kB[22m[1m[22m[2m 鈹?gzip:     0.21 kB[22m
[2mbuild/[22m[36massets/gallery-horizontal-BbQseCHW.js                   [39m[1m[2m    0.26 kB[22m[1m[22m[2m 鈹?gzip:     0.22 kB[22m
[2mbuild/[22m[36massets/log-in-CXHmDOGK.js                               [39m[1m[2m    0.26 kB[22m[1m[22m[2m 鈹?gzip:     0.21 kB[22m
[2mbuild/[22m[36massets/rainbow-BfyQt6ou.js                              [39m[1m[2m    0.26 kB[22m[1m[22m[2m 鈹?gzip:     0.20 kB[22m
[2mbuild/[22m[36massets/square-x-ByiPqhQv.js                             [39m[1m[2m    0.26 kB[22m[1m[22m[2m 鈹?gzip:     0.22 kB[22m
[2mbuild/[22m[36massets/text-quote-CpsrpAEF.js                           [39m[1m[2m    0.26 kB[22m[1m[22m[2m 鈹?gzip:     0.20 kB[22m
[2mbuild/[22m[36massets/circle-arrow-out-down-left-Gcmy1Mnp.js           [39m[1m[2m    0.26 kB[22m[1m[22m[2m 鈹?gzip:     0.22 kB[22m
[2mbuild/[22m[36massets/club-byKm_EC_.js                                 [39m[1m[2m    0.26 kB[22m[1m[22m[2m 鈹?gzip:     0.21 kB[22m
[2mbuild/[22m[36massets/door-closed-C5-0Co7S.js                          [39m[1m[2m    0.26 kB[22m[1m[22m[2m 鈹?gzip:     0.21 kB[22m
[2mbuild/[22m[36massets/hdmi-port-B2CKj8dW.js                            [39m[1m[2m    0.26 kB[22m[1m[22m[2m 鈹?gzip:     0.21 kB[22m
[2mbuild/[22m[36massets/hexagon-BvktVkjf.js                              [39m[1m[2m    0.26 kB[22m[1m[22m[2m 鈹?gzip:     0.20 kB[22m
[2mbuild/[22m[36massets/panels-left-bottom-DnaT-KMU.js                   [39m[1m[2m    0.26 kB[22m[1m[22m[2m 鈹?gzip:     0.22 kB[22m
[2mbuild/[22m[36massets/philippine-peso-5DQAQvqI.js                      [39m[1m[2m    0.26 kB[22m[1m[22m[2m 鈹?gzip:     0.21 kB[22m
[2mbuild/[22m[36massets/wifi-high-BsdM9Qoy.js                            [39m[1m[2m    0.26 kB[22m[1m[22m[2m 鈹?gzip:     0.21 kB[22m
[2mbuild/[22m[36massets/ear-0oZjvnxU.js                                  [39m[1m[2m    0.26 kB[22m[1m[22m[2m 鈹?gzip:     0.22 kB[22m
[2mbuild/[22m[36massets/equal-approximately-DRhmmNrm.js                  [39m[1m[2m    0.26 kB[22m[1m[22m[2m 鈹?gzip:     0.19 kB[22m
[2mbuild/[22m[36massets/gallery-vertical-end-Dj3AW6ws.js                 [39m[1m[2m    0.26 kB[22m[1m[22m[2m 鈹?gzip:     0.22 kB[22m
[2mbuild/[22m[36massets/list-minus-BVOYk8HH.js                           [39m[1m[2m    0.26 kB[22m[1m[22m[2m 鈹?gzip:     0.20 kB[22m
[2mbuild/[22m[36massets/message-square-CfD6-_wt.js                       [39m[1m[2m    0.26 kB[22m[1m[22m[2m 鈹?gzip:     0.22 kB[22m
[2mbuild/[22m[36massets/paperclip-DLSaYAJv.js                            [39m[1m[2m    0.26 kB[22m[1m[22m[2m 鈹?gzip:     0.22 kB[22m
[2mbuild/[22m[36massets/activity-QsMA1GRk.js                             [39m[1m[2m    0.26 kB[22m[1m[22m[2m 鈹?gzip:     0.22 kB[22m
[2mbuild/[22m[36massets/heading-1-iixCARy6.js                            [39m[1m[2m    0.26 kB[22m[1m[22m[2m 鈹?gzip:     0.20 kB[22m
[2mbuild/[22m[36massets/mountain-snow-B6bxEQGR.js                        [39m[1m[2m    0.26 kB[22m[1m[22m[2m 鈹?gzip:     0.23 kB[22m
[2mbuild/[22m[36massets/panel-left-open-Cnj6UvEc.js                      [39m[1m[2m    0.26 kB[22m[1m[22m[2m 鈹?gzip:     0.22 kB[22m
[2mbuild/[22m[36massets/panel-top-close-RYN0j6ST.js                      [39m[1m[2m    0.26 kB[22m[1m[22m[2m 鈹?gzip:     0.22 kB[22m
[2mbuild/[22m[36massets/panel-top-open-CFwWQlvG.js                       [39m[1m[2m    0.26 kB[22m[1m[22m[2m 鈹?gzip:     0.22 kB[22m
[2mbuild/[22m[36massets/panels-right-bottom-Prdu5NJQ.js                  [39m[1m[2m    0.26 kB[22m[1m[22m[2m 鈹?gzip:     0.22 kB[22m
[2mbuild/[22m[36massets/presentation-bphJUR_X.js                         [39m[1m[2m    0.26 kB[22m[1m[22m[2m 鈹?gzip:     0.21 kB[22m
[2mbuild/[22m[36massets/user-round-check-DkI-w5fZ.js                     [39m[1m[2m    0.26 kB[22m[1m[22m[2m 鈹?gzip:     0.23 kB[22m
[2mbuild/[22m[36massets/voicemail-BGEmt6MS.js                            [39m[1m[2m    0.26 kB[22m[1m[22m[2m 鈹?gzip:     0.20 kB[22m
[2mbuild/[22m[36massets/ellipsis-vertical--kTVAk3g.js                    [39m[1m[2m    0.26 kB[22m[1m[22m[2m 鈹?gzip:     0.19 kB[22m
[2mbuild/[22m[36massets/mic-CbpEqhXZ.js                                  [39m[1m[2m    0.26 kB[22m[1m[22m[2m 鈹?gzip:     0.22 kB[22m
[2mbuild/[22m[36massets/mirror-rectangular-BNb0ylHe.js                   [39m[1m[2m    0.26 kB[22m[1m[22m[2m 鈹?gzip:     0.22 kB[22m
[2mbuild/[22m[36massets/pen-DKmW3Dwn.js                                  [39m[1m[2m    0.26 kB[22m[1m[22m[2m 鈹?gzip:     0.22 kB[22m
[2mbuild/[22m[36massets/book-minus-BXZAnTRp.js                           [39m[1m[2m    0.26 kB[22m[1m[22m[2m 鈹?gzip:     0.22 kB[22m
[2mbuild/[22m[36massets/circle-arrow-out-down-right-psRQJMJW.js          [39m[1m[2m    0.26 kB[22m[1m[22m[2m 鈹?gzip:     0.21 kB[22m
[2mbuild/[22m[36massets/copy-sHE6TX58.js                                 [39m[1m[2m    0.26 kB[22m[1m[22m[2m 鈹?gzip:     0.23 kB[22m
[2mbuild/[22m[36massets/gallery-horizontal-end-Dpi_qz8z.js               [39m[1m[2m    0.26 kB[22m[1m[22m[2m 鈹?gzip:     0.23 kB[22m
[2mbuild/[22m[36massets/panel-left-close-BDhDaMuQ.js                     [39m[1m[2m    0.26 kB[22m[1m[22m[2m 鈹?gzip:     0.22 kB[22m
[2mbuild/[22m[36massets/panel-right-close-C3B9kEo_.js                    [39m[1m[2m    0.26 kB[22m[1m[22m[2m 鈹?gzip:     0.22 kB[22m
[2mbuild/[22m[36massets/pi-8HYCfRzY.js                                   [39m[1m[2m    0.26 kB[22m[1m[22m[2m 鈹?gzip:     0.22 kB[22m
[2mbuild/[22m[36massets/signal-high-CFIswlGm.js                          [39m[1m[2m    0.26 kB[22m[1m[22m[2m 鈹?gzip:     0.20 kB[22m
[2mbuild/[22m[36massets/square-arrow-down-BcSQGdy8.js                    [39m[1m[2m    0.26 kB[22m[1m[22m[2m 鈹?gzip:     0.22 kB[22m
[2mbuild/[22m[36massets/square-arrow-up-DUwhwfza.js                      [39m[1m[2m    0.26 kB[22m[1m[22m[2m 鈹?gzip:     0.22 kB[22m
[2mbuild/[22m[36massets/square-code-CNm283xQ.js                          [39m[1m[2m    0.26 kB[22m[1m[22m[2m 鈹?gzip:     0.22 kB[22m
[2mbuild/[22m[36massets/annoyed-BJLdgPIz.js                              [39m[1m[2m    0.26 kB[22m[1m[22m[2m 鈹?gzip:     0.20 kB[22m
[2mbuild/[22m[36massets/circle-gauge-BRDN8G2s.js                         [39m[1m[2m    0.26 kB[22m[1m[22m[2m 鈹?gzip:     0.22 kB[22m
[2mbuild/[22m[36massets/headphones-COGY3g-w.js                           [39m[1m[2m    0.26 kB[22m[1m[22m[2m 鈹?gzip:     0.20 kB[22m
[2mbuild/[22m[36massets/history-BmpEGJNU.js                              [39m[1m[2m    0.26 kB[22m[1m[22m[2m 鈹?gzip:     0.22 kB[22m
[2mbuild/[22m[36massets/panel-bottom-open-CfPyKsjT.js                    [39m[1m[2m    0.26 kB[22m[1m[22m[2m 鈹?gzip:     0.22 kB[22m
[2mbuild/[22m[36massets/panel-right-open-vWSHOSfF.js                     [39m[1m[2m    0.26 kB[22m[1m[22m[2m 鈹?gzip:     0.22 kB[22m
[2mbuild/[22m[36massets/skip-back-Bis9KLju.js                            [39m[1m[2m    0.26 kB[22m[1m[22m[2m 鈹?gzip:     0.23 kB[22m
[2mbuild/[22m[36massets/skip-forward-Df88KV5R.js                         [39m[1m[2m    0.26 kB[22m[1m[22m[2m 鈹?gzip:     0.22 kB[22m
[2mbuild/[22m[36massets/square-arrow-left-DUY7wKEx.js                    [39m[1m[2m    0.26 kB[22m[1m[22m[2m 鈹?gzip:     0.22 kB[22m
[2mbuild/[22m[36massets/square-arrow-up-right-B4j_-Ta_.js                [39m[1m[2m    0.26 kB[22m[1m[22m[2m 鈹?gzip:     0.22 kB[22m
[2mbuild/[22m[36massets/disc-album-CW2kq7Bk.js                           [39m[1m[2m    0.26 kB[22m[1m[22m[2m 鈹?gzip:     0.22 kB[22m
[2mbuild/[22m[36massets/list-check-Bdar6okR.js                           [39m[1m[2m    0.26 kB[22m[1m[22m[2m 鈹?gzip:     0.20 kB[22m
[2mbuild/[22m[36massets/maximize-2-CG7tk6Bt.js                           [39m[1m[2m    0.26 kB[22m[1m[22m[2m 鈹?gzip:     0.21 kB[22m
[2mbuild/[22m[36massets/panel-bottom-close-Cs3m2cGo.js                   [39m[1m[2m    0.26 kB[22m[1m[22m[2m 鈹?gzip:     0.22 kB[22m
[2mbuild/[22m[36massets/shell-DTFeW_Ri.js                                [39m[1m[2m    0.26 kB[22m[1m[22m[2m 鈹?gzip:     0.21 kB[22m
[2mbuild/[22m[36massets/square-arrow-right-CyQJyVCZ.js                   [39m[1m[2m    0.26 kB[22m[1m[22m[2m 鈹?gzip:     0.22 kB[22m
[2mbuild/[22m[36massets/square-arrow-up-left-C6XvDmlu.js                 [39m[1m[2m    0.26 kB[22m[1m[22m[2m 鈹?gzip:     0.22 kB[22m
[2mbuild/[22m[36massets/step-back-Ck6QLabB.js                            [39m[1m[2m    0.26 kB[22m[1m[22m[2m 鈹?gzip:     0.23 kB[22m
[2mbuild/[22m[36massets/step-forward-NE6OrLQ-.js                         [39m[1m[2m    0.26 kB[22m[1m[22m[2m 鈹?gzip:     0.22 kB[22m
[2mbuild/[22m[36massets/timer-otDqLOj5.js                                [39m[1m[2m    0.26 kB[22m[1m[22m[2m 鈹?gzip:     0.20 kB[22m
[2mbuild/[22m[36massets/ampersand-DzGYGHQ4.js                            [39m[1m[2m    0.26 kB[22m[1m[22m[2m 鈹?gzip:     0.23 kB[22m
[2mbuild/[22m[36massets/bed-CK8NDI0g.js                                  [39m[1m[2m    0.26 kB[22m[1m[22m[2m 鈹?gzip:     0.20 kB[22m
[2mbuild/[22m[36massets/circle-user-round-CRUpVKUj.js                    [39m[1m[2m    0.26 kB[22m[1m[22m[2m 鈹?gzip:     0.21 kB[22m
[2mbuild/[22m[36massets/square-arrow-down-right-72nT01O-.js              [39m[1m[2m    0.26 kB[22m[1m[22m[2m 鈹?gzip:     0.22 kB[22m
[2mbuild/[22m[36massets/align-vertical-space-around-BaRksDM4.js          [39m[1m[2m    0.26 kB[22m[1m[22m[2m 鈹?gzip:     0.22 kB[22m
[2mbuild/[22m[36massets/cloudy-m2k9uuDR.js                               [39m[1m[2m    0.26 kB[22m[1m[22m[2m 鈹?gzip:     0.23 kB[22m
[2mbuild/[22m[36massets/laptop-minimal-check-_p3DzQNW.js                 [39m[1m[2m    0.26 kB[22m[1m[22m[2m 鈹?gzip:     0.23 kB[22m
[2mbuild/[22m[36massets/minimize-2-DgrrTEfi.js                           [39m[1m[2m    0.26 kB[22m[1m[22m[2m 鈹?gzip:     0.21 kB[22m
[2mbuild/[22m[36massets/redo-dot-DH4rmXZx.js                             [39m[1m[2m    0.26 kB[22m[1m[22m[2m 鈹?gzip:     0.22 kB[22m
[2mbuild/[22m[36massets/square-arrow-down-left-D24-wOOL.js               [39m[1m[2m    0.26 kB[22m[1m[22m[2m 鈹?gzip:     0.23 kB[22m
[2mbuild/[22m[36massets/message-circle-N2rA_HI0.js                       [39m[1m[2m    0.27 kB[22m[1m[22m[2m 鈹?gzip:     0.23 kB[22m
[2mbuild/[22m[36massets/popsicle-BHWIJxcF.js                             [39m[1m[2m    0.27 kB[22m[1m[22m[2m 鈹?gzip:     0.23 kB[22m
[2mbuild/[22m[36massets/proportions-Z87uvLdP.js                          [39m[1m[2m    0.27 kB[22m[1m[22m[2m 鈹?gzip:     0.22 kB[22m
[2mbuild/[22m[36massets/align-horizontal-space-around-D0QAyGLQ.js        [39m[1m[2m    0.27 kB[22m[1m[22m[2m 鈹?gzip:     0.23 kB[22m
[2mbuild/[22m[36massets/globe-BAFN_QbX.js                                [39m[1m[2m    0.27 kB[22m[1m[22m[2m 鈹?gzip:     0.21 kB[22m
[2mbuild/[22m[36massets/link-2-BWcdbdg9.js                               [39m[1m[2m    0.27 kB[22m[1m[22m[2m 鈹?gzip:     0.22 kB[22m
[2mbuild/[22m[36massets/percent-DEPr7AE_.js                              [39m[1m[2m    0.27 kB[22m[1m[22m[2m 鈹?gzip:     0.21 kB[22m
[2mbuild/[22m[36massets/square-terminal-BHxpVPAg.js                      [39m[1m[2m    0.27 kB[22m[1m[22m[2m 鈹?gzip:     0.22 kB[22m
[2mbuild/[22m[36massets/book-check-DfJr4NyM.js                           [39m[1m[2m    0.27 kB[22m[1m[22m[2m 鈹?gzip:     0.22 kB[22m
[2mbuild/[22m[36massets/cloud-fog-Yl7RKZ5V.js                            [39m[1m[2m    0.27 kB[22m[1m[22m[2m 鈹?gzip:     0.22 kB[22m
[2mbuild/[22m[36massets/database-BTbuNB8v.js                             [39m[1m[2m    0.27 kB[22m[1m[22m[2m 鈹?gzip:     0.22 kB[22m
[2mbuild/[22m[36massets/move-3d-C0Aj72q4.js                              [39m[1m[2m    0.27 kB[22m[1m[22m[2m 鈹?gzip:     0.21 kB[22m
[2mbuild/[22m[36massets/user-check-Cud2UGSt.js                           [39m[1m[2m    0.27 kB[22m[1m[22m[2m 鈹?gzip:     0.23 kB[22m
[2mbuild/[22m[36massets/diamond-BDCNRbff.js                              [39m[1m[2m    0.27 kB[22m[1m[22m[2m 鈹?gzip:     0.19 kB[22m
[2mbuild/[22m[36massets/italic-DIFXg5r0.js                               [39m[1m[2m    0.27 kB[22m[1m[22m[2m 鈹?gzip:     0.20 kB[22m
[2mbuild/[22m[36massets/lasso-BkHewMu3.js                                [39m[1m[2m    0.27 kB[22m[1m[22m[2m 鈹?gzip:     0.23 kB[22m
[2mbuild/[22m[36massets/arrow-down-up-CEO0Pfia.js                        [39m[1m[2m    0.27 kB[22m[1m[22m[2m 鈹?gzip:     0.21 kB[22m
[2mbuild/[22m[36massets/arrow-up-down-BBaSODHG.js                        [39m[1m[2m    0.27 kB[22m[1m[22m[2m 鈹?gzip:     0.21 kB[22m
[2mbuild/[22m[36massets/banknote-DESMJYGV.js                             [39m[1m[2m    0.27 kB[22m[1m[22m[2m 鈹?gzip:     0.23 kB[22m
[2mbuild/[22m[36massets/bluetooth-searching-D56h_yzu.js                  [39m[1m[2m    0.27 kB[22m[1m[22m[2m 鈹?gzip:     0.23 kB[22m
[2mbuild/[22m[36massets/chart-bar-BElj3AA_.js                            [39m[1m[2m    0.27 kB[22m[1m[22m[2m 鈹?gzip:     0.21 kB[22m
[2mbuild/[22m[36massets/vibrate-BBSfBp1w.js                              [39m[1m[2m    0.27 kB[22m[1m[22m[2m 鈹?gzip:     0.22 kB[22m
[2mbuild/[22m[36massets/circle-pause-Bm2pQmdx.js                         [39m[1m[2m    0.27 kB[22m[1m[22m[2m 鈹?gzip:     0.20 kB[22m
[2mbuild/[22m[36massets/equal-not-CYcx8wpU.js                            [39m[1m[2m    0.27 kB[22m[1m[22m[2m 鈹?gzip:     0.20 kB[22m
[2mbuild/[22m[36massets/square-power-X9yy5pLw.js                         [39m[1m[2m    0.27 kB[22m[1m[22m[2m 鈹?gzip:     0.23 kB[22m
[2mbuild/[22m[36massets/twitter-Ce4Kk5yo.js                              [39m[1m[2m    0.27 kB[22m[1m[22m[2m 鈹?gzip:     0.23 kB[22m
[2mbuild/[22m[36massets/wind-DH1tLG-p.js                                 [39m[1m[2m    0.27 kB[22m[1m[22m[2m 鈹?gzip:     0.22 kB[22m
[2mbuild/[22m[36massets/book-marked-CLJPNuyY.js                          [39m[1m[2m    0.27 kB[22m[1m[22m[2m 鈹?gzip:     0.23 kB[22m
[2mbuild/[22m[36massets/non-binary-D1vk8yhd.js                           [39m[1m[2m    0.27 kB[22m[1m[22m[2m 鈹?gzip:     0.22 kB[22m
[2mbuild/[22m[36massets/picture-in-picture-2-BcQONNkw.js                 [39m[1m[2m    0.27 kB[22m[1m[22m[2m 鈹?gzip:     0.23 kB[22m
[2mbuild/[22m[36massets/strikethrough-DqJ55dSL.js                        [39m[1m[2m    0.27 kB[22m[1m[22m[2m 鈹?gzip:     0.23 kB[22m
[2mbuild/[22m[36massets/arrow-left-right-C5ttb-jW.js                     [39m[1m[2m    0.27 kB[22m[1m[22m[2m 鈹?gzip:     0.22 kB[22m
[2mbuild/[22m[36massets/arrow-right-left-bk0Vp07G.js                     [39m[1m[2m    0.27 kB[22m[1m[22m[2m 鈹?gzip:     0.22 kB[22m
[2mbuild/[22m[36massets/chart-gantt-BfKOB_jk.js                          [39m[1m[2m    0.27 kB[22m[1m[22m[2m 鈹?gzip:     0.21 kB[22m
[2mbuild/[22m[36massets/circle-dollar-sign-B6ZIvjkB.js                   [39m[1m[2m    0.27 kB[22m[1m[22m[2m 鈹?gzip:     0.22 kB[22m
[2mbuild/[22m[36massets/circle-question-mark-BKrhXGwy.js                 [39m[1m[2m    0.27 kB[22m[1m[22m[2m 鈹?gzip:     0.23 kB[22m
[2mbuild/[22m[36massets/cloud-alert-CdaFAC6Z.js                          [39m[1m[2m    0.27 kB[22m[1m[22m[2m 鈹?gzip:     0.23 kB[22m
[2mbuild/[22m[36massets/goal-BHqqsKLg.js                                 [39m[1m[2m    0.27 kB[22m[1m[22m[2m 鈹?gzip:     0.23 kB[22m
[2mbuild/[22m[36massets/mouse-left-B_hXs1pd.js                           [39m[1m[2m    0.27 kB[22m[1m[22m[2m 鈹?gzip:     0.23 kB[22m
[2mbuild/[22m[36massets/video-vSxHHcxz.js                                [39m[1m[2m    0.27 kB[22m[1m[22m[2m 鈹?gzip:     0.24 kB[22m
[2mbuild/[22m[36massets/zoom-out-B-yN03LQ.js                             [39m[1m[2m    0.27 kB[22m[1m[22m[2m 鈹?gzip:     0.21 kB[22m
[2mbuild/[22m[36massets/circle-off-B4q-ZI98.js                           [39m[1m[2m    0.27 kB[22m[1m[22m[2m 鈹?gzip:     0.22 kB[22m
[2mbuild/[22m[36massets/donut-Cv--KouX.js                                [39m[1m[2m    0.27 kB[22m[1m[22m[2m 鈹?gzip:     0.23 kB[22m
[2mbuild/[22m[36massets/list-indent-decrease-CkkYcX0F.js                 [39m[1m[2m    0.27 kB[22m[1m[22m[2m 鈹?gzip:     0.20 kB[22m
[2mbuild/[22m[36massets/list-indent-increase-CTM0uvsO.js                 [39m[1m[2m    0.27 kB[22m[1m[22m[2m 鈹?gzip:     0.20 kB[22m
[2mbuild/[22m[36massets/tent-Z5APwsn6.js                                 [39m[1m[2m    0.27 kB[22m[1m[22m[2m 鈹?gzip:     0.20 kB[22m
[2mbuild/[22m[36massets/test-tube-BTGtLlYx.js                            [39m[1m[2m    0.27 kB[22m[1m[22m[2m 鈹?gzip:     0.22 kB[22m
[2mbuild/[22m[36massets/circle-alert-Caain9AV.js                         [39m[1m[2m    0.27 kB[22m[1m[22m[2m 鈹?gzip:     0.20 kB[22m
[2mbuild/[22m[36massets/grid-2x2-check-f9FKql2e.js                       [39m[1m[2m    0.27 kB[22m[1m[22m[2m 鈹?gzip:     0.22 kB[22m
[2mbuild/[22m[36massets/pentagon-gLy4dOry.js                             [39m[1m[2m    0.27 kB[22m[1m[22m[2m 鈹?gzip:     0.22 kB[22m
[2mbuild/[22m[36massets/chart-column-nPfDKksI.js                         [39m[1m[2m    0.28 kB[22m[1m[22m[2m 鈹?gzip:     0.21 kB[22m
[2mbuild/[22m[36massets/cloud-upload-D74yaG8z.js                         [39m[1m[2m    0.28 kB[22m[1m[22m[2m 鈹?gzip:     0.23 kB[22m
[2mbuild/[22m[36massets/compass-Dako8Hvc.js                              [39m[1m[2m    0.28 kB[22m[1m[22m[2m 鈹?gzip:     0.23 kB[22m
[2mbuild/[22m[36massets/lens-convex-D6jQ8a0K.js                          [39m[1m[2m    0.28 kB[22m[1m[22m[2m 鈹?gzip:     0.22 kB[22m
[2mbuild/[22m[36massets/mouse-pointer-2-DH8islIB.js                      [39m[1m[2m    0.28 kB[22m[1m[22m[2m 鈹?gzip:     0.23 kB[22m
[2mbuild/[22m[36massets/sword-CoaOg2Gt.js                                [39m[1m[2m    0.28 kB[22m[1m[22m[2m 鈹?gzip:     0.22 kB[22m
[2mbuild/[22m[36massets/circle-percent-BdR_NEkm.js                       [39m[1m[2m    0.28 kB[22m[1m[22m[2m 鈹?gzip:     0.22 kB[22m
[2mbuild/[22m[36massets/lollipop-BNobD22w.js                             [39m[1m[2m    0.28 kB[22m[1m[22m[2m 鈹?gzip:     0.22 kB[22m
[2mbuild/[22m[36massets/mouse-right-CgBqWR1g.js                          [39m[1m[2m    0.28 kB[22m[1m[22m[2m 鈹?gzip:     0.24 kB[22m
[2mbuild/[22m[36massets/settings-2-BFmUYbha.js                           [39m[1m[2m    0.28 kB[22m[1m[22m[2m 鈹?gzip:     0.21 kB[22m
[2mbuild/[22m[36massets/trash-BQCcza8L.js                                [39m[1m[2m    0.28 kB[22m[1m[22m[2m 鈹?gzip:     0.21 kB[22m
[2mbuild/[22m[36massets/webcam-BUzLTgSX.js                               [39m[1m[2m    0.28 kB[22m[1m[22m[2m 鈹?gzip:     0.21 kB[22m
[2mbuild/[22m[36massets/archive-BaIiVEGj.js                              [39m[1m[2m    0.28 kB[22m[1m[22m[2m 鈹?gzip:     0.23 kB[22m
[2mbuild/[22m[36massets/mars-stroke-DbmEAAT0.js                          [39m[1m[2m    0.28 kB[22m[1m[22m[2m 鈹?gzip:     0.23 kB[22m
[2mbuild/[22m[36massets/search-alert-gzRIk-Sl.js                         [39m[1m[2m    0.28 kB[22m[1m[22m[2m 鈹?gzip:     0.22 kB[22m
[2mbuild/[22m[36massets/squares-unite-BerGV1Up.js                        [39m[1m[2m    0.28 kB[22m[1m[22m[2m 鈹?gzip:     0.21 kB[22m
[2mbuild/[22m[36massets/ticket-minus-BUXXkzDb.js                         [39m[1m[2m    0.28 kB[22m[1m[22m[2m 鈹?gzip:     0.22 kB[22m
[2mbuild/[22m[36massets/users-round-C91q-Y0v.js                          [39m[1m[2m    0.28 kB[22m[1m[22m[2m 鈹?gzip:     0.24 kB[22m
[2mbuild/[22m[36massets/flag-BeTUZ8gC.js                                 [39m[1m[2m    0.28 kB[22m[1m[22m[2m 鈹?gzip:     0.23 kB[22m
[2mbuild/[22m[36massets/git-commit-horizontal-eBG3xBo7.js                [39m[1m[2m    0.28 kB[22m[1m[22m[2m 鈹?gzip:     0.21 kB[22m
[2mbuild/[22m[36massets/globe-x-CqleLYXJ.js                              [39m[1m[2m    0.28 kB[22m[1m[22m[2m 鈹?gzip:     0.22 kB[22m
[2mbuild/[22m[36massets/pound-sterling-DgA298Xo.js                       [39m[1m[2m    0.28 kB[22m[1m[22m[2m 鈹?gzip:     0.22 kB[22m
[2mbuild/[22m[36massets/route-WSFiCcKI.js                                [39m[1m[2m    0.28 kB[22m[1m[22m[2m 鈹?gzip:     0.22 kB[22m
[2mbuild/[22m[36massets/circle-ellipsis-CXUt9zHc.js                      [39m[1m[2m    0.28 kB[22m[1m[22m[2m 鈹?gzip:     0.20 kB[22m
[2mbuild/[22m[36massets/lock-keyhole-hdRsvZ1S.js                         [39m[1m[2m    0.28 kB[22m[1m[22m[2m 鈹?gzip:     0.24 kB[22m
[2mbuild/[22m[36massets/text-wrap-DAmZxsTG.js                            [39m[1m[2m    0.28 kB[22m[1m[22m[2m 鈹?gzip:     0.22 kB[22m
[2mbuild/[22m[36massets/eye-BGV4rMYh.js                                  [39m[1m[2m    0.28 kB[22m[1m[22m[2m 鈹?gzip:     0.22 kB[22m
[2mbuild/[22m[36massets/chart-bar-decreasing-BcY63A8U.js                 [39m[1m[2m    0.28 kB[22m[1m[22m[2m 鈹?gzip:     0.22 kB[22m
[2mbuild/[22m[36massets/chart-bar-increasing-D5l-GcxX.js                 [39m[1m[2m    0.28 kB[22m[1m[22m[2m 鈹?gzip:     0.22 kB[22m
[2mbuild/[22m[36massets/circle-play-C2JxAKVx.js                          [39m[1m[2m    0.28 kB[22m[1m[22m[2m 鈹?gzip:     0.23 kB[22m
[2mbuild/[22m[36massets/clipboard-C4yBwNfh.js                            [39m[1m[2m    0.28 kB[22m[1m[22m[2m 鈹?gzip:     0.23 kB[22m
[2mbuild/[22m[36massets/funnel-6QK4LE1k.js                               [39m[1m[2m    0.28 kB[22m[1m[22m[2m 鈹?gzip:     0.23 kB[22m
[2mbuild/[22m[36massets/georgian-lari-CmMEtkbK.js                        [39m[1m[2m    0.28 kB[22m[1m[22m[2m 鈹?gzip:     0.22 kB[22m
[2mbuild/[22m[36massets/square-m-Cx6tsVgn.js                             [39m[1m[2m    0.28 kB[22m[1m[22m[2m 鈹?gzip:     0.24 kB[22m
[2mbuild/[22m[36massets/square-user-round-CPrnRipX.js                    [39m[1m[2m    0.28 kB[22m[1m[22m[2m 鈹?gzip:     0.24 kB[22m
[2mbuild/[22m[36massets/table-6wVuXCp7.js                                [39m[1m[2m    0.28 kB[22m[1m[22m[2m 鈹?gzip:     0.22 kB[22m
[2mbuild/[22m[36massets/user-minus-BjEpEUpe.js                           [39m[1m[2m    0.28 kB[22m[1m[22m[2m 鈹?gzip:     0.24 kB[22m
[2mbuild/[22m[36massets/calendar-CKq6m-LU.js                             [39m[1m[2m    0.28 kB[22m[1m[22m[2m 鈹?gzip:     0.22 kB[22m
[2mbuild/[22m[36massets/person-standing-cE2NiXIi.js                      [39m[1m[2m    0.28 kB[22m[1m[22m[2m 鈹?gzip:     0.23 kB[22m
[2mbuild/[22m[36massets/search-x-DNUKZGsF.js                             [39m[1m[2m    0.28 kB[22m[1m[22m[2m 鈹?gzip:     0.22 kB[22m
[2mbuild/[22m[36massets/app-window-hmG_WX25.js                           [39m[1m[2m    0.28 kB[22m[1m[22m[2m 鈹?gzip:     0.23 kB[22m
[2mbuild/[22m[36massets/bluetooth-connected-vn4Os9Ks.js                  [39m[1m[2m    0.28 kB[22m[1m[22m[2m 鈹?gzip:     0.23 kB[22m
[2mbuild/[22m[36massets/grid-3x2-vGJA5sNS.js                             [39m[1m[2m    0.28 kB[22m[1m[22m[2m 鈹?gzip:     0.22 kB[22m
[2mbuild/[22m[36massets/heart-u0AMepeg.js                                [39m[1m[2m    0.28 kB[22m[1m[22m[2m 鈹?gzip:     0.24 kB[22m
[2mbuild/[22m[36massets/pc-case-BGylBGC2.js                              [39m[1m[2m    0.28 kB[22m[1m[22m[2m 鈹?gzip:     0.22 kB[22m
[2mbuild/[22m[36massets/pyramid-B9gxxeW8.js                              [39m[1m[2m    0.28 kB[22m[1m[22m[2m 鈹?gzip:     0.23 kB[22m
[2mbuild/[22m[36massets/rectangle-goggles-CMiy79mF.js                    [39m[1m[2m    0.28 kB[22m[1m[22m[2m 鈹?gzip:     0.23 kB[22m
[2mbuild/[22m[36massets/anchor-DZtJ-SCA.js                               [39m[1m[2m    0.28 kB[22m[1m[22m[2m 鈹?gzip:     0.23 kB[22m
[2mbuild/[22m[36massets/heading-2-D_3_gA_s.js                            [39m[1m[2m    0.28 kB[22m[1m[22m[2m 鈹?gzip:     0.22 kB[22m
[2mbuild/[22m[36massets/map-pin-BXa8NcfH.js                              [39m[1m[2m    0.28 kB[22m[1m[22m[2m 鈹?gzip:     0.24 kB[22m
[2mbuild/[22m[36massets/monitor-HO9syEn9.js                              [39m[1m[2m    0.28 kB[22m[1m[22m[2m 鈹?gzip:     0.22 kB[22m
[2mbuild/[22m[36massets/music-4-BhI1Qo2m.js                              [39m[1m[2m    0.28 kB[22m[1m[22m[2m 鈹?gzip:     0.22 kB[22m
[2mbuild/[22m[36massets/refrigerator-CNCmyDF0.js                         [39m[1m[2m    0.28 kB[22m[1m[22m[2m 鈹?gzip:     0.22 kB[22m
[2mbuild/[22m[36massets/split-CljDmxUO.js                                [39m[1m[2m    0.28 kB[22m[1m[22m[2m 鈹?gzip:     0.23 kB[22m
[2mbuild/[22m[36massets/square-arrow-out-up-left-21J63Xp5.js             [39m[1m[2m    0.28 kB[22m[1m[22m[2m 鈹?gzip:     0.23 kB[22m
[2mbuild/[22m[36massets/ticket-check-C4e8bAIf.js                         [39m[1m[2m    0.28 kB[22m[1m[22m[2m 鈹?gzip:     0.22 kB[22m
[2mbuild/[22m[36massets/ticket-slash-D_QCjPA-.js                         [39m[1m[2m    0.28 kB[22m[1m[22m[2m 鈹?gzip:     0.22 kB[22m
[2mbuild/[22m[36massets/align-end-vertical-4RYtyob5.js                   [39m[1m[2m    0.28 kB[22m[1m[22m[2m 鈹?gzip:     0.22 kB[22m
[2mbuild/[22m[36massets/circle-user-C-oYkhYW.js                          [39m[1m[2m    0.28 kB[22m[1m[22m[2m 鈹?gzip:     0.22 kB[22m
[2mbuild/[22m[36massets/euro-BRZ_bvtq.js                                 [39m[1m[2m    0.28 kB[22m[1m[22m[2m 鈹?gzip:     0.23 kB[22m
[2mbuild/[22m[36massets/map-pin-minus-inside-BMuZZW3v.js                 [39m[1m[2m    0.28 kB[22m[1m[22m[2m 鈹?gzip:     0.24 kB[22m
[2mbuild/[22m[36massets/text-cursor-DjSIR0NY.js                          [39m[1m[2m    0.28 kB[22m[1m[22m[2m 鈹?gzip:     0.21 kB[22m
[2mbuild/[22m[36massets/weight-DRcmVaWF.js                               [39m[1m[2m    0.28 kB[22m[1m[22m[2m 鈹?gzip:     0.24 kB[22m
[2mbuild/[22m[36massets/align-start-vertical-DtLk2QJT.js                 [39m[1m[2m    0.29 kB[22m[1m[22m[2m 鈹?gzip:     0.22 kB[22m
[2mbuild/[22m[36massets/bed-single-Dl8JqsYJ.js                           [39m[1m[2m    0.29 kB[22m[1m[22m[2m 鈹?gzip:     0.21 kB[22m
[2mbuild/[22m[36massets/cloud-download-DqV9-GW0.js                       [39m[1m[2m    0.29 kB[22m[1m[22m[2m 鈹?gzip:     0.24 kB[22m
[2mbuild/[22m[36massets/handbag-BY5F4EGm.js                              [39m[1m[2m    0.29 kB[22m[1m[22m[2m 鈹?gzip:     0.23 kB[22m
[2mbuild/[22m[36massets/rows-4-CLH_kUVZ.js                               [39m[1m[2m    0.29 kB[22m[1m[22m[2m 鈹?gzip:     0.22 kB[22m
[2mbuild/[22m[36massets/square-arrow-out-up-right-DS0XKREa.js            [39m[1m[2m    0.29 kB[22m[1m[22m[2m 鈹?gzip:     0.23 kB[22m
[2mbuild/[22m[36massets/square-kanban-D5SskDNK.js                        [39m[1m[2m    0.29 kB[22m[1m[22m[2m 鈹?gzip:     0.23 kB[22m
[2mbuild/[22m[36massets/utensils-D-nMzrjV.js                             [39m[1m[2m    0.29 kB[22m[1m[22m[2m 鈹?gzip:     0.23 kB[22m
[2mbuild/[22m[36massets/align-end-horizontal-3OC7cGYi.js                 [39m[1m[2m    0.29 kB[22m[1m[22m[2m 鈹?gzip:     0.23 kB[22m
[2mbuild/[22m[36massets/chart-column-decreasing-CP7jBViA.js              [39m[1m[2m    0.29 kB[22m[1m[22m[2m 鈹?gzip:     0.23 kB[22m
[2mbuild/[22m[36massets/chart-column-increasing-CXaJFPmu.js              [39m[1m[2m    0.29 kB[22m[1m[22m[2m 鈹?gzip:     0.22 kB[22m
[2mbuild/[22m[36massets/clock-alert-CRDZrOWo.js                          [39m[1m[2m    0.29 kB[22m[1m[22m[2m 鈹?gzip:     0.22 kB[22m
[2mbuild/[22m[36massets/ghost-DBST3-55.js                                [39m[1m[2m    0.29 kB[22m[1m[22m[2m 鈹?gzip:     0.22 kB[22m
[2mbuild/[22m[36massets/import-YcEMgheZ.js                               [39m[1m[2m    0.29 kB[22m[1m[22m[2m 鈹?gzip:     0.22 kB[22m
[2mbuild/[22m[36massets/lock-keyhole-open-D3aHv-lw.js                    [39m[1m[2m    0.29 kB[22m[1m[22m[2m 鈹?gzip:     0.24 kB[22m
[2mbuild/[22m[36massets/navigation-off-BqNhsjDu.js                       [39m[1m[2m    0.29 kB[22m[1m[22m[2m 鈹?gzip:     0.24 kB[22m
[2mbuild/[22m[36massets/square-menu-8GkV4Ef1.js                          [39m[1m[2m    0.29 kB[22m[1m[22m[2m 鈹?gzip:     0.22 kB[22m
[2mbuild/[22m[36massets/tree-deciduous-clzAQDse.js                       [39m[1m[2m    0.29 kB[22m[1m[22m[2m 鈹?gzip:     0.24 kB[22m
[2mbuild/[22m[36massets/vegan-4iE51KmJ.js                                [39m[1m[2m    0.29 kB[22m[1m[22m[2m 鈹?gzip:     0.23 kB[22m
[2mbuild/[22m[36massets/zap-CAq5EjYh.js                                  [39m[1m[2m    0.29 kB[22m[1m[22m[2m 鈹?gzip:     0.23 kB[22m
[2mbuild/[22m[36massets/align-start-horizontal-D5PMrWke.js               [39m[1m[2m    0.29 kB[22m[1m[22m[2m 鈹?gzip:     0.22 kB[22m
[2mbuild/[22m[36massets/closed-caption-p3eo0-p3.js                       [39m[1m[2m    0.29 kB[22m[1m[22m[2m 鈹?gzip:     0.23 kB[22m
[2mbuild/[22m[36massets/navigation-2-off-IGpzLY8p.js                     [39m[1m[2m    0.29 kB[22m[1m[22m[2m 鈹?gzip:     0.24 kB[22m
[2mbuild/[22m[36massets/square-arrow-out-down-left-N6IvwnaQ.js           [39m[1m[2m    0.29 kB[22m[1m[22m[2m 鈹?gzip:     0.23 kB[22m
[2mbuild/[22m[36massets/square-pause-FkAN24PJ.js                         [39m[1m[2m    0.29 kB[22m[1m[22m[2m 鈹?gzip:     0.22 kB[22m
[2mbuild/[22m[36massets/test-tube-diagonal-DjN5AuYt.js                   [39m[1m[2m    0.29 kB[22m[1m[22m[2m 鈹?gzip:     0.23 kB[22m
[2mbuild/[22m[36massets/columns-4-BUe6Qr3d.js                            [39m[1m[2m    0.29 kB[22m[1m[22m[2m 鈹?gzip:     0.22 kB[22m
[2mbuild/[22m[36massets/key-u23gc_fw.js                                  [39m[1m[2m    0.29 kB[22m[1m[22m[2m 鈹?gzip:     0.24 kB[22m
[2mbuild/[22m[36massets/tablets-DSkNDb4p.js                              [39m[1m[2m    0.29 kB[22m[1m[22m[2m 鈹?gzip:     0.22 kB[22m
[2mbuild/[22m[36massets/barcode-ZqyRqLUw.js                              [39m[1m[2m    0.29 kB[22m[1m[22m[2m 鈹?gzip:     0.19 kB[22m
[2mbuild/[22m[36massets/case-lower-TGbRjevl.js                           [39m[1m[2m    0.29 kB[22m[1m[22m[2m 鈹?gzip:     0.22 kB[22m
[2mbuild/[22m[36massets/leaf-C-wmZM1Y.js                                 [39m[1m[2m    0.29 kB[22m[1m[22m[2m 鈹?gzip:     0.25 kB[22m
[2mbuild/[22m[36massets/trending-up-down-ZYXN8X5w.js                     [39m[1m[2m    0.29 kB[22m[1m[22m[2m 鈹?gzip:     0.23 kB[22m
[2mbuild/[22m[36massets/user-round-plus-CqPvG9Y7.js                      [39m[1m[2m    0.29 kB[22m[1m[22m[2m 鈹?gzip:     0.24 kB[22m
[2mbuild/[22m[36massets/user-round-x-Dy71Bv6P.js                         [39m[1m[2m    0.29 kB[22m[1m[22m[2m 鈹?gzip:     0.23 kB[22m
[2mbuild/[22m[36massets/workflow-CQX4Ee9U.js                             [39m[1m[2m    0.29 kB[22m[1m[22m[2m 鈹?gzip:     0.22 kB[22m
[2mbuild/[22m[36massets/blocks-CRS0J1mx.js                               [39m[1m[2m    0.29 kB[22m[1m[22m[2m 鈹?gzip:     0.23 kB[22m
[2mbuild/[22m[36massets/map-pin-check-inside-JAXJykL0.js                 [39m[1m[2m    0.29 kB[22m[1m[22m[2m 鈹?gzip:     0.24 kB[22m
[2mbuild/[22m[36massets/radio-receiver-B01DUsli.js                       [39m[1m[2m    0.29 kB[22m[1m[22m[2m 鈹?gzip:     0.23 kB[22m
[2mbuild/[22m[36massets/square-dashed-bottom-C9h7bWUu.js                 [39m[1m[2m    0.29 kB[22m[1m[22m[2m 鈹?gzip:     0.22 kB[22m
[2mbuild/[22m[36massets/tornado-B4-OEiLO.js                              [39m[1m[2m    0.29 kB[22m[1m[22m[2m 鈹?gzip:     0.21 kB[22m
[2mbuild/[22m[36massets/square-arrow-out-down-right-BNWH5qu9.js          [39m[1m[2m    0.29 kB[22m[1m[22m[2m 鈹?gzip:     0.23 kB[22m
[2mbuild/[22m[36massets/square-chart-gantt-CeLU3w8D.js                   [39m[1m[2m    0.29 kB[22m[1m[22m[2m 鈹?gzip:     0.23 kB[22m
[2mbuild/[22m[36massets/square-library-CPiCjEw4.js                       [39m[1m[2m    0.29 kB[22m[1m[22m[2m 鈹?gzip:     0.23 kB[22m
[2mbuild/[22m[36massets/table-properties-CnW-QEBf.js                     [39m[1m[2m    0.29 kB[22m[1m[22m[2m 鈹?gzip:     0.23 kB[22m
[2mbuild/[22m[36massets/tally-5-BNvXWydb.js                              [39m[1m[2m    0.29 kB[22m[1m[22m[2m 鈹?gzip:     0.20 kB[22m
[2mbuild/[22m[36massets/app-window-mac-Dx--_2JI.js                       [39m[1m[2m    0.29 kB[22m[1m[22m[2m 鈹?gzip:     0.22 kB[22m
[2mbuild/[22m[36massets/axis-3d-CYa1XV_f.js                              [39m[1m[2m    0.29 kB[22m[1m[22m[2m 鈹?gzip:     0.23 kB[22m
[2mbuild/[22m[36massets/badge-BSlCO5Su.js                                [39m[1m[2m    0.29 kB[22m[1m[22m[2m 鈹?gzip:     0.21 kB[22m
[2mbuild/[22m[36massets/battery-medium-D9zFdNdz.js                       [39m[1m[2m    0.29 kB[22m[1m[22m[2m 鈹?gzip:     0.22 kB[22m
[2mbuild/[22m[36massets/between-vertical-end-l5eBdGTw.js                 [39m[1m[2m    0.29 kB[22m[1m[22m[2m 鈹?gzip:     0.23 kB[22m
[2mbuild/[22m[36massets/list-plus-CuPZxUtj.js                            [39m[1m[2m    0.29 kB[22m[1m[22m[2m 鈹?gzip:     0.21 kB[22m
[2mbuild/[22m[36massets/signal-HvGC9E1f.js                               [39m[1m[2m    0.29 kB[22m[1m[22m[2m 鈹?gzip:     0.21 kB[22m
[2mbuild/[22m[36massets/table-cells-split-DL6PsZsH.js                    [39m[1m[2m    0.29 kB[22m[1m[22m[2m 鈹?gzip:     0.23 kB[22m
[2mbuild/[22m[36massets/align-vertical-justify-end-DspeadvT.js           [39m[1m[2m    0.29 kB[22m[1m[22m[2m 鈹?gzip:     0.23 kB[22m
[2mbuild/[22m[36massets/dice-3-CEo6uUCy.js                               [39m[1m[2m    0.29 kB[22m[1m[22m[2m 鈹?gzip:     0.23 kB[22m
[2mbuild/[22m[36massets/ice-cream-cone-3o0EwkAD.js                       [39m[1m[2m    0.29 kB[22m[1m[22m[2m 鈹?gzip:     0.23 kB[22m
[2mbuild/[22m[36massets/image-C6AmNX2l.js                                [39m[1m[2m    0.29 kB[22m[1m[22m[2m 鈹?gzip:     0.24 kB[22m
[2mbuild/[22m[36massets/monitor-check-BpuPOf_w.js                        [39m[1m[2m    0.29 kB[22m[1m[22m[2m 鈹?gzip:     0.24 kB[22m
[2mbuild/[22m[36massets/scroll-BsLXrzMl.js                               [39m[1m[2m    0.29 kB[22m[1m[22m[2m 鈹?gzip:     0.23 kB[22m
[2mbuild/[22m[36massets/square-percent-Dk8Ax-kz.js                       [39m[1m[2m    0.29 kB[22m[1m[22m[2m 鈹?gzip:     0.23 kB[22m
[2mbuild/[22m[36massets/square-user-Cy4DJUUP.js                          [39m[1m[2m    0.29 kB[22m[1m[22m[2m 鈹?gzip:     0.24 kB[22m
[2mbuild/[22m[36massets/timer-reset-BvB5qg3I.js                          [39m[1m[2m    0.29 kB[22m[1m[22m[2m 鈹?gzip:     0.23 kB[22m
[2mbuild/[22m[36massets/trello-Ba8pdV_c.js                               [39m[1m[2m    0.29 kB[22m[1m[22m[2m 鈹?gzip:     0.21 kB[22m
[2mbuild/[22m[36massets/align-vertical-justify-start-p_XWUci9.js         [39m[1m[2m    0.29 kB[22m[1m[22m[2m 鈹?gzip:     0.23 kB[22m
[2mbuild/[22m[36massets/balloon-B6vRyWD2.js                              [39m[1m[2m    0.29 kB[22m[1m[22m[2m 鈹?gzip:     0.22 kB[22m
[2mbuild/[22m[36massets/between-vertical-start-B_AOKAFi.js               [39m[1m[2m    0.29 kB[22m[1m[22m[2m 鈹?gzip:     0.23 kB[22m
[2mbuild/[22m[36massets/book-text-DiC5eroO.js                            [39m[1m[2m    0.29 kB[22m[1m[22m[2m 鈹?gzip:     0.23 kB[22m
[2mbuild/[22m[36massets/circle-pound-sterling-xuWjBC7C.js                [39m[1m[2m    0.29 kB[22m[1m[22m[2m 鈹?gzip:     0.23 kB[22m
[2mbuild/[22m[36massets/file-CGsjCbp9.js                                 [39m[1m[2m    0.29 kB[22m[1m[22m[2m 鈹?gzip:     0.23 kB[22m
[2mbuild/[22m[36massets/folder-minus-B4uZEnhC.js                         [39m[1m[2m    0.29 kB[22m[1m[22m[2m 鈹?gzip:     0.23 kB[22m
[2mbuild/[22m[36massets/rotate-cw-square-DssHTjKn.js                     [39m[1m[2m    0.29 kB[22m[1m[22m[2m 鈹?gzip:     0.23 kB[22m
[2mbuild/[22m[36massets/signpost-big-DrpAFE4o.js                         [39m[1m[2m    0.29 kB[22m[1m[22m[2m 鈹?gzip:     0.23 kB[22m
[2mbuild/[22m[36massets/align-horizontal-justify-end-WhtfHqGf.js         [39m[1m[2m    0.30 kB[22m[1m[22m[2m 鈹?gzip:     0.23 kB[22m
[2mbuild/[22m[36massets/between-horizontal-end-Bt0anWJI.js               [39m[1m[2m    0.30 kB[22m[1m[22m[2m 鈹?gzip:     0.23 kB[22m
[2mbuild/[22m[36massets/between-horizontal-start-qDqZZAH8.js             [39m[1m[2m    0.30 kB[22m[1m[22m[2m 鈹?gzip:     0.23 kB[22m
[2mbuild/[22m[36massets/book-plus-B6aiYI8y.js                            [39m[1m[2m    0.30 kB[22m[1m[22m[2m 鈹?gzip:     0.23 kB[22m
[2mbuild/[22m[36massets/chart-bar-big-BIbLCTt4.js                        [39m[1m[2m    0.30 kB[22m[1m[22m[2m 鈹?gzip:     0.23 kB[22m
[2mbuild/[22m[36massets/align-horizontal-justify-start-CIxXCzoj.js       [39m[1m[2m    0.30 kB[22m[1m[22m[2m 鈹?gzip:     0.23 kB[22m
[2mbuild/[22m[36massets/align-vertical-justify-center-jHJ7_sj6.js        [39m[1m[2m    0.30 kB[22m[1m[22m[2m 鈹?gzip:     0.23 kB[22m
[2mbuild/[22m[36massets/folder-closed-BI_A_AGX.js                        [39m[1m[2m    0.30 kB[22m[1m[22m[2m 鈹?gzip:     0.23 kB[22m
[2mbuild/[22m[36massets/list-filter-plus-B-bDoLTd.js                     [39m[1m[2m    0.30 kB[22m[1m[22m[2m 鈹?gzip:     0.22 kB[22m
[2mbuild/[22m[36massets/repeat-D6k9f9CR.js                               [39m[1m[2m    0.30 kB[22m[1m[22m[2m 鈹?gzip:     0.22 kB[22m
[2mbuild/[22m[36massets/rotate-ccw-square-DRLkJaa7.js                    [39m[1m[2m    0.30 kB[22m[1m[22m[2m 鈹?gzip:     0.23 kB[22m
[2mbuild/[22m[36massets/search-code-CS3cdkM3.js                          [39m[1m[2m    0.30 kB[22m[1m[22m[2m 鈹?gzip:     0.24 kB[22m
[2mbuild/[22m[36massets/shield-Hc0kU0Tz.js                               [39m[1m[2m    0.30 kB[22m[1m[22m[2m 鈹?gzip:     0.24 kB[22m
[2mbuild/[22m[36massets/square-asterisk-1x05RWeY.js                      [39m[1m[2m    0.30 kB[22m[1m[22m[2m 鈹?gzip:     0.23 kB[22m
[2mbuild/[22m[36massets/square-play-DOKSl5Kz.js                          [39m[1m[2m    0.30 kB[22m[1m[22m[2m 鈹?gzip:     0.24 kB[22m
[2mbuild/[22m[36massets/bookmark-minus-4pYwN1du.js                       [39m[1m[2m    0.30 kB[22m[1m[22m[2m 鈹?gzip:     0.24 kB[22m
[2mbuild/[22m[36massets/chart-column-big-s70T_eMJ.js                     [39m[1m[2m    0.30 kB[22m[1m[22m[2m 鈹?gzip:     0.23 kB[22m
[2mbuild/[22m[36massets/chart-pie-C9HKWuPm.js                            [39m[1m[2m    0.30 kB[22m[1m[22m[2m 鈹?gzip:     0.24 kB[22m
[2mbuild/[22m[36massets/clock-plus-BUhkL-iJ.js                           [39m[1m[2m    0.30 kB[22m[1m[22m[2m 鈹?gzip:     0.23 kB[22m
[2mbuild/[22m[36massets/git-branch-minus-C0fibXx6.js                     [39m[1m[2m    0.30 kB[22m[1m[22m[2m 鈹?gzip:     0.23 kB[22m
[2mbuild/[22m[36massets/repeat-2-0e1NNBJf.js                             [39m[1m[2m    0.30 kB[22m[1m[22m[2m 鈹?gzip:     0.23 kB[22m
[2mbuild/[22m[36massets/speaker-JaFZw3EN.js                              [39m[1m[2m    0.30 kB[22m[1m[22m[2m 鈹?gzip:     0.23 kB[22m
[2mbuild/[22m[36massets/align-horizontal-justify-center-CfeD32qg.js      [39m[1m[2m    0.30 kB[22m[1m[22m[2m 鈹?gzip:     0.23 kB[22m
[2mbuild/[22m[36massets/award-COfDSf3n.js                                [39m[1m[2m    0.30 kB[22m[1m[22m[2m 鈹?gzip:     0.24 kB[22m
[2mbuild/[22m[36massets/square-function-Ca_B5px9.js                      [39m[1m[2m    0.30 kB[22m[1m[22m[2m 鈹?gzip:     0.24 kB[22m
[2mbuild/[22m[36massets/square-pi-DI5Rxjip.js                            [39m[1m[2m    0.30 kB[22m[1m[22m[2m 鈹?gzip:     0.23 kB[22m
[2mbuild/[22m[36massets/umbrella-CF_iQAyA.js                             [39m[1m[2m    0.30 kB[22m[1m[22m[2m 鈹?gzip:     0.23 kB[22m
[2mbuild/[22m[36massets/book-alert-IKIYosxS.js                           [39m[1m[2m    0.30 kB[22m[1m[22m[2m 鈹?gzip:     0.23 kB[22m
[2mbuild/[22m[36massets/book-x-CjyzYVn4.js                               [39m[1m[2m    0.30 kB[22m[1m[22m[2m 鈹?gzip:     0.23 kB[22m
[2mbuild/[22m[36massets/list-x-CuNxRcaU.js                               [39m[1m[2m    0.30 kB[22m[1m[22m[2m 鈹?gzip:     0.21 kB[22m
[2mbuild/[22m[36massets/message-square-dot-7x5zLXdO.js                   [39m[1m[2m    0.30 kB[22m[1m[22m[2m 鈹?gzip:     0.26 kB[22m
[2mbuild/[22m[36massets/receipt-euro-s507pYf-.js                         [39m[1m[2m    0.30 kB[22m[1m[22m[2m 鈹?gzip:     0.23 kB[22m
[2mbuild/[22m[36massets/rectangle-ellipsis-CW_IjndC.js                   [39m[1m[2m    0.30 kB[22m[1m[22m[2m 鈹?gzip:     0.22 kB[22m
[2mbuild/[22m[36massets/book-up-G-HXnxrW.js                              [39m[1m[2m    0.30 kB[22m[1m[22m[2m 鈹?gzip:     0.24 kB[22m
[2mbuild/[22m[36massets/folder-check-BqcNt6Pa.js                         [39m[1m[2m    0.30 kB[22m[1m[22m[2m 鈹?gzip:     0.23 kB[22m
[2mbuild/[22m[36massets/pencil-DhcFepLM.js                               [39m[1m[2m    0.30 kB[22m[1m[22m[2m 鈹?gzip:     0.24 kB[22m
[2mbuild/[22m[36massets/bolt-CuDYH2yt.js                                 [39m[1m[2m    0.30 kB[22m[1m[22m[2m 鈹?gzip:     0.23 kB[22m
[2mbuild/[22m[36massets/clock-arrow-down-Djx7PMcu.js                     [39m[1m[2m    0.30 kB[22m[1m[22m[2m 鈹?gzip:     0.24 kB[22m
[2mbuild/[22m[36massets/pen-line-yF9mJa9e.js                             [39m[1m[2m    0.30 kB[22m[1m[22m[2m 鈹?gzip:     0.24 kB[22m
[2mbuild/[22m[36massets/a-arrow-up-B-HO8CUJ.js                           [39m[1m[2m    0.30 kB[22m[1m[22m[2m 鈹?gzip:     0.24 kB[22m
[2mbuild/[22m[36massets/bomb-DN174Lbe.js                                 [39m[1m[2m    0.30 kB[22m[1m[22m[2m 鈹?gzip:     0.24 kB[22m
[2mbuild/[22m[36massets/book-a-DG9yRRzi.js                               [39m[1m[2m    0.30 kB[22m[1m[22m[2m 鈹?gzip:     0.24 kB[22m
[2mbuild/[22m[36massets/book-down-B88u-Vok.js                            [39m[1m[2m    0.30 kB[22m[1m[22m[2m 鈹?gzip:     0.24 kB[22m
[2mbuild/[22m[36massets/bookmark-check-BEeLLREf.js                       [39m[1m[2m    0.30 kB[22m[1m[22m[2m 鈹?gzip:     0.24 kB[22m
[2mbuild/[22m[36massets/mail-minus-CTzM0eMF.js                           [39m[1m[2m    0.30 kB[22m[1m[22m[2m 鈹?gzip:     0.24 kB[22m
[2mbuild/[22m[36massets/receipt-cent-BaSyb_B9.js                         [39m[1m[2m    0.30 kB[22m[1m[22m[2m 鈹?gzip:     0.23 kB[22m
[2mbuild/[22m[36massets/scale-3d-BO8snprR.js                             [39m[1m[2m    0.30 kB[22m[1m[22m[2m 鈹?gzip:     0.23 kB[22m
[2mbuild/[22m[36massets/volume-DV1Piruh.js                               [39m[1m[2m    0.30 kB[22m[1m[22m[2m 鈹?gzip:     0.24 kB[22m
[2mbuild/[22m[36massets/book-open-brt9voWP.js                            [39m[1m[2m    0.30 kB[22m[1m[22m[2m 鈹?gzip:     0.23 kB[22m
[2mbuild/[22m[36massets/braces-V21__sEn.js                               [39m[1m[2m    0.30 kB[22m[1m[22m[2m 鈹?gzip:     0.23 kB[22m
[2mbuild/[22m[36massets/decimals-arrow-left-BmvrDNWd.js                  [39m[1m[2m    0.30 kB[22m[1m[22m[2m 鈹?gzip:     0.25 kB[22m
[2mbuild/[22m[36massets/lamp-floor-C82Jc_rf.js                           [39m[1m[2m    0.30 kB[22m[1m[22m[2m 鈹?gzip:     0.24 kB[22m
[2mbuild/[22m[36massets/list-checks-h16H6m1V.js                          [39m[1m[2m    0.30 kB[22m[1m[22m[2m 鈹?gzip:     0.21 kB[22m
[2mbuild/[22m[36massets/message-square-check-CZGeBHJ1.js                 [39m[1m[2m    0.30 kB[22m[1m[22m[2m 鈹?gzip:     0.24 kB[22m
[2mbuild/[22m[36massets/power-off-CKp-37D8.js                            [39m[1m[2m    0.30 kB[22m[1m[22m[2m 鈹?gzip:     0.24 kB[22m
[2mbuild/[22m[36massets/user-search-Ph-lNkR_.js                          [39m[1m[2m    0.30 kB[22m[1m[22m[2m 鈹?gzip:     0.24 kB[22m
[2mbuild/[22m[36massets/a-arrow-down-ugRj0pVi.js                         [39m[1m[2m    0.30 kB[22m[1m[22m[2m 鈹?gzip:     0.24 kB[22m
[2mbuild/[22m[36massets/cloud-rain-fy4ceHcj.js                           [39m[1m[2m    0.30 kB[22m[1m[22m[2m 鈹?gzip:     0.23 kB[22m
[2mbuild/[22m[36massets/list-music-CWzF0kvO.js                           [39m[1m[2m    0.30 kB[22m[1m[22m[2m 鈹?gzip:     0.23 kB[22m
[2mbuild/[22m[36massets/sticky-note-BbHCAVpF.js                          [39m[1m[2m    0.30 kB[22m[1m[22m[2m 鈹?gzip:     0.24 kB[22m
[2mbuild/[22m[36massets/wifi-Mf2bZOC-.js                                 [39m[1m[2m    0.30 kB[22m[1m[22m[2m 鈹?gzip:     0.23 kB[22m
[2mbuild/[22m[36massets/clock-arrow-up-B5nggcKC.js                       [39m[1m[2m    0.31 kB[22m[1m[22m[2m 鈹?gzip:     0.24 kB[22m
[2mbuild/[22m[36massets/grid-2x2-plus-B2p8YtF5.js                        [39m[1m[2m    0.31 kB[22m[1m[22m[2m 鈹?gzip:     0.23 kB[22m
[2mbuild/[22m[36massets/grid-2x2-x-E9aI8AvY.js                           [39m[1m[2m    0.31 kB[22m[1m[22m[2m 鈹?gzip:     0.23 kB[22m
[2mbuild/[22m[36massets/house-CioG8TBI.js                                [39m[1m[2m    0.31 kB[22m[1m[22m[2m 鈹?gzip:     0.24 kB[22m
[2mbuild/[22m[36massets/rewind-DjKQPcMo.js                               [39m[1m[2m    0.31 kB[22m[1m[22m[2m 鈹?gzip:     0.21 kB[22m
[2mbuild/[22m[36massets/square-arrow-right-enter-C6_UufvU.js             [39m[1m[2m    0.31 kB[22m[1m[22m[2m 鈹?gzip:     0.23 kB[22m
[2mbuild/[22m[36massets/wind-arrow-down-JWRHxTxr.js                      [39m[1m[2m    0.31 kB[22m[1m[22m[2m 鈹?gzip:     0.23 kB[22m
[2mbuild/[22m[36massets/arrow-big-up-gMmBSdHJ.js                         [39m[1m[2m    0.31 kB[22m[1m[22m[2m 鈹?gzip:     0.23 kB[22m
[2mbuild/[22m[36massets/drumstick-Buczk2aZ.js                            [39m[1m[2m    0.31 kB[22m[1m[22m[2m 鈹?gzip:     0.25 kB[22m
[2mbuild/[22m[36massets/eraser-B8ORsocy.js                               [39m[1m[2m    0.31 kB[22m[1m[22m[2m 鈹?gzip:     0.24 kB[22m
[2mbuild/[22m[36massets/form-Dnwz2SQe.js                                 [39m[1m[2m    0.31 kB[22m[1m[22m[2m 鈹?gzip:     0.22 kB[22m
[2mbuild/[22m[36massets/plug-2-Dv7F49Yd.js                               [39m[1m[2m    0.31 kB[22m[1m[22m[2m 鈹?gzip:     0.23 kB[22m
[2mbuild/[22m[36massets/square-split-vertical-D6yh_3rn.js                [39m[1m[2m    0.31 kB[22m[1m[22m[2m 鈹?gzip:     0.25 kB[22m
[2mbuild/[22m[36massets/tablet-smartphone-BVko-vA-.js                    [39m[1m[2m    0.31 kB[22m[1m[22m[2m 鈹?gzip:     0.25 kB[22m
[2mbuild/[22m[36massets/arrow-big-down-Di60opUv.js                       [39m[1m[2m    0.31 kB[22m[1m[22m[2m 鈹?gzip:     0.24 kB[22m
[2mbuild/[22m[36massets/heading-4-BnHb9xb8.js                            [39m[1m[2m    0.31 kB[22m[1m[22m[2m 鈹?gzip:     0.22 kB[22m
[2mbuild/[22m[36massets/wine-CQGzWVtI.js                                 [39m[1m[2m    0.31 kB[22m[1m[22m[2m 鈹?gzip:     0.23 kB[22m
[2mbuild/[22m[36massets/arrow-up-narrow-wide-CwgoVOyG.js                 [39m[1m[2m    0.31 kB[22m[1m[22m[2m 鈹?gzip:     0.22 kB[22m
[2mbuild/[22m[36massets/arrow-up-wide-narrow-D-ygbAI2.js                 [39m[1m[2m    0.31 kB[22m[1m[22m[2m 鈹?gzip:     0.22 kB[22m
[2mbuild/[22m[36massets/folder-dot-C8vZmHYI.js                           [39m[1m[2m    0.31 kB[22m[1m[22m[2m 鈹?gzip:     0.25 kB[22m
[2mbuild/[22m[36massets/mail-check-BRYWCZZx.js                           [39m[1m[2m    0.31 kB[22m[1m[22m[2m 鈹?gzip:     0.24 kB[22m
[2mbuild/[22m[36massets/square-split-horizontal-sHMI3VhT.js              [39m[1m[2m    0.31 kB[22m[1m[22m[2m 鈹?gzip:     0.26 kB[22m
[2mbuild/[22m[36massets/arrow-big-left-bwuEPJzU.js                       [39m[1m[2m    0.31 kB[22m[1m[22m[2m 鈹?gzip:     0.24 kB[22m
[2mbuild/[22m[36massets/arrow-down-narrow-wide-D5aj2nlF.js               [39m[1m[2m    0.31 kB[22m[1m[22m[2m 鈹?gzip:     0.22 kB[22m
[2mbuild/[22m[36massets/arrow-down-wide-narrow-BJb6aVe6.js               [39m[1m[2m    0.31 kB[22m[1m[22m[2m 鈹?gzip:     0.22 kB[22m
[2mbuild/[22m[36massets/coins-o_oh3CQw.js                                [39m[1m[2m    0.31 kB[22m[1m[22m[2m 鈹?gzip:     0.24 kB[22m
[2mbuild/[22m[36massets/copy-check-DWAQIapQ.js                           [39m[1m[2m    0.31 kB[22m[1m[22m[2m 鈹?gzip:     0.25 kB[22m
[2mbuild/[22m[36massets/diamond-minus-CB_xlwbz.js                        [39m[1m[2m    0.31 kB[22m[1m[22m[2m 鈹?gzip:     0.23 kB[22m
[2mbuild/[22m[36massets/fast-forward-C82YtcSB.js                         [39m[1m[2m    0.31 kB[22m[1m[22m[2m 鈹?gzip:     0.21 kB[22m
[2mbuild/[22m[36massets/git-compare-Ca-4dxLV.js                          [39m[1m[2m    0.31 kB[22m[1m[22m[2m 鈹?gzip:     0.23 kB[22m
[2mbuild/[22m[36massets/glass-water-BKVcpoaz.js                          [39m[1m[2m    0.31 kB[22m[1m[22m[2m 鈹?gzip:     0.25 kB[22m
[2mbuild/[22m[36massets/ligature-BDyal4e2.js                             [39m[1m[2m    0.31 kB[22m[1m[22m[2m 鈹?gzip:     0.23 kB[22m
[2mbuild/[22m[36massets/list-collapse-3lKmPqGr.js                        [39m[1m[2m    0.31 kB[22m[1m[22m[2m 鈹?gzip:     0.21 kB[22m
[2mbuild/[22m[36massets/remove-formatting-Den5Dn5v.js                    [39m[1m[2m    0.31 kB[22m[1m[22m[2m 鈹?gzip:     0.23 kB[22m
[2mbuild/[22m[36massets/satellite-dish-DtyYJs2Q.js                       [39m[1m[2m    0.31 kB[22m[1m[22m[2m 鈹?gzip:     0.23 kB[22m
[2mbuild/[22m[36massets/send-horizontal-CA_HwHtX.js                      [39m[1m[2m    0.31 kB[22m[1m[22m[2m 鈹?gzip:     0.24 kB[22m
[2mbuild/[22m[36massets/arrow-big-right-D3H5Zgpm.js                      [39m[1m[2m    0.31 kB[22m[1m[22m[2m 鈹?gzip:     0.24 kB[22m
[2mbuild/[22m[36massets/inbox-D7VEJQTZ.js                                [39m[1m[2m    0.31 kB[22m[1m[22m[2m 鈹?gzip:     0.25 kB[22m
[2mbuild/[22m[36massets/layout-template-HrfGruVg.js                      [39m[1m[2m    0.31 kB[22m[1m[22m[2m 鈹?gzip:     0.21 kB[22m
[2mbuild/[22m[36massets/lightbulb-ewSD6vXk.js                            [39m[1m[2m    0.31 kB[22m[1m[22m[2m 鈹?gzip:     0.24 kB[22m
[2mbuild/[22m[36massets/plug-DpWzRjrf.js                                 [39m[1m[2m    0.31 kB[22m[1m[22m[2m 鈹?gzip:     0.22 kB[22m
[2mbuild/[22m[36massets/scaling-BTc3RZEj.js                              [39m[1m[2m    0.31 kB[22m[1m[22m[2m 鈹?gzip:     0.23 kB[22m
[2mbuild/[22m[36massets/shirt-BWXTHOZG.js                                [39m[1m[2m    0.31 kB[22m[1m[22m[2m 鈹?gzip:     0.25 kB[22m
[2mbuild/[22m[36massets/user-round-search-BDt01XgC.js                    [39m[1m[2m    0.31 kB[22m[1m[22m[2m 鈹?gzip:     0.24 kB[22m
[2mbuild/[22m[36massets/wallet-BCF39O2l.js                               [39m[1m[2m    0.31 kB[22m[1m[22m[2m 鈹?gzip:     0.23 kB[22m
[2mbuild/[22m[36massets/arrows-up-from-line-BvY5J5nz.js                  [39m[1m[2m    0.31 kB[22m[1m[22m[2m 鈹?gzip:     0.22 kB[22m
[2mbuild/[22m[36massets/computer-DGJxveK9.js                             [39m[1m[2m    0.31 kB[22m[1m[22m[2m 鈹?gzip:     0.23 kB[22m
[2mbuild/[22m[36massets/fishing-hook-DLBRp-xb.js                         [39m[1m[2m    0.31 kB[22m[1m[22m[2m 鈹?gzip:     0.25 kB[22m
[2mbuild/[22m[36massets/layout-panel-left-BucLgteO.js                    [39m[1m[2m    0.31 kB[22m[1m[22m[2m 鈹?gzip:     0.21 kB[22m
[2mbuild/[22m[36massets/layout-panel-top-E3wVc2kC.js                     [39m[1m[2m    0.31 kB[22m[1m[22m[2m 鈹?gzip:     0.21 kB[22m
[2mbuild/[22m[36massets/text-search-BpEdb5Gy.js                          [39m[1m[2m    0.31 kB[22m[1m[22m[2m 鈹?gzip:     0.23 kB[22m
[2mbuild/[22m[36massets/towel-rack-BZI2RzTW.js                           [39m[1m[2m    0.31 kB[22m[1m[22m[2m 鈹?gzip:     0.24 kB[22m
[2mbuild/[22m[36massets/toy-brick-cihuob4P.js                            [39m[1m[2m    0.31 kB[22m[1m[22m[2m 鈹?gzip:     0.24 kB[22m
[2mbuild/[22m[36massets/bike-B-kZ-bLH.js                                 [39m[1m[2m    0.31 kB[22m[1m[22m[2m 鈹?gzip:     0.23 kB[22m
[2mbuild/[22m[36massets/disc-3-Bfro1lsU.js                               [39m[1m[2m    0.31 kB[22m[1m[22m[2m 鈹?gzip:     0.24 kB[22m
[2mbuild/[22m[36massets/list-chevrons-down-up-xvQiuaIl.js                [39m[1m[2m    0.31 kB[22m[1m[22m[2m 鈹?gzip:     0.22 kB[22m
[2mbuild/[22m[36massets/list-chevrons-up-down-CB7Rz7zk.js                [39m[1m[2m    0.31 kB[22m[1m[22m[2m 鈹?gzip:     0.23 kB[22m
[2mbuild/[22m[36massets/receipt-russian-ruble-DY_kjZbo.js                [39m[1m[2m    0.31 kB[22m[1m[22m[2m 鈹?gzip:     0.23 kB[22m
[2mbuild/[22m[36massets/shrub-BAkYO2Xi.js                                [39m[1m[2m    0.31 kB[22m[1m[22m[2m 鈹?gzip:     0.25 kB[22m
[2mbuild/[22m[36massets/tangent-HKzon3Du.js                              [39m[1m[2m    0.31 kB[22m[1m[22m[2m 鈹?gzip:     0.24 kB[22m
[2mbuild/[22m[36massets/ticket-plus-DlXI6kRA.js                          [39m[1m[2m    0.31 kB[22m[1m[22m[2m 鈹?gzip:     0.23 kB[22m
[2mbuild/[22m[36massets/git-pull-request-DiyUt-yT.js                     [39m[1m[2m    0.31 kB[22m[1m[22m[2m 鈹?gzip:     0.24 kB[22m
[2mbuild/[22m[36massets/list-end-miN9fgmi.js                             [39m[1m[2m    0.31 kB[22m[1m[22m[2m 鈹?gzip:     0.23 kB[22m
[2mbuild/[22m[36massets/mail-open-DTgTGzAX.js                            [39m[1m[2m    0.31 kB[22m[1m[22m[2m 鈹?gzip:     0.25 kB[22m
[2mbuild/[22m[36massets/message-circle-check-CEtrhLwa.js                 [39m[1m[2m    0.31 kB[22m[1m[22m[2m 鈹?gzip:     0.25 kB[22m
[2mbuild/[22m[36massets/pill-bottle-CJYLK14a.js                          [39m[1m[2m    0.31 kB[22m[1m[22m[2m 鈹?gzip:     0.25 kB[22m
[2mbuild/[22m[36massets/scan-BP99IYKD.js                                 [39m[1m[2m    0.31 kB[22m[1m[22m[2m 鈹?gzip:     0.22 kB[22m
[2mbuild/[22m[36massets/square-pilcrow-Bu7n0TDJ.js                       [39m[1m[2m    0.31 kB[22m[1m[22m[2m 鈹?gzip:     0.25 kB[22m
[2mbuild/[22m[36massets/bell-B1v5xDJQ.js                                 [39m[1m[2m    0.31 kB[22m[1m[22m[2m 鈹?gzip:     0.25 kB[22m
[2mbuild/[22m[36massets/list-start-BV225QgZ.js                           [39m[1m[2m    0.31 kB[22m[1m[22m[2m 鈹?gzip:     0.23 kB[22m
[2mbuild/[22m[36massets/monitor-stop-BMiXwZWS.js                         [39m[1m[2m    0.31 kB[22m[1m[22m[2m 鈹?gzip:     0.24 kB[22m
[2mbuild/[22m[36massets/send-Dq2WjNwY.js                                 [39m[1m[2m    0.31 kB[22m[1m[22m[2m 鈹?gzip:     0.25 kB[22m
[2mbuild/[22m[36massets/square-arrow-right-exit-CHou9cmB.js              [39m[1m[2m    0.31 kB[22m[1m[22m[2m 鈹?gzip:     0.24 kB[22m
[2mbuild/[22m[36massets/egg-off-CbIZe90z.js                              [39m[1m[2m    0.32 kB[22m[1m[22m[2m 鈹?gzip:     0.25 kB[22m
[2mbuild/[22m[36massets/heading-6-CJ09q7Bd.js                            [39m[1m[2m    0.32 kB[22m[1m[22m[2m 鈹?gzip:     0.24 kB[22m
[2mbuild/[22m[36massets/indian-rupee-BqxxopTn.js                         [39m[1m[2m    0.32 kB[22m[1m[22m[2m 鈹?gzip:     0.23 kB[22m
[2mbuild/[22m[36massets/radius-BqEWMrwZ.js                               [39m[1m[2m    0.32 kB[22m[1m[22m[2m 鈹?gzip:     0.24 kB[22m
[2mbuild/[22m[36massets/case-sensitive-Bg1cTTxD.js                       [39m[1m[2m    0.32 kB[22m[1m[22m[2m 鈹?gzip:     0.26 kB[22m
[2mbuild/[22m[36massets/cloud-rain-wind-Dx0MdtgO.js                      [39m[1m[2m    0.32 kB[22m[1m[22m[2m 鈹?gzip:     0.24 kB[22m
[2mbuild/[22m[36massets/folder-open-Bqrf9ZGH.js                          [39m[1m[2m    0.32 kB[22m[1m[22m[2m 鈹?gzip:     0.24 kB[22m
[2mbuild/[22m[36massets/receipt-NvHjVsxB.js                              [39m[1m[2m    0.32 kB[22m[1m[22m[2m 鈹?gzip:     0.23 kB[22m
[2mbuild/[22m[36massets/shopping-cart-DCgd74W5.js                        [39m[1m[2m    0.32 kB[22m[1m[22m[2m 鈹?gzip:     0.25 kB[22m
[2mbuild/[22m[36massets/variable-BPn66TjK.js                             [39m[1m[2m    0.32 kB[22m[1m[22m[2m 鈹?gzip:     0.23 kB[22m
[2mbuild/[22m[36massets/venus-and-mars-CIfKKRpR.js                       [39m[1m[2m    0.32 kB[22m[1m[22m[2m 鈹?gzip:     0.24 kB[22m
[2mbuild/[22m[36massets/maximize-LARIpy6l.js                             [39m[1m[2m    0.32 kB[22m[1m[22m[2m 鈹?gzip:     0.23 kB[22m
[2mbuild/[22m[36massets/minimize-QH-si53j.js                             [39m[1m[2m    0.32 kB[22m[1m[22m[2m 鈹?gzip:     0.23 kB[22m
[2mbuild/[22m[36massets/pilcrow-left-DGtruqMH.js                         [39m[1m[2m    0.32 kB[22m[1m[22m[2m 鈹?gzip:     0.23 kB[22m
[2mbuild/[22m[36massets/smile-BnW-Nx1E.js                                [39m[1m[2m    0.32 kB[22m[1m[22m[2m 鈹?gzip:     0.23 kB[22m
[2mbuild/[22m[36massets/turntable-DIkzCApI.js                            [39m[1m[2m    0.32 kB[22m[1m[22m[2m 鈹?gzip:     0.25 kB[22m
[2mbuild/[22m[36massets/link-2-off-BQtBRPau.js                           [39m[1m[2m    0.32 kB[22m[1m[22m[2m 鈹?gzip:     0.24 kB[22m
[2mbuild/[22m[36massets/linkedin-3c2x-0Xq.js                             [39m[1m[2m    0.32 kB[22m[1m[22m[2m 鈹?gzip:     0.25 kB[22m
[2mbuild/[22m[36massets/meh-BRxRGhg8.js                                  [39m[1m[2m    0.32 kB[22m[1m[22m[2m 鈹?gzip:     0.22 kB[22m
[2mbuild/[22m[36massets/mirror-round-p6AUcr_W.js                         [39m[1m[2m    0.32 kB[22m[1m[22m[2m 鈹?gzip:     0.24 kB[22m
[2mbuild/[22m[36massets/moon-star-CxiNZhIg.js                            [39m[1m[2m    0.32 kB[22m[1m[22m[2m 鈹?gzip:     0.25 kB[22m
[2mbuild/[22m[36massets/pilcrow-right-DMbXrk8i.js                        [39m[1m[2m    0.32 kB[22m[1m[22m[2m 鈹?gzip:     0.23 kB[22m
[2mbuild/[22m[36massets/receipt-turkish-lira-D38d1p0t.js                 [39m[1m[2m    0.32 kB[22m[1m[22m[2m 鈹?gzip:     0.24 kB[22m
[2mbuild/[22m[36massets/book-user-ckR9C29T.js                            [39m[1m[2m    0.32 kB[22m[1m[22m[2m 鈹?gzip:     0.25 kB[22m
[2mbuild/[22m[36massets/frown-DsRXcjXE.js                                [39m[1m[2m    0.32 kB[22m[1m[22m[2m 鈹?gzip:     0.24 kB[22m
[2mbuild/[22m[36massets/grid-3x3-ZJhh3T4X.js                             [39m[1m[2m    0.32 kB[22m[1m[22m[2m 鈹?gzip:     0.23 kB[22m
[2mbuild/[22m[36massets/map-pin-plus-inside-Cp_hhQ1B.js                  [39m[1m[2m    0.32 kB[22m[1m[22m[2m 鈹?gzip:     0.25 kB[22m
[2mbuild/[22m[36massets/frame-D7RWM3C-.js                                [39m[1m[2m    0.32 kB[22m[1m[22m[2m 鈹?gzip:     0.21 kB[22m
[2mbuild/[22m[36massets/hash-CLnqIwri.js                                 [39m[1m[2m    0.32 kB[22m[1m[22m[2m 鈹?gzip:     0.21 kB[22m
[2mbuild/[22m[36massets/instagram-Ih2NRIAZ.js                            [39m[1m[2m    0.32 kB[22m[1m[22m[2m 鈹?gzip:     0.26 kB[22m
[2mbuild/[22m[36massets/list-tree-BQos0Moa.js                            [39m[1m[2m    0.32 kB[22m[1m[22m[2m 鈹?gzip:     0.22 kB[22m
[2mbuild/[22m[36massets/ticket-x-BzJ6Xgzw.js                             [39m[1m[2m    0.32 kB[22m[1m[22m[2m 鈹?gzip:     0.24 kB[22m
[2mbuild/[22m[36massets/bed-double-DwrmzXnl.js                           [39m[1m[2m    0.32 kB[22m[1m[22m[2m 鈹?gzip:     0.23 kB[22m
[2mbuild/[22m[36massets/egg-fried-DnwCmVQo.js                            [39m[1m[2m    0.32 kB[22m[1m[22m[2m 鈹?gzip:     0.26 kB[22m
[2mbuild/[22m[36massets/monitor-cloud-DTfb73og.js                        [39m[1m[2m    0.32 kB[22m[1m[22m[2m 鈹?gzip:     0.25 kB[22m
[2mbuild/[22m[36massets/archive-x-D8GnkP_6.js                            [39m[1m[2m    0.32 kB[22m[1m[22m[2m 鈹?gzip:     0.25 kB[22m
[2mbuild/[22m[36massets/calendar-1-qRe2h2yQ.js                           [39m[1m[2m    0.32 kB[22m[1m[22m[2m 鈹?gzip:     0.24 kB[22m
[2mbuild/[22m[36massets/clipboard-minus-D0XG0P-F.js                      [39m[1m[2m    0.32 kB[22m[1m[22m[2m 鈹?gzip:     0.25 kB[22m
[2mbuild/[22m[36massets/copy-minus-DD1Vq5rw.js                           [39m[1m[2m    0.32 kB[22m[1m[22m[2m 鈹?gzip:     0.26 kB[22m
[2mbuild/[22m[36massets/copy-slash-fW_2xVoa.js                           [39m[1m[2m    0.32 kB[22m[1m[22m[2m 鈹?gzip:     0.26 kB[22m
[2mbuild/[22m[36massets/folder-symlink-qWJmGQY8.js                       [39m[1m[2m    0.32 kB[22m[1m[22m[2m 鈹?gzip:     0.24 kB[22m
[2mbuild/[22m[36massets/headset-DRDwBzkQ.js                              [39m[1m[2m    0.32 kB[22m[1m[22m[2m 鈹?gzip:     0.23 kB[22m
[2mbuild/[22m[36massets/rocking-chair-A3sBs1dQ.js                        [39m[1m[2m    0.32 kB[22m[1m[22m[2m 鈹?gzip:     0.24 kB[22m
[2mbuild/[22m[36massets/feather-C6d3ze5V.js                              [39m[1m[2m    0.32 kB[22m[1m[22m[2m 鈹?gzip:     0.25 kB[22m
[2mbuild/[22m[36massets/panel-top-dashed-DbBdfclk.js                     [39m[1m[2m    0.32 kB[22m[1m[22m[2m 鈹?gzip:     0.24 kB[22m
[2mbuild/[22m[36massets/spade-DiTztVPF.js                                [39m[1m[2m    0.32 kB[22m[1m[22m[2m 鈹?gzip:     0.26 kB[22m
[2mbuild/[22m[36massets/bone-Dq_TeX8V.js                                 [39m[1m[2m    0.32 kB[22m[1m[22m[2m 鈹?gzip:     0.24 kB[22m
[2mbuild/[22m[36massets/cloud-off-DgncxlQj.js                            [39m[1m[2m    0.32 kB[22m[1m[22m[2m 鈹?gzip:     0.25 kB[22m
[2mbuild/[22m[36massets/flame-kindling-B2NtnDyr.js                       [39m[1m[2m    0.32 kB[22m[1m[22m[2m 鈹?gzip:     0.26 kB[22m
[2mbuild/[22m[36massets/list-todo-aMnRvKVg.js                            [39m[1m[2m    0.32 kB[22m[1m[22m[2m 鈹?gzip:     0.24 kB[22m
[2mbuild/[22m[36massets/monitor-dot-CsqxkQ2s.js                          [39m[1m[2m    0.32 kB[22m[1m[22m[2m 鈹?gzip:     0.25 kB[22m
[2mbuild/[22m[36massets/panel-left-dashed-H9VqsIn_.js                    [39m[1m[2m    0.32 kB[22m[1m[22m[2m 鈹?gzip:     0.23 kB[22m
[2mbuild/[22m[36massets/battery-full-CtQzcWok.js                         [39m[1m[2m    0.33 kB[22m[1m[22m[2m 鈹?gzip:     0.23 kB[22m
[2mbuild/[22m[36massets/bean-CmMlF7z4.js                                 [39m[1m[2m    0.33 kB[22m[1m[22m[2m 鈹?gzip:     0.26 kB[22m
[2mbuild/[22m[36massets/monitor-pause-CwPcZMfq.js                        [39m[1m[2m    0.33 kB[22m[1m[22m[2m 鈹?gzip:     0.24 kB[22m
[2mbuild/[22m[36massets/video-off-C9Neaj9M.js                            [39m[1m[2m    0.33 kB[22m[1m[22m[2m 鈹?gzip:     0.25 kB[22m
[2mbuild/[22m[36massets/calendar-minus-2-DIuNpSWQ.js                     [39m[1m[2m    0.33 kB[22m[1m[22m[2m 鈹?gzip:     0.24 kB[22m
[2mbuild/[22m[36massets/chevrons-left-right-ellipsis-CIP9qxVe.js         [39m[1m[2m    0.33 kB[22m[1m[22m[2m 鈹?gzip:     0.23 kB[22m
[2mbuild/[22m[36massets/circle-divide-BsJIu65r.js                        [39m[1m[2m    0.33 kB[22m[1m[22m[2m 鈹?gzip:     0.22 kB[22m
[2mbuild/[22m[36massets/flask-conical-Czka7agN.js                        [39m[1m[2m    0.33 kB[22m[1m[22m[2m 鈹?gzip:     0.25 kB[22m
[2mbuild/[22m[36massets/list-CTaXj7Mh.js                                 [39m[1m[2m    0.33 kB[22m[1m[22m[2m 鈹?gzip:     0.21 kB[22m
[2mbuild/[22m[36massets/message-square-share-CGvnA2Po.js                 [39m[1m[2m    0.33 kB[22m[1m[22m[2m 鈹?gzip:     0.25 kB[22m
[2mbuild/[22m[36massets/subscript-CUbtX0K4.js                            [39m[1m[2m    0.33 kB[22m[1m[22m[2m 鈹?gzip:     0.26 kB[22m
[2mbuild/[22m[36massets/thumbs-up-DHjmta5q.js                            [39m[1m[2m    0.33 kB[22m[1m[22m[2m 鈹?gzip:     0.26 kB[22m
[2mbuild/[22m[36massets/zoom-in-DIhOPxzi.js                              [39m[1m[2m    0.33 kB[22m[1m[22m[2m 鈹?gzip:     0.23 kB[22m
[2mbuild/[22m[36massets/bubbles-BwFM9bu5.js                              [39m[1m[2m    0.33 kB[22m[1m[22m[2m 鈹?gzip:     0.24 kB[22m
[2mbuild/[22m[36massets/delete-DQG6o9jO.js                               [39m[1m[2m    0.33 kB[22m[1m[22m[2m 鈹?gzip:     0.24 kB[22m
[2mbuild/[22m[36massets/git-merge-conflict-D5qFAMoX.js                   [39m[1m[2m    0.33 kB[22m[1m[22m[2m 鈹?gzip:     0.24 kB[22m
[2mbuild/[22m[36massets/map-pin-x-inside--R2iFUSj.js                     [39m[1m[2m    0.33 kB[22m[1m[22m[2m 鈹?gzip:     0.25 kB[22m
[2mbuild/[22m[36massets/milestone-Ja_qRCeE.js                            [39m[1m[2m    0.33 kB[22m[1m[22m[2m 鈹?gzip:     0.24 kB[22m
[2mbuild/[22m[36massets/monitor-up-ChCiqHS-.js                           [39m[1m[2m    0.33 kB[22m[1m[22m[2m 鈹?gzip:     0.25 kB[22m
[2mbuild/[22m[36massets/thumbs-down-vu31K6YB.js                          [39m[1m[2m    0.33 kB[22m[1m[22m[2m 鈹?gzip:     0.26 kB[22m
[2mbuild/[22m[36massets/wrench-BUmU-_HV.js                               [39m[1m[2m    0.33 kB[22m[1m[22m[2m 鈹?gzip:     0.26 kB[22m
[2mbuild/[22m[36massets/clipboard-check-D1YOgXOJ.js                      [39m[1m[2m    0.33 kB[22m[1m[22m[2m 鈹?gzip:     0.25 kB[22m
[2mbuild/[22m[36massets/coffee-Cqva0S_o.js                               [39m[1m[2m    0.33 kB[22m[1m[22m[2m 鈹?gzip:     0.23 kB[22m
[2mbuild/[22m[36massets/lamp-ceiling-CFdybnP3.js                         [39m[1m[2m    0.33 kB[22m[1m[22m[2m 鈹?gzip:     0.25 kB[22m
[2mbuild/[22m[36massets/laptop-BBgtwlWq.js                               [39m[1m[2m    0.33 kB[22m[1m[22m[2m 鈹?gzip:     0.25 kB[22m
[2mbuild/[22m[36massets/mails-dtI7QJcJ.js                                [39m[1m[2m    0.33 kB[22m[1m[22m[2m 鈹?gzip:     0.26 kB[22m
[2mbuild/[22m[36massets/paint-roller-KtN-geux.js                         [39m[1m[2m    0.33 kB[22m[1m[22m[2m 鈹?gzip:     0.25 kB[22m
[2mbuild/[22m[36massets/shrink-BBFVic6s.js                               [39m[1m[2m    0.33 kB[22m[1m[22m[2m 鈹?gzip:     0.25 kB[22m
[2mbuild/[22m[36massets/ampersands-CHRKkS9s.js                           [39m[1m[2m    0.33 kB[22m[1m[22m[2m 鈹?gzip:     0.22 kB[22m
[2mbuild/[22m[36massets/arrow-up-a-z-B22_QEyu.js                         [39m[1m[2m    0.33 kB[22m[1m[22m[2m 鈹?gzip:     0.24 kB[22m
[2mbuild/[22m[36massets/audio-lines-DzAwxyu2.js                          [39m[1m[2m    0.33 kB[22m[1m[22m[2m 鈹?gzip:     0.22 kB[22m
[2mbuild/[22m[36massets/calendar-check-CbbSlLtT.js                       [39m[1m[2m    0.33 kB[22m[1m[22m[2m 鈹?gzip:     0.24 kB[22m
[2mbuild/[22m[36massets/gallery-thumbnails-Cl9f9J3B.js                   [39m[1m[2m    0.33 kB[22m[1m[22m[2m 鈹?gzip:     0.24 kB[22m
[2mbuild/[22m[36massets/mouse-off-B6d7vP97.js                            [39m[1m[2m    0.33 kB[22m[1m[22m[2m 鈹?gzip:     0.24 kB[22m
[2mbuild/[22m[36massets/panel-right-dashed-DZZ88jcB.js                   [39m[1m[2m    0.33 kB[22m[1m[22m[2m 鈹?gzip:     0.24 kB[22m
[2mbuild/[22m[36massets/table-cells-merge-Bis9bvFj.js                    [39m[1m[2m    0.33 kB[22m[1m[22m[2m 鈹?gzip:     0.24 kB[22m
[2mbuild/[22m[36massets/arrow-up-z-a-1Vbww63r.js                         [39m[1m[2m    0.33 kB[22m[1m[22m[2m 鈹?gzip:     0.24 kB[22m
[2mbuild/[22m[36massets/case-upper-E6xTXpqJ.js                           [39m[1m[2m    0.33 kB[22m[1m[22m[2m 鈹?gzip:     0.25 kB[22m
[2mbuild/[22m[36massets/dice-4-DFER8R7K.js                               [39m[1m[2m    0.33 kB[22m[1m[22m[2m 鈹?gzip:     0.23 kB[22m
[2mbuild/[22m[36massets/folder-plus-Bf6zFv2x.js                          [39m[1m[2m    0.33 kB[22m[1m[22m[2m 鈹?gzip:     0.24 kB[22m
[2mbuild/[22m[36massets/joystick-CI6Jy3D9.js                             [39m[1m[2m    0.33 kB[22m[1m[22m[2m 鈹?gzip:     0.25 kB[22m
[2mbuild/[22m[36massets/monitor-down-CteV2-n_.js                         [39m[1m[2m    0.33 kB[22m[1m[22m[2m 鈹?gzip:     0.25 kB[22m
[2mbuild/[22m[36massets/mouse-pointer-CtZFncLK.js                        [39m[1m[2m    0.33 kB[22m[1m[22m[2m 鈹?gzip:     0.26 kB[22m
[2mbuild/[22m[36massets/panel-bottom-dashed-BSgBdcGE.js                  [39m[1m[2m    0.33 kB[22m[1m[22m[2m 鈹?gzip:     0.24 kB[22m
[2mbuild/[22m[36massets/plane-Db5YTm1z.js                                [39m[1m[2m    0.33 kB[22m[1m[22m[2m 鈹?gzip:     0.27 kB[22m
[2mbuild/[22m[36massets/receipt-swiss-franc-DTys4fVn.js                  [39m[1m[2m    0.33 kB[22m[1m[22m[2m 鈹?gzip:     0.23 kB[22m
[2mbuild/[22m[36massets/user-x-DSCsZT0j.js                               [39m[1m[2m    0.33 kB[22m[1m[22m[2m 鈹?gzip:     0.25 kB[22m
[2mbuild/[22m[36massets/users-DGTTNY-3.js                                [39m[1m[2m    0.33 kB[22m[1m[22m[2m 鈹?gzip:     0.24 kB[22m
[2mbuild/[22m[36massets/index-BbeTGdV2.js                                [39m[1m[2m    0.33 kB[22m[1m[22m[2m 鈹?gzip:     0.26 kB[22m
[2mbuild/[22m[36massets/align-vertical-space-between-DpFV8fMY.js         [39m[1m[2m    0.33 kB[22m[1m[22m[2m 鈹?gzip:     0.24 kB[22m
[2mbuild/[22m[36massets/arrow-up-0-1-Do9UcAN0.js                         [39m[1m[2m    0.33 kB[22m[1m[22m[2m 鈹?gzip:     0.25 kB[22m
[2mbuild/[22m[36massets/arrow-up-1-0-Bh32Mjzb.js                         [39m[1m[2m    0.33 kB[22m[1m[22m[2m 鈹?gzip:     0.25 kB[22m
[2mbuild/[22m[36massets/book-audio-BXWirv9B.js                           [39m[1m[2m    0.33 kB[22m[1m[22m[2m 鈹?gzip:     0.24 kB[22m
[2mbuild/[22m[36massets/git-pull-request-create-BvpsAqZ8.js              [39m[1m[2m    0.33 kB[22m[1m[22m[2m 鈹?gzip:     0.25 kB[22m
[2mbuild/[22m[36massets/arrow-down-a-z-ntbuRAla.js                       [39m[1m[2m    0.33 kB[22m[1m[22m[2m 鈹?gzip:     0.24 kB[22m
[2mbuild/[22m[36massets/bookmark-plus-Bt3_Dkb6.js                        [39m[1m[2m    0.33 kB[22m[1m[22m[2m 鈹?gzip:     0.25 kB[22m
[2mbuild/[22m[36massets/chef-hat-Dqf3yZL3.js                             [39m[1m[2m    0.33 kB[22m[1m[22m[2m 鈹?gzip:     0.26 kB[22m
[2mbuild/[22m[36massets/cross-DhxgGeG8.js                                [39m[1m[2m    0.33 kB[22m[1m[22m[2m 鈹?gzip:     0.21 kB[22m
[2mbuild/[22m[36massets/laugh-7HEPb7Z1.js                                [39m[1m[2m    0.33 kB[22m[1m[22m[2m 鈹?gzip:     0.25 kB[22m
[2mbuild/[22m[36massets/monitor-x-CtV3am6i.js                            [39m[1m[2m    0.33 kB[22m[1m[22m[2m 鈹?gzip:     0.25 kB[22m
[2mbuild/[22m[36massets/user-lock-Dbu0ddQS.js                            [39m[1m[2m    0.33 kB[22m[1m[22m[2m 鈹?gzip:     0.27 kB[22m
[2mbuild/[22m[36massets/align-horizontal-space-between-CTdu6Wgs.js       [39m[1m[2m    0.33 kB[22m[1m[22m[2m 鈹?gzip:     0.25 kB[22m
[2mbuild/[22m[36massets/align-vertical-distribute-end-B-Xd2yNA.js        [39m[1m[2m    0.33 kB[22m[1m[22m[2m 鈹?gzip:     0.24 kB[22m
[2mbuild/[22m[36massets/arrow-down-z-a-GrVJmJ1r.js                       [39m[1m[2m    0.33 kB[22m[1m[22m[2m 鈹?gzip:     0.25 kB[22m
[2mbuild/[22m[36massets/brush-F0TXf7yr.js                                [39m[1m[2m    0.33 kB[22m[1m[22m[2m 鈹?gzip:     0.26 kB[22m
[2mbuild/[22m[36massets/folder-clock-DEVZUj4C.js                         [39m[1m[2m    0.33 kB[22m[1m[22m[2m 鈹?gzip:     0.26 kB[22m
[2mbuild/[22m[36massets/inspection-panel-YCUV1tWN.js                     [39m[1m[2m    0.33 kB[22m[1m[22m[2m 鈹?gzip:     0.23 kB[22m
[2mbuild/[22m[36massets/sprout-BiBylE4v.js                               [39m[1m[2m    0.33 kB[22m[1m[22m[2m 鈹?gzip:     0.24 kB[22m
[2mbuild/[22m[36massets/text-initial-BuQXXQl5.js                         [39m[1m[2m    0.33 kB[22m[1m[22m[2m 鈹?gzip:     0.24 kB[22m
[2mbuild/[22m[36massets/tree-pine-BoNn5l_f.js                            [39m[1m[2m    0.33 kB[22m[1m[22m[2m 鈹?gzip:     0.24 kB[22m
[2mbuild/[22m[36massets/align-vertical-distribute-start-VGQajoIV.js      [39m[1m[2m    0.33 kB[22m[1m[22m[2m 鈹?gzip:     0.24 kB[22m
[2mbuild/[22m[36massets/arrow-down-0-1-CsOx1xq5.js                       [39m[1m[2m    0.33 kB[22m[1m[22m[2m 鈹?gzip:     0.25 kB[22m
[2mbuild/[22m[36massets/arrow-down-1-0-8qwzRL0W.js                       [39m[1m[2m    0.33 kB[22m[1m[22m[2m 鈹?gzip:     0.25 kB[22m
[2mbuild/[22m[36massets/box-yKJOqbCX.js                                  [39m[1m[2m    0.33 kB[22m[1m[22m[2m 鈹?gzip:     0.24 kB[22m
[2mbuild/[22m[36massets/concierge-bell-F4AXaTfi.js                       [39m[1m[2m    0.33 kB[22m[1m[22m[2m 鈹?gzip:     0.24 kB[22m
[2mbuild/[22m[36massets/folder-up-CssoaAV6.js                            [39m[1m[2m    0.33 kB[22m[1m[22m[2m 鈹?gzip:     0.25 kB[22m
[2mbuild/[22m[36massets/message-square-plus-3kteGPdS.js                  [39m[1m[2m    0.33 kB[22m[1m[22m[2m 鈹?gzip:     0.25 kB[22m
[2mbuild/[22m[36massets/regex-DgaIOnpx.js                                [39m[1m[2m    0.33 kB[22m[1m[22m[2m 鈹?gzip:     0.24 kB[22m
[2mbuild/[22m[36massets/user-plus-C29jJYHJ.js                            [39m[1m[2m    0.33 kB[22m[1m[22m[2m 鈹?gzip:     0.25 kB[22m
[2mbuild/[22m[36massets/align-horizontal-distribute-end-B51xqXxl.js      [39m[1m[2m    0.34 kB[22m[1m[22m[2m 鈹?gzip:     0.24 kB[22m
[2mbuild/[22m[36massets/cloud-backup-CW6sLri2.js                         [39m[1m[2m    0.34 kB[22m[1m[22m[2m 鈹?gzip:     0.26 kB[22m
[2mbuild/[22m[36massets/file-exclamation-point-QOuV4c4c.js               [39m[1m[2m    0.34 kB[22m[1m[22m[2m 鈹?gzip:     0.25 kB[22m
[2mbuild/[22m[36massets/file-minus-corner-UNZ_sez2.js                    [39m[1m[2m    0.34 kB[22m[1m[22m[2m 鈹?gzip:     0.25 kB[22m
[2mbuild/[22m[36massets/message-square-off-BbJOKlFR.js                   [39m[1m[2m    0.34 kB[22m[1m[22m[2m 鈹?gzip:     0.26 kB[22m
[2mbuild/[22m[36massets/scissors-DOrrzQBb.js                             [39m[1m[2m    0.34 kB[22m[1m[22m[2m 鈹?gzip:     0.24 kB[22m
[2mbuild/[22m[36massets/align-horizontal-distribute-start-BKWBwubo.js    [39m[1m[2m    0.34 kB[22m[1m[22m[2m 鈹?gzip:     0.24 kB[22m
[2mbuild/[22m[36massets/book-type-DhSp1jfx.js                            [39m[1m[2m    0.34 kB[22m[1m[22m[2m 鈹?gzip:     0.25 kB[22m
[2mbuild/[22m[36massets/file-minus-BtBiRmVk.js                           [39m[1m[2m    0.34 kB[22m[1m[22m[2m 鈹?gzip:     0.25 kB[22m
[2mbuild/[22m[36massets/hard-drive-upload-Br3uLDPM.js                    [39m[1m[2m    0.34 kB[22m[1m[22m[2m 鈹?gzip:     0.25 kB[22m
[2mbuild/[22m[36massets/folder-down-c1vCrGrE.js                          [39m[1m[2m    0.34 kB[22m[1m[22m[2m 鈹?gzip:     0.25 kB[22m
[2mbuild/[22m[36massets/hard-drive-download-Cedg7zaN.js                  [39m[1m[2m    0.34 kB[22m[1m[22m[2m 鈹?gzip:     0.25 kB[22m
[2mbuild/[22m[36massets/heart-minus-DFXwIFUU.js                          [39m[1m[2m    0.34 kB[22m[1m[22m[2m 鈹?gzip:     0.27 kB[22m
[2mbuild/[22m[36massets/repeat-1-CO7-blGS.js                             [39m[1m[2m    0.34 kB[22m[1m[22m[2m 鈹?gzip:     0.24 kB[22m
[2mbuild/[22m[36massets/antenna-Dgpp_Dnm.js                              [39m[1m[2m    0.34 kB[22m[1m[22m[2m 鈹?gzip:     0.22 kB[22m
[2mbuild/[22m[36massets/apple-BEoa2X1F.js                                [39m[1m[2m    0.34 kB[22m[1m[22m[2m 鈹?gzip:     0.25 kB[22m
[2mbuild/[22m[36massets/flag-off-B1qR6Pkv.js                             [39m[1m[2m    0.34 kB[22m[1m[22m[2m 鈹?gzip:     0.26 kB[22m
[2mbuild/[22m[36massets/folder-input-DGeQAw9E.js                         [39m[1m[2m    0.34 kB[22m[1m[22m[2m 鈹?gzip:     0.25 kB[22m
[2mbuild/[22m[36massets/ice-cream-bowl-Bqvhjn5W.js                       [39m[1m[2m    0.34 kB[22m[1m[22m[2m 鈹?gzip:     0.25 kB[22m
[2mbuild/[22m[36massets/mail-plus-Cgowww7h.js                            [39m[1m[2m    0.34 kB[22m[1m[22m[2m 鈹?gzip:     0.25 kB[22m
[2mbuild/[22m[36massets/saudi-riyal-Dqm6a9Lu.js                          [39m[1m[2m    0.34 kB[22m[1m[22m[2m 鈹?gzip:     0.25 kB[22m
[2mbuild/[22m[36massets/shield-half-D0zBXUGE.js                          [39m[1m[2m    0.34 kB[22m[1m[22m[2m 鈹?gzip:     0.27 kB[22m
[2mbuild/[22m[36massets/shield-minus-CoNuaEH3.js                         [39m[1m[2m    0.34 kB[22m[1m[22m[2m 鈹?gzip:     0.27 kB[22m
[2mbuild/[22m[36massets/book-image-z3cCNZJI.js                           [39m[1m[2m    0.34 kB[22m[1m[22m[2m 鈹?gzip:     0.27 kB[22m
[2mbuild/[22m[36massets/bookmark-x-ClqLjfCl.js                           [39m[1m[2m    0.34 kB[22m[1m[22m[2m 鈹?gzip:     0.26 kB[22m
[2mbuild/[22m[36massets/bring-to-front-CeBKcHKh.js                       [39m[1m[2m    0.34 kB[22m[1m[22m[2m 鈹?gzip:     0.25 kB[22m
[2mbuild/[22m[36massets/chart-area-CGWQlHhk.js                           [39m[1m[2m    0.34 kB[22m[1m[22m[2m 鈹?gzip:     0.25 kB[22m
[2mbuild/[22m[36massets/file-check-corner-lk6diB8D.js                    [39m[1m[2m    0.34 kB[22m[1m[22m[2m 鈹?gzip:     0.26 kB[22m
[2mbuild/[22m[36massets/folder-search-VN-kUrL8.js                        [39m[1m[2m    0.34 kB[22m[1m[22m[2m 鈹?gzip:     0.26 kB[22m
[2mbuild/[22m[36massets/folder-x-BqOL7d0Z.js                             [39m[1m[2m    0.34 kB[22m[1m[22m[2m 鈹?gzip:     0.25 kB[22m
[2mbuild/[22m[36massets/mail-x-DJVtqbdf.js                               [39m[1m[2m    0.34 kB[22m[1m[22m[2m 鈹?gzip:     0.25 kB[22m
[2mbuild/[22m[36massets/user-round-key-BmeqHLGj.js                       [39m[1m[2m    0.34 kB[22m[1m[22m[2m 鈹?gzip:     0.25 kB[22m
[2mbuild/[22m[36massets/badge-check-BqTEceOT.js                          [39m[1m[2m    0.34 kB[22m[1m[22m[2m 鈹?gzip:     0.24 kB[22m
[2mbuild/[22m[36massets/folder-output-BL2HIoIy.js                        [39m[1m[2m    0.34 kB[22m[1m[22m[2m 鈹?gzip:     0.25 kB[22m
[2mbuild/[22m[36massets/gavel-BT9H-aa3.js                                [39m[1m[2m    0.34 kB[22m[1m[22m[2m 鈹?gzip:     0.24 kB[22m
[2mbuild/[22m[36massets/languages---bNyNOS.js                            [39m[1m[2m    0.34 kB[22m[1m[22m[2m 鈹?gzip:     0.24 kB[22m
[2mbuild/[22m[36massets/message-square-warning-CXjuaKvK.js               [39m[1m[2m    0.34 kB[22m[1m[22m[2m 鈹?gzip:     0.26 kB[22m
[2mbuild/[22m[36massets/banana-CzpXtYtU.js                               [39m[1m[2m    0.34 kB[22m[1m[22m[2m 鈹?gzip:     0.27 kB[22m
[2mbuild/[22m[36massets/chromium-BBLhe9w_.js                             [39m[1m[2m    0.34 kB[22m[1m[22m[2m 鈹?gzip:     0.25 kB[22m
[2mbuild/[22m[36massets/git-pull-request-draft-DJ8noDNa.js               [39m[1m[2m    0.34 kB[22m[1m[22m[2m 鈹?gzip:     0.25 kB[22m
[2mbuild/[22m[36massets/shapes-DY0Kh3Hf.js                               [39m[1m[2m    0.34 kB[22m[1m[22m[2m 鈹?gzip:     0.27 kB[22m
[2mbuild/[22m[36massets/signature-DAO9VCRE.js                            [39m[1m[2m    0.34 kB[22m[1m[22m[2m 鈹?gzip:     0.27 kB[22m
[2mbuild/[22m[36massets/toilet-BNmRlPf0.js                               [39m[1m[2m    0.34 kB[22m[1m[22m[2m 鈹?gzip:     0.25 kB[22m
[2mbuild/[22m[36massets/videotape-BKWxd_-E.js                            [39m[1m[2m    0.34 kB[22m[1m[22m[2m 鈹?gzip:     0.25 kB[22m
[2mbuild/[22m[36massets/cast-BGt8QcQd.js                                 [39m[1m[2m    0.34 kB[22m[1m[22m[2m 鈹?gzip:     0.25 kB[22m
[2mbuild/[22m[36massets/file-check-9m7-duAZ.js                           [39m[1m[2m    0.34 kB[22m[1m[22m[2m 鈹?gzip:     0.25 kB[22m
[2mbuild/[22m[36massets/message-circle-plus-5zT_g9HM.js                  [39m[1m[2m    0.34 kB[22m[1m[22m[2m 鈹?gzip:     0.26 kB[22m
[2mbuild/[22m[36massets/message-circle-x-BBJ10tbc.js                     [39m[1m[2m    0.34 kB[22m[1m[22m[2m 鈹?gzip:     0.26 kB[22m
[2mbuild/[22m[36massets/message-square-x-yVQp3gor.js                     [39m[1m[2m    0.34 kB[22m[1m[22m[2m 鈹?gzip:     0.25 kB[22m
[2mbuild/[22m[36massets/pencil-line-CcaF8cHG.js                          [39m[1m[2m    0.34 kB[22m[1m[22m[2m 鈹?gzip:     0.26 kB[22m
[2mbuild/[22m[36massets/table-of-contents-Dt79o22U.js                    [39m[1m[2m    0.34 kB[22m[1m[22m[2m 鈹?gzip:     0.22 kB[22m
[2mbuild/[22m[36massets/book-search-CDVnFvzJ.js                          [39m[1m[2m    0.34 kB[22m[1m[22m[2m 鈹?gzip:     0.26 kB[22m
[2mbuild/[22m[36massets/hard-hat-CYwbT0n7.js                             [39m[1m[2m    0.34 kB[22m[1m[22m[2m 鈹?gzip:     0.26 kB[22m
[2mbuild/[22m[36massets/list-video-DDiKvdfc.js                           [39m[1m[2m    0.34 kB[22m[1m[22m[2m 鈹?gzip:     0.24 kB[22m
[2mbuild/[22m[36massets/printer-BU_kCgNZ.js                              [39m[1m[2m    0.34 kB[22m[1m[22m[2m 鈹?gzip:     0.25 kB[22m
[2mbuild/[22m[36massets/star-half-pz8dcTox.js                            [39m[1m[2m    0.34 kB[22m[1m[22m[2m 鈹?gzip:     0.26 kB[22m
[2mbuild/[22m[36massets/diamond-plus-b5Jll7Aw.js                         [39m[1m[2m    0.34 kB[22m[1m[22m[2m 鈹?gzip:     0.24 kB[22m
[2mbuild/[22m[36massets/fuel-Dpua0fIu.js                                 [39m[1m[2m    0.34 kB[22m[1m[22m[2m 鈹?gzip:     0.24 kB[22m
[2mbuild/[22m[36massets/move-oj8grUiC.js                                 [39m[1m[2m    0.34 kB[22m[1m[22m[2m 鈹?gzip:     0.23 kB[22m
[2mbuild/[22m[36massets/shield-check-BVonWJog.js                         [39m[1m[2m    0.34 kB[22m[1m[22m[2m 鈹?gzip:     0.27 kB[22m
[2mbuild/[22m[36massets/square-pen-CGodvZny.js                           [39m[1m[2m    0.34 kB[22m[1m[22m[2m 鈹?gzip:     0.26 kB[22m
[2mbuild/[22m[36massets/book-copy-CurK6k3c.js                            [39m[1m[2m    0.35 kB[22m[1m[22m[2m 鈹?gzip:     0.25 kB[22m
[2mbuild/[22m[36massets/cloud-moon-CpcuE3k-.js                           [39m[1m[2m    0.35 kB[22m[1m[22m[2m 鈹?gzip:     0.27 kB[22m
[2mbuild/[22m[36massets/cup-soda-Df_maBDa.js                             [39m[1m[2m    0.35 kB[22m[1m[22m[2m 鈹?gzip:     0.25 kB[22m
[2mbuild/[22m[36massets/folders-DVSVVUoL.js                              [39m[1m[2m    0.35 kB[22m[1m[22m[2m 鈹?gzip:     0.25 kB[22m
[2mbuild/[22m[36massets/git-pull-request-arrow-qVtKvMAe.js               [39m[1m[2m    0.35 kB[22m[1m[22m[2m 鈹?gzip:     0.26 kB[22m
[2mbuild/[22m[36massets/refresh-ccw-Do7MJ7e-.js                          [39m[1m[2m    0.35 kB[22m[1m[22m[2m 鈹?gzip:     0.24 kB[22m
[2mbuild/[22m[36massets/refresh-cw-Dw3is-RJ.js                           [39m[1m[2m    0.35 kB[22m[1m[22m[2m 鈹?gzip:     0.25 kB[22m
[2mbuild/[22m[36massets/send-to-back-zlvGvoJm.js                         [39m[1m[2m    0.35 kB[22m[1m[22m[2m 鈹?gzip:     0.24 kB[22m
[2mbuild/[22m[36massets/square-stack-wUGfVff8.js                         [39m[1m[2m    0.35 kB[22m[1m[22m[2m 鈹?gzip:     0.25 kB[22m
[2mbuild/[22m[36massets/stamp-BmwSbY0a.js                                [39m[1m[2m    0.35 kB[22m[1m[22m[2m 鈹?gzip:     0.25 kB[22m
[2mbuild/[22m[36massets/superscript-Bx65UFfh.js                          [39m[1m[2m    0.35 kB[22m[1m[22m[2m 鈹?gzip:     0.27 kB[22m
[2mbuild/[22m[36massets/ticket-B0zBDA1N.js                               [39m[1m[2m    0.35 kB[22m[1m[22m[2m 鈹?gzip:     0.24 kB[22m
[2mbuild/[22m[36massets/calendar-minus-CxB9BlAl.js                       [39m[1m[2m    0.35 kB[22m[1m[22m[2m 鈹?gzip:     0.24 kB[22m
[2mbuild/[22m[36massets/folder-root-CKF6evEs.js                          [39m[1m[2m    0.35 kB[22m[1m[22m[2m 鈹?gzip:     0.26 kB[22m
[2mbuild/[22m[36massets/hand-helping-Bv0P7scD.js                         [39m[1m[2m    0.35 kB[22m[1m[22m[2m 鈹?gzip:     0.27 kB[22m
[2mbuild/[22m[36massets/microwave-CXfRIVFX.js                            [39m[1m[2m    0.35 kB[22m[1m[22m[2m 鈹?gzip:     0.24 kB[22m
[2mbuild/[22m[36massets/phone-kHSO-czz.js                                [39m[1m[2m    0.35 kB[22m[1m[22m[2m 鈹?gzip:     0.25 kB[22m
[2mbuild/[22m[36massets/spell-check-2-BTJkqNIm.js                        [39m[1m[2m    0.35 kB[22m[1m[22m[2m 鈹?gzip:     0.23 kB[22m
[2mbuild/[22m[36massets/a-large-small-JAtlEX7Y.js                        [39m[1m[2m    0.35 kB[22m[1m[22m[2m 鈹?gzip:     0.26 kB[22m
[2mbuild/[22m[36massets/arrow-big-down-dash-DvWZpOfH.js                  [39m[1m[2m    0.35 kB[22m[1m[22m[2m 鈹?gzip:     0.25 kB[22m
[2mbuild/[22m[36massets/arrow-big-up-dash-CNLrcV8L.js                    [39m[1m[2m    0.35 kB[22m[1m[22m[2m 鈹?gzip:     0.25 kB[22m
[2mbuild/[22m[36massets/eye-closed-CKA_fGr6.js                           [39m[1m[2m    0.35 kB[22m[1m[22m[2m 鈹?gzip:     0.24 kB[22m
[2mbuild/[22m[36massets/funnel-plus-8iY2ekGy.js                          [39m[1m[2m    0.35 kB[22m[1m[22m[2m 鈹?gzip:     0.26 kB[22m
[2mbuild/[22m[36massets/id-card-Cwos2jrg.js                              [39m[1m[2m    0.35 kB[22m[1m[22m[2m 鈹?gzip:     0.26 kB[22m
[2mbuild/[22m[36massets/message-square-code-C-8sYCXs.js                  [39m[1m[2m    0.35 kB[22m[1m[22m[2m 鈹?gzip:     0.26 kB[22m
[2mbuild/[22m[36massets/rotate-ccw-key-Bsi2kE2b.js                       [39m[1m[2m    0.35 kB[22m[1m[22m[2m 鈹?gzip:     0.26 kB[22m
[2mbuild/[22m[36massets/screen-share-UaNHBo7-.js                         [39m[1m[2m    0.35 kB[22m[1m[22m[2m 鈹?gzip:     0.25 kB[22m
[2mbuild/[22m[36massets/whole-word-Do76Mfik.js                           [39m[1m[2m    0.35 kB[22m[1m[22m[2m 鈹?gzip:     0.25 kB[22m
[2mbuild/[22m[36massets/mail-warning-BJDjNUsE.js                         [39m[1m[2m    0.35 kB[22m[1m[22m[2m 鈹?gzip:     0.26 kB[22m
[2mbuild/[22m[36massets/message-circle-warning-sb1Q1948.js               [39m[1m[2m    0.35 kB[22m[1m[22m[2m 鈹?gzip:     0.27 kB[22m
[2mbuild/[22m[36massets/receipt-indian-rupee-UKqBeeSm.js                 [39m[1m[2m    0.35 kB[22m[1m[22m[2m 鈹?gzip:     0.24 kB[22m
[2mbuild/[22m[36massets/tv-minimal-play-CnU2c_kK.js                      [39m[1m[2m    0.35 kB[22m[1m[22m[2m 鈹?gzip:     0.27 kB[22m
[2mbuild/[22m[36massets/briefcase-business-C20GRMwX.js                   [39m[1m[2m    0.35 kB[22m[1m[22m[2m 鈹?gzip:     0.26 kB[22m
[2mbuild/[22m[36massets/flip-horizontal-2-BUNj46BE.js                    [39m[1m[2m    0.35 kB[22m[1m[22m[2m 鈹?gzip:     0.23 kB[22m
[2mbuild/[22m[36massets/squares-exclude-C4sUx08s.js                      [39m[1m[2m    0.35 kB[22m[1m[22m[2m 鈹?gzip:     0.24 kB[22m
[2mbuild/[22m[36massets/user-key-JnvFy2nZ.js                             [39m[1m[2m    0.35 kB[22m[1m[22m[2m 鈹?gzip:     0.25 kB[22m
[2mbuild/[22m[36massets/arrow-big-left-dash-9LORb7Qm.js                  [39m[1m[2m    0.35 kB[22m[1m[22m[2m 鈹?gzip:     0.26 kB[22m
[2mbuild/[22m[36massets/arrow-big-right-dash-MPsthBe7.js                 [39m[1m[2m    0.35 kB[22m[1m[22m[2m 鈹?gzip:     0.25 kB[22m
[2mbuild/[22m[36massets/contact-round-InkLvNVz.js                        [39m[1m[2m    0.35 kB[22m[1m[22m[2m 鈹?gzip:     0.26 kB[22m
[2mbuild/[22m[36massets/heading-5-51PnF4vt.js                            [39m[1m[2m    0.35 kB[22m[1m[22m[2m 鈹?gzip:     0.25 kB[22m
[2mbuild/[22m[36massets/library-big-DExu6LQe.js                          [39m[1m[2m    0.35 kB[22m[1m[22m[2m 鈹?gzip:     0.28 kB[22m
[2mbuild/[22m[36massets/monitor-smartphone-FaSrgPrX.js                   [39m[1m[2m    0.35 kB[22m[1m[22m[2m 鈹?gzip:     0.26 kB[22m
[2mbuild/[22m[36massets/receipt-pound-sterling-CpmQJ2Hg.js               [39m[1m[2m    0.35 kB[22m[1m[22m[2m 鈹?gzip:     0.25 kB[22m
[2mbuild/[22m[36massets/sailboat-BXHiCe81.js                             [39m[1m[2m    0.35 kB[22m[1m[22m[2m 鈹?gzip:     0.25 kB[22m
[2mbuild/[22m[36massets/square-divide-CfVsB8dW.js                        [39m[1m[2m    0.35 kB[22m[1m[22m[2m 鈹?gzip:     0.24 kB[22m
[2mbuild/[22m[36massets/tag-Cdx_D6n3.js                                  [39m[1m[2m    0.35 kB[22m[1m[22m[2m 鈹?gzip:     0.27 kB[22m
[2mbuild/[22m[36massets/battery-charging-Dwmrmm3i.js                     [39m[1m[2m    0.35 kB[22m[1m[22m[2m 鈹?gzip:     0.26 kB[22m
[2mbuild/[22m[36massets/book-heart-CPeuvl9j.js                           [39m[1m[2m    0.35 kB[22m[1m[22m[2m 鈹?gzip:     0.27 kB[22m
[2mbuild/[22m[36massets/fan-P8ArMFEt.js                                  [39m[1m[2m    0.35 kB[22m[1m[22m[2m 鈹?gzip:     0.24 kB[22m
[2mbuild/[22m[36massets/save-CVOkSlex.js                                 [39m[1m[2m    0.35 kB[22m[1m[22m[2m 鈹?gzip:     0.25 kB[22m
[2mbuild/[22m[36massets/screen-share-off-CZ9oZGvZ.js                     [39m[1m[2m    0.35 kB[22m[1m[22m[2m 鈹?gzip:     0.25 kB[22m
[2mbuild/[22m[36massets/bell-minus-OnnSCgU-.js                           [39m[1m[2m    0.35 kB[22m[1m[22m[2m 鈹?gzip:     0.27 kB[22m
[2mbuild/[22m[36massets/bot-BgtcLT_m.js                                  [39m[1m[2m    0.35 kB[22m[1m[22m[2m 鈹?gzip:     0.25 kB[22m
[2mbuild/[22m[36massets/calendar-check-2-kRxWgCSK.js                     [39m[1m[2m    0.35 kB[22m[1m[22m[2m 鈹?gzip:     0.24 kB[22m
[2mbuild/[22m[36massets/nfc-DND1qKkC.js                                  [39m[1m[2m    0.35 kB[22m[1m[22m[2m 鈹?gzip:     0.25 kB[22m
[2mbuild/[22m[36massets/volume-1-C8esGqB2.js                             [39m[1m[2m    0.35 kB[22m[1m[22m[2m 鈹?gzip:     0.26 kB[22m
[2mbuild/[22m[36massets/wallet-cards-DKbZlodI.js                         [39m[1m[2m    0.35 kB[22m[1m[22m[2m 鈹?gzip:     0.27 kB[22m
[2mbuild/[22m[36massets/youtube-Glzp6fhF.js                              [39m[1m[2m    0.35 kB[22m[1m[22m[2m 鈹?gzip:     0.24 kB[22m
[2mbuild/[22m[36massets/badge-minus-9u_RvEDD.js                          [39m[1m[2m    0.35 kB[22m[1m[22m[2m 鈹?gzip:     0.25 kB[22m
[2mbuild/[22m[36massets/map-pin-minus-Piw4Pwhv.js                        [39m[1m[2m    0.35 kB[22m[1m[22m[2m 鈹?gzip:     0.28 kB[22m
[2mbuild/[22m[36massets/notebook-BP59lz5E.js                             [39m[1m[2m    0.35 kB[22m[1m[22m[2m 鈹?gzip:     0.24 kB[22m
[2mbuild/[22m[36massets/shield-ban-QZvdyXtr.js                           [39m[1m[2m    0.35 kB[22m[1m[22m[2m 鈹?gzip:     0.27 kB[22m
[2mbuild/[22m[36massets/tickets-BwTVCHU7.js                              [39m[1m[2m    0.35 kB[22m[1m[22m[2m 鈹?gzip:     0.26 kB[22m
[2mbuild/[22m[36massets/flip-vertical-2-RRX6qxCA.js                      [39m[1m[2m    0.35 kB[22m[1m[22m[2m 鈹?gzip:     0.23 kB[22m
[2mbuild/[22m[36massets/folder-code-yRFvYlf7.js                          [39m[1m[2m    0.35 kB[22m[1m[22m[2m 鈹?gzip:     0.26 kB[22m
[2mbuild/[22m[36massets/funnel-x-D-rXSY8B.js                             [39m[1m[2m    0.35 kB[22m[1m[22m[2m 鈹?gzip:     0.26 kB[22m
[2mbuild/[22m[36massets/git-fork-BhyHu1jB.js                             [39m[1m[2m    0.35 kB[22m[1m[22m[2m 鈹?gzip:     0.25 kB[22m
[2mbuild/[22m[36massets/bath-yD3q6SgW.js                                 [39m[1m[2m    0.36 kB[22m[1m[22m[2m 鈹?gzip:     0.24 kB[22m
[2mbuild/[22m[36massets/message-circle-code-CrEDcozu.js                  [39m[1m[2m    0.36 kB[22m[1m[22m[2m 鈹?gzip:     0.27 kB[22m
[2mbuild/[22m[36massets/scan-line-YBAnafxW.js                            [39m[1m[2m    0.36 kB[22m[1m[22m[2m 鈹?gzip:     0.24 kB[22m
[2mbuild/[22m[36massets/creative-commons-CsrwVXEF.js                     [39m[1m[2m    0.36 kB[22m[1m[22m[2m 鈹?gzip:     0.23 kB[22m
[2mbuild/[22m[36massets/file-diff-DF1jOEoe.js                            [39m[1m[2m    0.36 kB[22m[1m[22m[2m 鈹?gzip:     0.25 kB[22m
[2mbuild/[22m[36massets/graduation-cap-DzShL5hD.js                       [39m[1m[2m    0.36 kB[22m[1m[22m[2m 鈹?gzip:     0.27 kB[22m
[2mbuild/[22m[36massets/scale-DLc4UyT2.js                                [39m[1m[2m    0.36 kB[22m[1m[22m[2m 鈹?gzip:     0.24 kB[22m
[2mbuild/[22m[36massets/scooter-DejoNPTw.js                              [39m[1m[2m    0.36 kB[22m[1m[22m[2m 鈹?gzip:     0.26 kB[22m
[2mbuild/[22m[36massets/file-chart-line-a_8Fn1F5.js                      [39m[1m[2m    0.36 kB[22m[1m[22m[2m 鈹?gzip:     0.26 kB[22m
[2mbuild/[22m[36massets/heart-pulse-B0vKFNqw.js                          [39m[1m[2m    0.36 kB[22m[1m[22m[2m 鈹?gzip:     0.28 kB[22m
[2mbuild/[22m[36massets/layers-2-D_Y3bfJ2.js                             [39m[1m[2m    0.36 kB[22m[1m[22m[2m 鈹?gzip:     0.25 kB[22m
[2mbuild/[22m[36massets/ticket-percent-DaoWiWKq.js                       [39m[1m[2m    0.36 kB[22m[1m[22m[2m 鈹?gzip:     0.25 kB[22m
[2mbuild/[22m[36massets/dribbble-COYl-Xw8.js                             [39m[1m[2m    0.36 kB[22m[1m[22m[2m 鈹?gzip:     0.27 kB[22m
[2mbuild/[22m[36massets/gem-CcgpEpQI.js                                  [39m[1m[2m    0.36 kB[22m[1m[22m[2m 鈹?gzip:     0.26 kB[22m
[2mbuild/[22m[36massets/heading-3-BAC4lGix.js                            [39m[1m[2m    0.36 kB[22m[1m[22m[2m 鈹?gzip:     0.25 kB[22m
[2mbuild/[22m[36massets/pin-off-CoqNT87V.js                              [39m[1m[2m    0.36 kB[22m[1m[22m[2m 鈹?gzip:     0.26 kB[22m
[2mbuild/[22m[36massets/book-open-check-Dw_B3Oex.js                      [39m[1m[2m    0.36 kB[22m[1m[22m[2m 鈹?gzip:     0.25 kB[22m
[2mbuild/[22m[36massets/clipboard-plus-d-ATlfg6.js                       [39m[1m[2m    0.36 kB[22m[1m[22m[2m 鈹?gzip:     0.26 kB[22m
[2mbuild/[22m[36massets/clipboard-x-DqnCXmhb.js                          [39m[1m[2m    0.36 kB[22m[1m[22m[2m 鈹?gzip:     0.26 kB[22m
[2mbuild/[22m[36massets/contact-B9rsvsAQ.js                              [39m[1m[2m    0.36 kB[22m[1m[22m[2m 鈹?gzip:     0.26 kB[22m
[2mbuild/[22m[36massets/file-question-mark-DWjO8UYT.js                   [39m[1m[2m    0.36 kB[22m[1m[22m[2m 鈹?gzip:     0.26 kB[22m
[2mbuild/[22m[36massets/message-square-reply-CEI6vX3g.js                 [39m[1m[2m    0.36 kB[22m[1m[22m[2m 鈹?gzip:     0.27 kB[22m
[2mbuild/[22m[36massets/spool-6vs0q1JF.js                                [39m[1m[2m    0.36 kB[22m[1m[22m[2m 鈹?gzip:     0.27 kB[22m
[2mbuild/[22m[36massets/wallpaper-CmD0Mpfj.js                            [39m[1m[2m    0.36 kB[22m[1m[22m[2m 鈹?gzip:     0.28 kB[22m
[2mbuild/[22m[36massets/book-lock-wEuQNW1K.js                            [39m[1m[2m    0.36 kB[22m[1m[22m[2m 鈹?gzip:     0.28 kB[22m
[2mbuild/[22m[36massets/bottle-wine-CT8yxQ-k.js                          [39m[1m[2m    0.36 kB[22m[1m[22m[2m 鈹?gzip:     0.25 kB[22m
[2mbuild/[22m[36massets/camera-DdRjE8Ba.js                               [39m[1m[2m    0.36 kB[22m[1m[22m[2m 鈹?gzip:     0.27 kB[22m
[2mbuild/[22m[36massets/cooking-pot-NDuTfW8I.js                          [39m[1m[2m    0.36 kB[22m[1m[22m[2m 鈹?gzip:     0.26 kB[22m
[2mbuild/[22m[36massets/folder-search-2-CZEatx9S.js                      [39m[1m[2m    0.36 kB[22m[1m[22m[2m 鈹?gzip:     0.27 kB[22m
[2mbuild/[22m[36massets/calendar-x-B_RIdXL8.js                           [39m[1m[2m    0.36 kB[22m[1m[22m[2m 鈹?gzip:     0.25 kB[22m
[2mbuild/[22m[36massets/image-down-BXYBvg67.js                           [39m[1m[2m    0.36 kB[22m[1m[22m[2m 鈹?gzip:     0.27 kB[22m
[2mbuild/[22m[36massets/image-up-C2pWLOQQ.js                             [39m[1m[2m    0.36 kB[22m[1m[22m[2m 鈹?gzip:     0.27 kB[22m
[2mbuild/[22m[36massets/list-restart-oHBDZDw2.js                         [39m[1m[2m    0.36 kB[22m[1m[22m[2m 鈹?gzip:     0.26 kB[22m
[2mbuild/[22m[36massets/calendar-plus-2-BecybKQ3.js                      [39m[1m[2m    0.36 kB[22m[1m[22m[2m 鈹?gzip:     0.25 kB[22m
[2mbuild/[22m[36massets/drafting-compass-DjWrk9lZ.js                     [39m[1m[2m    0.36 kB[22m[1m[22m[2m 鈹?gzip:     0.27 kB[22m
[2mbuild/[22m[36massets/flashlight-uWyCU9gn.js                           [39m[1m[2m    0.36 kB[22m[1m[22m[2m 鈹?gzip:     0.26 kB[22m
[2mbuild/[22m[36massets/focus-B9tJWgez.js                                [39m[1m[2m    0.36 kB[22m[1m[22m[2m 鈹?gzip:     0.25 kB[22m
[2mbuild/[22m[36massets/lectern-dxBhmHmQ.js                              [39m[1m[2m    0.36 kB[22m[1m[22m[2m 鈹?gzip:     0.27 kB[22m
[2mbuild/[22m[36massets/package-2-BVnbi5mo.js                            [39m[1m[2m    0.36 kB[22m[1m[22m[2m 鈹?gzip:     0.26 kB[22m
[2mbuild/[22m[36massets/server-BPDjneqB.js                               [39m[1m[2m    0.36 kB[22m[1m[22m[2m 鈹?gzip:     0.23 kB[22m
[2mbuild/[22m[36massets/type-outline-vVRdOnht.js                         [39m[1m[2m    0.36 kB[22m[1m[22m[2m 鈹?gzip:     0.24 kB[22m
[2mbuild/[22m[36massets/bitcoin-CGe1b3-x.js                              [39m[1m[2m    0.36 kB[22m[1m[22m[2m 鈹?gzip:     0.28 kB[22m
[2mbuild/[22m[36massets/book-key-s_3t_v0S.js                             [39m[1m[2m    0.36 kB[22m[1m[22m[2m 鈹?gzip:     0.27 kB[22m
[2mbuild/[22m[36massets/database-zap-BJ2dlBdX.js                         [39m[1m[2m    0.36 kB[22m[1m[22m[2m 鈹?gzip:     0.27 kB[22m
[2mbuild/[22m[36massets/loader-pinwheel-BKyUcYnI.js                      [39m[1m[2m    0.36 kB[22m[1m[22m[2m 鈹?gzip:     0.25 kB[22m
[2mbuild/[22m[36massets/square-mouse-pointer-B9R6xGmq.js                 [39m[1m[2m    0.36 kB[22m[1m[22m[2m 鈹?gzip:     0.28 kB[22m
[2mbuild/[22m[36massets/alarm-clock-Bf_tslZA.js                          [39m[1m[2m    0.36 kB[22m[1m[22m[2m 鈹?gzip:     0.25 kB[22m
[2mbuild/[22m[36massets/angry-TAS730no.js                                [39m[1m[2m    0.36 kB[22m[1m[22m[2m 鈹?gzip:     0.25 kB[22m
[2mbuild/[22m[36massets/archive-restore-C8ZpAg-K.js                      [39m[1m[2m    0.36 kB[22m[1m[22m[2m 鈹?gzip:     0.26 kB[22m
[2mbuild/[22m[36massets/battery-warning-B-RLS4n3.js                      [39m[1m[2m    0.36 kB[22m[1m[22m[2m 鈹?gzip:     0.25 kB[22m
[2mbuild/[22m[36massets/folder-lock-CH5yuVF5.js                          [39m[1m[2m    0.36 kB[22m[1m[22m[2m 鈹?gzip:     0.27 kB[22m
[2mbuild/[22m[36massets/picture-in-picture-CpYxBjtU.js                   [39m[1m[2m    0.36 kB[22m[1m[22m[2m 鈹?gzip:     0.27 kB[22m
[2mbuild/[22m[36massets/shopping-bag-yBOgJ26o.js                         [39m[1m[2m    0.36 kB[22m[1m[22m[2m 鈹?gzip:     0.26 kB[22m
[2mbuild/[22m[36massets/weight-tilde-MEiqTV_E.js                         [39m[1m[2m    0.36 kB[22m[1m[22m[2m 鈹?gzip:     0.28 kB[22m
[2mbuild/[22m[36massets/air-vent-B6J4f4iw.js                             [39m[1m[2m    0.37 kB[22m[1m[22m[2m 鈹?gzip:     0.26 kB[22m
[2mbuild/[22m[36massets/ethernet-port-D7SiTTXf.js                        [39m[1m[2m    0.37 kB[22m[1m[22m[2m 鈹?gzip:     0.24 kB[22m
[2mbuild/[22m[36massets/file-symlink-BcUze9aH.js                         [39m[1m[2m    0.37 kB[22m[1m[22m[2m 鈹?gzip:     0.26 kB[22m
[2mbuild/[22m[36massets/image-minus-DMYKF5w7.js                          [39m[1m[2m    0.37 kB[22m[1m[22m[2m 鈹?gzip:     0.28 kB[22m
[2mbuild/[22m[36massets/timer-off-Yxz5MYHk.js                            [39m[1m[2m    0.37 kB[22m[1m[22m[2m 鈹?gzip:     0.25 kB[22m
[2mbuild/[22m[36massets/user-pen-DgOY-Baw.js                             [39m[1m[2m    0.37 kB[22m[1m[22m[2m 鈹?gzip:     0.28 kB[22m
[2mbuild/[22m[36massets/alarm-clock-minus-D5si77ho.js                    [39m[1m[2m    0.37 kB[22m[1m[22m[2m 鈹?gzip:     0.26 kB[22m
[2mbuild/[22m[36massets/citrus-DLUNQGU_.js                               [39m[1m[2m    0.37 kB[22m[1m[22m[2m 鈹?gzip:     0.27 kB[22m
[2mbuild/[22m[36massets/folder-key-BJr7Eutn.js                           [39m[1m[2m    0.37 kB[22m[1m[22m[2m 鈹?gzip:     0.26 kB[22m
[2mbuild/[22m[36massets/message-circle-reply-Cv_qU8ou.js                 [39m[1m[2m    0.37 kB[22m[1m[22m[2m 鈹?gzip:     0.27 kB[22m
[2mbuild/[22m[36massets/mouse-pointer-ban-BZhDwHrJ.js                    [39m[1m[2m    0.37 kB[22m[1m[22m[2m 鈹?gzip:     0.28 kB[22m
[2mbuild/[22m[36massets/signpost-x6hZi41e.js                             [39m[1m[2m    0.37 kB[22m[1m[22m[2m 鈹?gzip:     0.25 kB[22m
[2mbuild/[22m[36massets/stethoscope-BZzzysuh.js                          [39m[1m[2m    0.37 kB[22m[1m[22m[2m 鈹?gzip:     0.26 kB[22m
[2mbuild/[22m[36massets/accessibility-BMdQD9uB.js                        [39m[1m[2m    0.37 kB[22m[1m[22m[2m 鈹?gzip:     0.27 kB[22m
[2mbuild/[22m[36massets/globe-lock-BeaiJ2D6.js                           [39m[1m[2m    0.37 kB[22m[1m[22m[2m 鈹?gzip:     0.27 kB[22m
[2mbuild/[22m[36massets/utility-pole-QNV_VF8Q.js                         [39m[1m[2m    0.37 kB[22m[1m[22m[2m 鈹?gzip:     0.23 kB[22m
[2mbuild/[22m[36massets/venetian-mask-BXREcfjB.js                        [39m[1m[2m    0.37 kB[22m[1m[22m[2m 鈹?gzip:     0.25 kB[22m
[2mbuild/[22m[36massets/file-x-corner-DYm31Soc.js                        [39m[1m[2m    0.37 kB[22m[1m[22m[2m 鈹?gzip:     0.26 kB[22m
[2mbuild/[22m[36massets/git-pull-request-closed-0_cFpGyv.js              [39m[1m[2m    0.37 kB[22m[1m[22m[2m 鈹?gzip:     0.26 kB[22m
[2mbuild/[22m[36massets/newspaper-Dxm2Q9Yy.js                            [39m[1m[2m    0.37 kB[22m[1m[22m[2m 鈹?gzip:     0.27 kB[22m
[2mbuild/[22m[36massets/bell-dot-CrAF_UcL.js                             [39m[1m[2m    0.37 kB[22m[1m[22m[2m 鈹?gzip:     0.29 kB[22m
[2mbuild/[22m[36massets/dice-5-Cs55UBr2.js                               [39m[1m[2m    0.37 kB[22m[1m[22m[2m 鈹?gzip:     0.24 kB[22m
[2mbuild/[22m[36massets/heart-plus-DPXj5uHg.js                           [39m[1m[2m    0.37 kB[22m[1m[22m[2m 鈹?gzip:     0.28 kB[22m
[2mbuild/[22m[36massets/house-heart-CytX1HWp.js                          [39m[1m[2m    0.37 kB[22m[1m[22m[2m 鈹?gzip:     0.27 kB[22m
[2mbuild/[22m[36massets/message-square-quote-Z4v74lWc.js                 [39m[1m[2m    0.37 kB[22m[1m[22m[2m 鈹?gzip:     0.26 kB[22m
[2mbuild/[22m[36massets/octagon-BJDg29PS.js                              [39m[1m[2m    0.37 kB[22m[1m[22m[2m 鈹?gzip:     0.24 kB[22m
[2mbuild/[22m[36massets/pen-off-CHs1G0cZ.js                              [39m[1m[2m    0.37 kB[22m[1m[22m[2m 鈹?gzip:     0.27 kB[22m
[2mbuild/[22m[36massets/folder-open-dot-vRWxOdnt.js                      [39m[1m[2m    0.37 kB[22m[1m[22m[2m 鈹?gzip:     0.28 kB[22m
[2mbuild/[22m[36massets/lamp-C-jBY3fy.js                                 [39m[1m[2m    0.37 kB[22m[1m[22m[2m 鈹?gzip:     0.26 kB[22m
[2mbuild/[22m[36massets/layout-grid-DFjoutuS.js                          [39m[1m[2m    0.37 kB[22m[1m[22m[2m 鈹?gzip:     0.21 kB[22m
[2mbuild/[22m[36massets/map-pin-check-BxhEskaH.js                        [39m[1m[2m    0.37 kB[22m[1m[22m[2m 鈹?gzip:     0.29 kB[22m
[2mbuild/[22m[36massets/megaphone-ChIbMUOq.js                            [39m[1m[2m    0.37 kB[22m[1m[22m[2m 鈹?gzip:     0.26 kB[22m
[2mbuild/[22m[36massets/message-square-lock-0wb-uoUy.js                  [39m[1m[2m    0.37 kB[22m[1m[22m[2m 鈹?gzip:     0.29 kB[22m
[2mbuild/[22m[36massets/message-square-text-bWgCSTfU.js                  [39m[1m[2m    0.37 kB[22m[1m[22m[2m 鈹?gzip:     0.27 kB[22m
[2mbuild/[22m[36massets/pin-BKVCwEie.js                                  [39m[1m[2m    0.37 kB[22m[1m[22m[2m 鈹?gzip:     0.26 kB[22m
[2mbuild/[22m[36massets/smartphone-nfc-D0lBns83.js                       [39m[1m[2m    0.37 kB[22m[1m[22m[2m 鈹?gzip:     0.27 kB[22m
[2mbuild/[22m[36massets/stone-DOHNuGHh.js                                [39m[1m[2m    0.37 kB[22m[1m[22m[2m 鈹?gzip:     0.27 kB[22m
[2mbuild/[22m[36massets/currency-CLU16lyF.js                             [39m[1m[2m    0.37 kB[22m[1m[22m[2m 鈹?gzip:     0.23 kB[22m
[2mbuild/[22m[36massets/decimals-arrow-right-D8mk_NaG.js                 [39m[1m[2m    0.37 kB[22m[1m[22m[2m 鈹?gzip:     0.25 kB[22m
[2mbuild/[22m[36massets/droplet-off-Cj6npdNX.js                          [39m[1m[2m    0.37 kB[22m[1m[22m[2m 鈹?gzip:     0.28 kB[22m
[2mbuild/[22m[36massets/message-square-diff-NluC6Tjz.js                  [39m[1m[2m    0.37 kB[22m[1m[22m[2m 鈹?gzip:     0.26 kB[22m
[2mbuild/[22m[36massets/paw-print-IbfqYHx5.js                            [39m[1m[2m    0.37 kB[22m[1m[22m[2m 鈹?gzip:     0.27 kB[22m
[2mbuild/[22m[36massets/receipt-japanese-yen-BqfGJU1S.js                 [39m[1m[2m    0.37 kB[22m[1m[22m[2m 鈹?gzip:     0.25 kB[22m
[2mbuild/[22m[36massets/skull-BPXLljF9.js                                [39m[1m[2m    0.37 kB[22m[1m[22m[2m 鈹?gzip:     0.26 kB[22m
[2mbuild/[22m[36massets/alarm-clock-check-Dfl96kbR.js                    [39m[1m[2m    0.37 kB[22m[1m[22m[2m 鈹?gzip:     0.26 kB[22m
[2mbuild/[22m[36massets/blinds-Dmiey2o9.js                               [39m[1m[2m    0.37 kB[22m[1m[22m[2m 鈹?gzip:     0.25 kB[22m
[2mbuild/[22m[36massets/chart-bar-stacked-GRWknoDg.js                    [39m[1m[2m    0.37 kB[22m[1m[22m[2m 鈹?gzip:     0.26 kB[22m
[2mbuild/[22m[36massets/git-graph-BILTcPV3.js                            [39m[1m[2m    0.37 kB[22m[1m[22m[2m 鈹?gzip:     0.25 kB[22m
[2mbuild/[22m[36massets/land-plot-UovrouYC.js                            [39m[1m[2m    0.37 kB[22m[1m[22m[2m 鈹?gzip:     0.27 kB[22m
[2mbuild/[22m[36massets/monitor-speaker-mrBeLabp.js                      [39m[1m[2m    0.37 kB[22m[1m[22m[2m 鈹?gzip:     0.28 kB[22m
[2mbuild/[22m[36massets/washing-machine-S_f_daE4.js                      [39m[1m[2m    0.37 kB[22m[1m[22m[2m 鈹?gzip:     0.27 kB[22m
[2mbuild/[22m[36massets/file-plus-corner-C3QT-wK9.js                     [39m[1m[2m    0.37 kB[22m[1m[22m[2m 鈹?gzip:     0.27 kB[22m
[2mbuild/[22m[36massets/file-plus-IncbMu1X.js                            [39m[1m[2m    0.37 kB[22m[1m[22m[2m 鈹?gzip:     0.26 kB[22m
[2mbuild/[22m[36massets/folder-kanban-BJs9G1r7.js                        [39m[1m[2m    0.37 kB[22m[1m[22m[2m 鈹?gzip:     0.26 kB[22m
[2mbuild/[22m[36massets/gift-8tHlxkpj.js                                 [39m[1m[2m    0.37 kB[22m[1m[22m[2m 鈹?gzip:     0.27 kB[22m
[2mbuild/[22m[36massets/gpu-Cgy1lAw5.js                                  [39m[1m[2m    0.37 kB[22m[1m[22m[2m 鈹?gzip:     0.26 kB[22m
[2mbuild/[22m[36massets/locate-CT2ooBj6.js                               [39m[1m[2m    0.37 kB[22m[1m[22m[2m 鈹?gzip:     0.23 kB[22m
[2mbuild/[22m[36massets/podcast-CY9D_vUn.js                              [39m[1m[2m    0.37 kB[22m[1m[22m[2m 鈹?gzip:     0.27 kB[22m
[2mbuild/[22m[36massets/scroll-text-CRTqYoSz.js                          [39m[1m[2m    0.37 kB[22m[1m[22m[2m 鈹?gzip:     0.25 kB[22m
[2mbuild/[22m[36massets/shield-plus-aJ1_Mz8f.js                          [39m[1m[2m    0.37 kB[22m[1m[22m[2m 鈹?gzip:     0.28 kB[22m
[2mbuild/[22m[36massets/user-round-pen-CHD6twxo.js                       [39m[1m[2m    0.37 kB[22m[1m[22m[2m 鈹?gzip:     0.28 kB[22m
[2mbuild/[22m[36massets/chess-pawn-BBfbqzQ-.js                           [39m[1m[2m    0.37 kB[22m[1m[22m[2m 鈹?gzip:     0.27 kB[22m
[2mbuild/[22m[36massets/copy-x-OlUkDqaC.js                               [39m[1m[2m    0.37 kB[22m[1m[22m[2m 鈹?gzip:     0.27 kB[22m
[2mbuild/[22m[36massets/battery-plus-B5vNzzKo.js                         [39m[1m[2m    0.38 kB[22m[1m[22m[2m 鈹?gzip:     0.26 kB[22m
[2mbuild/[22m[36massets/chart-column-stacked-BtvCQdg7.js                 [39m[1m[2m    0.38 kB[22m[1m[22m[2m 鈹?gzip:     0.26 kB[22m
[2mbuild/[22m[36massets/layout-dashboard-D_sx2iBm.js                     [39m[1m[2m    0.38 kB[22m[1m[22m[2m 鈹?gzip:     0.23 kB[22m
[2mbuild/[22m[36massets/monitor-off-CDo3hofI.js                          [39m[1m[2m    0.38 kB[22m[1m[22m[2m 鈹?gzip:     0.26 kB[22m
[2mbuild/[22m[36massets/book-up-2-DiZ8lGuC.js                            [39m[1m[2m    0.38 kB[22m[1m[22m[2m 鈹?gzip:     0.26 kB[22m
[2mbuild/[22m[36massets/webhook-B7BVRO1Q.js                              [39m[1m[2m    0.38 kB[22m[1m[22m[2m 鈹?gzip:     0.29 kB[22m
[2mbuild/[22m[36massets/index-CFL1_8uy.js                                [39m[1m[2m    0.38 kB[22m[1m[22m[2m 鈹?gzip:     0.30 kB[22m
[2mbuild/[22m[36massets/book-headphones-CnhPamxi.js                      [39m[1m[2m    0.38 kB[22m[1m[22m[2m 鈹?gzip:     0.27 kB[22m
[2mbuild/[22m[36massets/circuit-board-B0JsHSYk.js                        [39m[1m[2m    0.38 kB[22m[1m[22m[2m 鈹?gzip:     0.27 kB[22m
[2mbuild/[22m[36massets/copy-plus-DQX6faFl.js                            [39m[1m[2m    0.38 kB[22m[1m[22m[2m 鈹?gzip:     0.28 kB[22m
[2mbuild/[22m[36massets/crosshair-DeXil5hM.js                            [39m[1m[2m    0.38 kB[22m[1m[22m[2m 鈹?gzip:     0.24 kB[22m
[2mbuild/[22m[36massets/file-up-BqNVjP4h.js                              [39m[1m[2m    0.38 kB[22m[1m[22m[2m 鈹?gzip:     0.26 kB[22m
[2mbuild/[22m[36massets/folder-git-BchOqAMH.js                           [39m[1m[2m    0.38 kB[22m[1m[22m[2m 鈹?gzip:     0.27 kB[22m
[2mbuild/[22m[36massets/metronome-BW_z5zsQ.js                            [39m[1m[2m    0.38 kB[22m[1m[22m[2m 鈹?gzip:     0.29 kB[22m
[2mbuild/[22m[36massets/plug-zap-CeCVaksx.js                             [39m[1m[2m    0.38 kB[22m[1m[22m[2m 鈹?gzip:     0.26 kB[22m
[2mbuild/[22m[36massets/shield-alert-D5IxaLwg.js                         [39m[1m[2m    0.38 kB[22m[1m[22m[2m 鈹?gzip:     0.28 kB[22m
[2mbuild/[22m[36massets/train-track-Q_S7CF5B.js                          [39m[1m[2m    0.38 kB[22m[1m[22m[2m 鈹?gzip:     0.23 kB[22m
[2mbuild/[22m[36massets/diameter-Des3rdPx.js                             [39m[1m[2m    0.38 kB[22m[1m[22m[2m 鈹?gzip:     0.25 kB[22m
[2mbuild/[22m[36massets/file-axis-3d-9aH53LQ2.js                         [39m[1m[2m    0.38 kB[22m[1m[22m[2m 鈹?gzip:     0.27 kB[22m
[2mbuild/[22m[36massets/message-square-more-BK8OfE3k.js                  [39m[1m[2m    0.38 kB[22m[1m[22m[2m 鈹?gzip:     0.26 kB[22m
[2mbuild/[22m[36massets/file-down-hK1RF_4R.js                            [39m[1m[2m    0.38 kB[22m[1m[22m[2m 鈹?gzip:     0.26 kB[22m
[2mbuild/[22m[36massets/files-DqOP73jP.js                                [39m[1m[2m    0.38 kB[22m[1m[22m[2m 鈹?gzip:     0.25 kB[22m
[2mbuild/[22m[36massets/git-pull-request-create-arrow-CzylrPN1.js        [39m[1m[2m    0.38 kB[22m[1m[22m[2m 鈹?gzip:     0.27 kB[22m
[2mbuild/[22m[36massets/house-plus-CaXKMqGM.js                           [39m[1m[2m    0.38 kB[22m[1m[22m[2m 鈹?gzip:     0.27 kB[22m
[2mbuild/[22m[36massets/key-round-BmCiUBcL.js                            [39m[1m[2m    0.38 kB[22m[1m[22m[2m 鈹?gzip:     0.28 kB[22m
[2mbuild/[22m[36massets/orbit-mSC0w3Hs.js                                [39m[1m[2m    0.38 kB[22m[1m[22m[2m 鈹?gzip:     0.26 kB[22m
[2mbuild/[22m[36massets/cigarette-DDliOz2W.js                            [39m[1m[2m    0.38 kB[22m[1m[22m[2m 鈹?gzip:     0.24 kB[22m
[2mbuild/[22m[36massets/dessert-DRjcAPES.js                              [39m[1m[2m    0.38 kB[22m[1m[22m[2m 鈹?gzip:     0.27 kB[22m
[2mbuild/[22m[36massets/door-closed-locked-hlSJj0kt.js                   [39m[1m[2m    0.38 kB[22m[1m[22m[2m 鈹?gzip:     0.27 kB[22m
[2mbuild/[22m[36massets/file-x-DW8gALmW.js                               [39m[1m[2m    0.38 kB[22m[1m[22m[2m 鈹?gzip:     0.26 kB[22m
[2mbuild/[22m[36massets/folder-heart-Cm5Geo_6.js                         [39m[1m[2m    0.38 kB[22m[1m[22m[2m 鈹?gzip:     0.28 kB[22m
[2mbuild/[22m[36massets/glasses-CKUPB0-Q.js                              [39m[1m[2m    0.38 kB[22m[1m[22m[2m 鈹?gzip:     0.26 kB[22m
[2mbuild/[22m[36massets/lightbulb-off-BAC3mHUI.js                        [39m[1m[2m    0.38 kB[22m[1m[22m[2m 鈹?gzip:     0.27 kB[22m
[2mbuild/[22m[36massets/list-ordered-BvUVYWO9.js                         [39m[1m[2m    0.38 kB[22m[1m[22m[2m 鈹?gzip:     0.25 kB[22m
[2mbuild/[22m[36massets/monitor-play-g2rm4Lsf.js                         [39m[1m[2m    0.38 kB[22m[1m[22m[2m 鈹?gzip:     0.28 kB[22m
[2mbuild/[22m[36massets/share-2-CJT_l5Gb.js                              [39m[1m[2m    0.38 kB[22m[1m[22m[2m 鈹?gzip:     0.25 kB[22m
[2mbuild/[22m[36massets/shield-x-DI7RtXhy.js                             [39m[1m[2m    0.38 kB[22m[1m[22m[2m 鈹?gzip:     0.28 kB[22m
[2mbuild/[22m[36massets/turtle-BzuhGbmz.js                               [39m[1m[2m    0.38 kB[22m[1m[22m[2m 鈹?gzip:     0.26 kB[22m
[2mbuild/[22m[36massets/file-terminal-C6OU0Lzf.js                        [39m[1m[2m    0.38 kB[22m[1m[22m[2m 鈹?gzip:     0.27 kB[22m
[2mbuild/[22m[36massets/bell-plus-C0tsVkiU.js                            [39m[1m[2m    0.38 kB[22m[1m[22m[2m 鈹?gzip:     0.28 kB[22m
[2mbuild/[22m[36massets/calendar-x-2-5arGi1-1.js                         [39m[1m[2m    0.38 kB[22m[1m[22m[2m 鈹?gzip:     0.25 kB[22m
[2mbuild/[22m[36massets/cookie-BUdCBPxM.js                               [39m[1m[2m    0.38 kB[22m[1m[22m[2m 鈹?gzip:     0.24 kB[22m
[2mbuild/[22m[36massets/file-clock-C73NReQP.js                           [39m[1m[2m    0.38 kB[22m[1m[22m[2m 鈹?gzip:     0.28 kB[22m
[2mbuild/[22m[36massets/file-input-CWvbL5J-.js                           [39m[1m[2m    0.38 kB[22m[1m[22m[2m 鈹?gzip:     0.27 kB[22m
[2mbuild/[22m[36massets/message-circle-question-mark-ByQKUUE0.js         [39m[1m[2m    0.38 kB[22m[1m[22m[2m 鈹?gzip:     0.28 kB[22m
[2mbuild/[22m[36massets/speech-TOPSoh6N.js                               [39m[1m[2m    0.38 kB[22m[1m[22m[2m 鈹?gzip:     0.29 kB[22m
[2mbuild/[22m[36massets/switch-camera-CaC0z5de.js                        [39m[1m[2m    0.38 kB[22m[1m[22m[2m 鈹?gzip:     0.26 kB[22m
[2mbuild/[22m[36massets/binary-Dma4ZiIM.js                               [39m[1m[2m    0.38 kB[22m[1m[22m[2m 鈹?gzip:     0.25 kB[22m
[2mbuild/[22m[36massets/card-sim-5ooz5nFM.js                             [39m[1m[2m    0.38 kB[22m[1m[22m[2m 鈹?gzip:     0.27 kB[22m
[2mbuild/[22m[36massets/clapperboard-UdG3Sj-b.js                         [39m[1m[2m    0.38 kB[22m[1m[22m[2m 鈹?gzip:     0.28 kB[22m
[2mbuild/[22m[36massets/file-code-corner-OWS0ThG0.js                     [39m[1m[2m    0.38 kB[22m[1m[22m[2m 鈹?gzip:     0.27 kB[22m
[2mbuild/[22m[36massets/fullscreen-CtKqQF75.js                           [39m[1m[2m    0.38 kB[22m[1m[22m[2m 鈹?gzip:     0.27 kB[22m
[2mbuild/[22m[36massets/hourglass-CHceb21c.js                            [39m[1m[2m    0.38 kB[22m[1m[22m[2m 鈹?gzip:     0.26 kB[22m
[2mbuild/[22m[36massets/lamp-wall-down-BKkgFsNo.js                       [39m[1m[2m    0.38 kB[22m[1m[22m[2m 鈹?gzip:     0.26 kB[22m
[2mbuild/[22m[36massets/lamp-wall-up-DY7FOffn.js                         [39m[1m[2m    0.38 kB[22m[1m[22m[2m 鈹?gzip:     0.27 kB[22m
[2mbuild/[22m[36massets/mic-vocal-DY6-NJyW.js                            [39m[1m[2m    0.38 kB[22m[1m[22m[2m 鈹?gzip:     0.30 kB[22m
[2mbuild/[22m[36massets/badge-cent-DoHMpUiw.js                           [39m[1m[2m    0.39 kB[22m[1m[22m[2m 鈹?gzip:     0.25 kB[22m
[2mbuild/[22m[36massets/badge-euro-D0x-SqB0.js                           [39m[1m[2m    0.39 kB[22m[1m[22m[2m 鈹?gzip:     0.25 kB[22m
[2mbuild/[22m[36massets/layout-list-n_nXLyAz.js                          [39m[1m[2m    0.39 kB[22m[1m[22m[2m 鈹?gzip:     0.24 kB[22m
[2mbuild/[22m[36massets/syringe-Eu3fc-hl.js                              [39m[1m[2m    0.39 kB[22m[1m[22m[2m 鈹?gzip:     0.26 kB[22m
[2mbuild/[22m[36massets/calendar-plus-BoeyQrb2.js                        [39m[1m[2m    0.39 kB[22m[1m[22m[2m 鈹?gzip:     0.26 kB[22m
[2mbuild/[22m[36massets/crown-Dzb4C9qq.js                                [39m[1m[2m    0.39 kB[22m[1m[22m[2m 鈹?gzip:     0.28 kB[22m
[2mbuild/[22m[36massets/mailbox-CwgeiYUU.js                              [39m[1m[2m    0.39 kB[22m[1m[22m[2m 鈹?gzip:     0.28 kB[22m
[2mbuild/[22m[36massets/message-circle-more-5uXEw5c_.js                  [39m[1m[2m    0.39 kB[22m[1m[22m[2m 鈹?gzip:     0.27 kB[22m
[2mbuild/[22m[36massets/parking-meter-By6Zwcpq.js                        [39m[1m[2m    0.39 kB[22m[1m[22m[2m 鈹?gzip:     0.26 kB[22m
[2mbuild/[22m[36massets/snail-BXCGEdoQ.js                                [39m[1m[2m    0.39 kB[22m[1m[22m[2m 鈹?gzip:     0.28 kB[22m
[2mbuild/[22m[36massets/utensils-crossed-D9-qx8oc.js                     [39m[1m[2m    0.39 kB[22m[1m[22m[2m 鈹?gzip:     0.27 kB[22m
[2mbuild/[22m[36massets/captions-off-CMy8zyk2.js                         [39m[1m[2m    0.39 kB[22m[1m[22m[2m 鈹?gzip:     0.25 kB[22m
[2mbuild/[22m[36massets/house-wifi-DkH0e2m8.js                           [39m[1m[2m    0.39 kB[22m[1m[22m[2m 鈹?gzip:     0.27 kB[22m
[2mbuild/[22m[36massets/image-plus-CCQBVuvs.js                           [39m[1m[2m    0.39 kB[22m[1m[22m[2m 鈹?gzip:     0.27 kB[22m
[2mbuild/[22m[36massets/index-CYKUyXaD.js                                [39m[1m[2m    0.39 kB[22m[1m[22m[2m 鈹?gzip:     0.28 kB[22m
[2mbuild/[22m[36massets/armchair-BO8ZgkIl.js                             [39m[1m[2m    0.39 kB[22m[1m[22m[2m 鈹?gzip:     0.25 kB[22m
[2mbuild/[22m[36massets/watch-FoPOUV1m.js                                [39m[1m[2m    0.39 kB[22m[1m[22m[2m 鈹?gzip:     0.27 kB[22m
[2mbuild/[22m[36massets/bell-off-rvxrCdsW.js                             [39m[1m[2m    0.39 kB[22m[1m[22m[2m 鈹?gzip:     0.29 kB[22m
[2mbuild/[22m[36massets/file-music-Dc24Bl2v.js                           [39m[1m[2m    0.39 kB[22m[1m[22m[2m 鈹?gzip:     0.29 kB[22m
[2mbuild/[22m[36massets/folder-git-2-Dw9VHYDu.js                         [39m[1m[2m    0.39 kB[22m[1m[22m[2m 鈹?gzip:     0.27 kB[22m
[2mbuild/[22m[36massets/map-pin-plus-CkqSgcz2.js                         [39m[1m[2m    0.39 kB[22m[1m[22m[2m 鈹?gzip:     0.29 kB[22m
[2mbuild/[22m[36massets/messages-square-DtyuedeN.js                      [39m[1m[2m    0.39 kB[22m[1m[22m[2m 鈹?gzip:     0.27 kB[22m
[2mbuild/[22m[36massets/trees-RKIJbvAa.js                                [39m[1m[2m    0.39 kB[22m[1m[22m[2m 鈹?gzip:     0.27 kB[22m
[2mbuild/[22m[36massets/birdhouse-l-wLFFqj.js                            [39m[1m[2m    0.39 kB[22m[1m[22m[2m 鈹?gzip:     0.28 kB[22m
[2mbuild/[22m[36massets/cake-slice-rJlg-JYl.js                           [39m[1m[2m    0.39 kB[22m[1m[22m[2m 鈹?gzip:     0.29 kB[22m
[2mbuild/[22m[36massets/square-dashed-bottom-code-BORe3Sxt.js            [39m[1m[2m    0.39 kB[22m[1m[22m[2m 鈹?gzip:     0.26 kB[22m
[2mbuild/[22m[36massets/folder-archive-Bpa2vqpQ.js                       [39m[1m[2m    0.39 kB[22m[1m[22m[2m 鈹?gzip:     0.28 kB[22m
[2mbuild/[22m[36massets/notepad-text-W3q2DrpN.js                         [39m[1m[2m    0.39 kB[22m[1m[22m[2m 鈹?gzip:     0.26 kB[22m
[2mbuild/[22m[36massets/badge-turkish-lira-BIJPyX3X.js                   [39m[1m[2m    0.39 kB[22m[1m[22m[2m 鈹?gzip:     0.26 kB[22m
[2mbuild/[22m[36massets/clipboard-clock-BwVhIg6_.js                      [39m[1m[2m    0.39 kB[22m[1m[22m[2m 鈹?gzip:     0.28 kB[22m
[2mbuild/[22m[36massets/file-search-corner-DuCKHU4N.js                   [39m[1m[2m    0.39 kB[22m[1m[22m[2m 鈹?gzip:     0.29 kB[22m
[2mbuild/[22m[36massets/sheet-C_s1LJxl.js                                [39m[1m[2m    0.39 kB[22m[1m[22m[2m 鈹?gzip:     0.25 kB[22m
[2mbuild/[22m[36massets/alarm-clock-off-Bhb9tsnw.js                      [39m[1m[2m    0.39 kB[22m[1m[22m[2m 鈹?gzip:     0.26 kB[22m
[2mbuild/[22m[36massets/caravan-BWFIKaWQ.js                              [39m[1m[2m    0.39 kB[22m[1m[22m[2m 鈹?gzip:     0.27 kB[22m
[2mbuild/[22m[36massets/images--eGxXFpv.js                               [39m[1m[2m    0.39 kB[22m[1m[22m[2m 鈹?gzip:     0.29 kB[22m
[2mbuild/[22m[36massets/message-circle-off-BWrC91XQ.js                   [39m[1m[2m    0.39 kB[22m[1m[22m[2m 鈹?gzip:     0.28 kB[22m
[2mbuild/[22m[36massets/calendar-arrow-up-BTh-Eu5u.js                    [39m[1m[2m    0.40 kB[22m[1m[22m[2m 鈹?gzip:     0.26 kB[22m
[2mbuild/[22m[36massets/circle-pile-CzGH-QMm.js                          [39m[1m[2m    0.40 kB[22m[1m[22m[2m 鈹?gzip:     0.21 kB[22m
[2mbuild/[22m[36massets/ev-charger-__loQQoW.js                           [39m[1m[2m    0.40 kB[22m[1m[22m[2m 鈹?gzip:     0.27 kB[22m
[2mbuild/[22m[36massets/grip-vertical-C_LFTnS7.js                        [39m[1m[2m    0.40 kB[22m[1m[22m[2m 鈹?gzip:     0.22 kB[22m
[2mbuild/[22m[36massets/map-pin-x-C7R8IyFV.js                            [39m[1m[2m    0.40 kB[22m[1m[22m[2m 鈹?gzip:     0.29 kB[22m
[2mbuild/[22m[36massets/square-parking-off-D3wzf7bA.js                   [39m[1m[2m    0.40 kB[22m[1m[22m[2m 鈹?gzip:     0.27 kB[22m
[2mbuild/[22m[36massets/touchpad-off-BwmmFqOY.js                         [39m[1m[2m    0.40 kB[22m[1m[22m[2m 鈹?gzip:     0.26 kB[22m
[2mbuild/[22m[36massets/door-open--DgmQwh9.js                            [39m[1m[2m    0.40 kB[22m[1m[22m[2m 鈹?gzip:     0.27 kB[22m
[2mbuild/[22m[36massets/file-code-CtMz3aua.js                            [39m[1m[2m    0.40 kB[22m[1m[22m[2m 鈹?gzip:     0.27 kB[22m
[2mbuild/[22m[36massets/file-output-Bixbenkp.js                          [39m[1m[2m    0.40 kB[22m[1m[22m[2m 鈹?gzip:     0.28 kB[22m
[2mbuild/[22m[36massets/file-user-N_SXq4-e.js                            [39m[1m[2m    0.40 kB[22m[1m[22m[2m 鈹?gzip:     0.28 kB[22m
[2mbuild/[22m[36massets/milk-DVeRZUE8.js                                 [39m[1m[2m    0.40 kB[22m[1m[22m[2m 鈹?gzip:     0.27 kB[22m
[2mbuild/[22m[36massets/package-CMY4mEvm.js                              [39m[1m[2m    0.40 kB[22m[1m[22m[2m 鈹?gzip:     0.28 kB[22m
[2mbuild/[22m[36massets/tent-tree-kprqnvpT.js                            [39m[1m[2m    0.40 kB[22m[1m[22m[2m 鈹?gzip:     0.26 kB[22m
[2mbuild/[22m[36massets/vibrate-off-Ba2D0Wc7.js                          [39m[1m[2m    0.40 kB[22m[1m[22m[2m 鈹?gzip:     0.27 kB[22m
[2mbuild/[22m[36massets/badge-russian-ruble-B6m_tsQE.js                  [39m[1m[2m    0.40 kB[22m[1m[22m[2m 鈹?gzip:     0.26 kB[22m
[2mbuild/[22m[36massets/bird-BO5zfRD0.js                                 [39m[1m[2m    0.40 kB[22m[1m[22m[2m 鈹?gzip:     0.27 kB[22m
[2mbuild/[22m[36massets/candy-cane-2Th4YWCg.js                           [39m[1m[2m    0.40 kB[22m[1m[22m[2m 鈹?gzip:     0.27 kB[22m
[2mbuild/[22m[36massets/droplets-CTTzS7z9.js                             [39m[1m[2m    0.40 kB[22m[1m[22m[2m 鈹?gzip:     0.30 kB[22m
[2mbuild/[22m[36massets/file-stack-CwJ5tpQW.js                           [39m[1m[2m    0.40 kB[22m[1m[22m[2m 鈹?gzip:     0.25 kB[22m
[2mbuild/[22m[36massets/flask-conical-off-C0u9vbVN.js                    [39m[1m[2m    0.40 kB[22m[1m[22m[2m 鈹?gzip:     0.27 kB[22m
[2mbuild/[22m[36massets/grip-horizontal-CzKOZTIe.js                      [39m[1m[2m    0.40 kB[22m[1m[22m[2m 鈹?gzip:     0.22 kB[22m
[2mbuild/[22m[36massets/mouse-pointer-2-off-BaQ0RHyH.js                  [39m[1m[2m    0.40 kB[22m[1m[22m[2m 鈹?gzip:     0.29 kB[22m
[2mbuild/[22m[36massets/refresh-ccw-dot-C_Vy9KvQ.js                      [39m[1m[2m    0.40 kB[22m[1m[22m[2m 鈹?gzip:     0.27 kB[22m
[2mbuild/[22m[36massets/sparkle-FykHQzYY.js                              [39m[1m[2m    0.40 kB[22m[1m[22m[2m 鈹?gzip:     0.24 kB[22m
[2mbuild/[22m[36massets/banknote-x-B9r5ky__.js                           [39m[1m[2m    0.40 kB[22m[1m[22m[2m 鈹?gzip:     0.27 kB[22m
[2mbuild/[22m[36massets/gamepad-DPA6RYPU.js                              [39m[1m[2m    0.40 kB[22m[1m[22m[2m 鈹?gzip:     0.26 kB[22m
[2mbuild/[22m[36massets/hd-Bm5vOQqm.js                                   [39m[1m[2m    0.40 kB[22m[1m[22m[2m 鈹?gzip:     0.27 kB[22m
[2mbuild/[22m[36massets/pipette-BSRXaWBN.js                              [39m[1m[2m    0.40 kB[22m[1m[22m[2m 鈹?gzip:     0.27 kB[22m
[2mbuild/[22m[36massets/radio-BPcFOcml.js                                [39m[1m[2m    0.40 kB[22m[1m[22m[2m 鈹?gzip:     0.27 kB[22m
[2mbuild/[22m[36massets/briefcase-medical-NW9sQ7mE.js                    [39m[1m[2m    0.40 kB[22m[1m[22m[2m 鈹?gzip:     0.27 kB[22m
[2mbuild/[22m[36massets/git-branch-plus-D6nVpQNz.js                      [39m[1m[2m    0.40 kB[22m[1m[22m[2m 鈹?gzip:     0.25 kB[22m
[2mbuild/[22m[36massets/gitlab-SFaNQ6yV.js                               [39m[1m[2m    0.40 kB[22m[1m[22m[2m 鈹?gzip:     0.27 kB[22m
[2mbuild/[22m[36massets/id-card-lanyard-ByuxRaoq.js                      [39m[1m[2m    0.40 kB[22m[1m[22m[2m 鈹?gzip:     0.28 kB[22m
[2mbuild/[22m[36massets/printer-check-DWD4HCeA.js                        [39m[1m[2m    0.40 kB[22m[1m[22m[2m 鈹?gzip:     0.26 kB[22m
[2mbuild/[22m[36massets/smile-plus-D7D2kgSq.js                           [39m[1m[2m    0.40 kB[22m[1m[22m[2m 鈹?gzip:     0.26 kB[22m
[2mbuild/[22m[36massets/warehouse-CWqtPMuQ.js                            [39m[1m[2m    0.40 kB[22m[1m[22m[2m 鈹?gzip:     0.27 kB[22m
[2mbuild/[22m[36massets/axe-CWPdoJjo.js                                  [39m[1m[2m    0.40 kB[22m[1m[22m[2m 鈹?gzip:     0.28 kB[22m
[2mbuild/[22m[36massets/calendar-arrow-down-aV9yumHs.js                  [39m[1m[2m    0.40 kB[22m[1m[22m[2m 鈹?gzip:     0.26 kB[22m
[2mbuild/[22m[36massets/cassette-tape-BIUqiywB.js                        [39m[1m[2m    0.40 kB[22m[1m[22m[2m 鈹?gzip:     0.28 kB[22m
[2mbuild/[22m[36massets/clipboard-type-C_HBaA4W.js                       [39m[1m[2m    0.40 kB[22m[1m[22m[2m 鈹?gzip:     0.27 kB[22m
[2mbuild/[22m[36massets/cuboid-CmTR0V0h.js                               [39m[1m[2m    0.40 kB[22m[1m[22m[2m 鈹?gzip:     0.28 kB[22m
[2mbuild/[22m[36massets/file-search-vRt3ae_D.js                          [39m[1m[2m    0.40 kB[22m[1m[22m[2m 鈹?gzip:     0.29 kB[22m
[2mbuild/[22m[36massets/folder-pen-C70KvYEW.js                           [39m[1m[2m    0.40 kB[22m[1m[22m[2m 鈹?gzip:     0.29 kB[22m
[2mbuild/[22m[36massets/git-compare-arrows-CD1HrQwx.js                   [39m[1m[2m    0.40 kB[22m[1m[22m[2m 鈹?gzip:     0.27 kB[22m
[2mbuild/[22m[36massets/diamond-percent-BU1Wx7KV.js                      [39m[1m[2m    0.40 kB[22m[1m[22m[2m 鈹?gzip:     0.26 kB[22m
[2mbuild/[22m[36massets/alarm-clock-plus-CjVDGgd0.js                     [39m[1m[2m    0.40 kB[22m[1m[22m[2m 鈹?gzip:     0.27 kB[22m
[2mbuild/[22m[36massets/badge-x-BulbiXnn.js                              [39m[1m[2m    0.40 kB[22m[1m[22m[2m 鈹?gzip:     0.26 kB[22m
[2mbuild/[22m[36massets/beef-DLVuJqy4.js                                 [39m[1m[2m    0.40 kB[22m[1m[22m[2m 鈹?gzip:     0.31 kB[22m
[2mbuild/[22m[36massets/calendar-clock-BSa7CUWP.js                       [39m[1m[2m    0.40 kB[22m[1m[22m[2m 鈹?gzip:     0.27 kB[22m
[2mbuild/[22m[36massets/map-pin-pen-Davuzgpy.js                          [39m[1m[2m    0.40 kB[22m[1m[22m[2m 鈹?gzip:     0.30 kB[22m
[2mbuild/[22m[36massets/tram-front-Cczn1GSg.js                           [39m[1m[2m    0.40 kB[22m[1m[22m[2m 鈹?gzip:     0.27 kB[22m
[2mbuild/[22m[36massets/waves-ladder-CvY6KHAL.js                         [39m[1m[2m    0.40 kB[22m[1m[22m[2m 鈹?gzip:     0.26 kB[22m
[2mbuild/[22m[36massets/clipboard-copy-BNMQWv76.js                       [39m[1m[2m    0.40 kB[22m[1m[22m[2m 鈹?gzip:     0.28 kB[22m
[2mbuild/[22m[36massets/router-Bw09-Bmq.js                               [39m[1m[2m    0.40 kB[22m[1m[22m[2m 鈹?gzip:     0.28 kB[22m
[2mbuild/[22m[36massets/chart-no-axes-combined-m-7chr9n.js               [39m[1m[2m    0.40 kB[22m[1m[22m[2m 鈹?gzip:     0.27 kB[22m
[2mbuild/[22m[36massets/clipboard-paste-B4B3yaL2.js                      [39m[1m[2m    0.41 kB[22m[1m[22m[2m 鈹?gzip:     0.28 kB[22m
[2mbuild/[22m[36massets/life-buoy-BpE1HyOG.js                            [39m[1m[2m    0.41 kB[22m[1m[22m[2m 鈹?gzip:     0.25 kB[22m
[2mbuild/[22m[36massets/luggage-BVzyZ9pP.js                              [39m[1m[2m    0.41 kB[22m[1m[22m[2m 鈹?gzip:     0.26 kB[22m
[2mbuild/[22m[36massets/drum-DMHHAbom.js                                 [39m[1m[2m    0.41 kB[22m[1m[22m[2m 鈹?gzip:     0.27 kB[22m
[2mbuild/[22m[36massets/file-lock-BnCo_f-B.js                            [39m[1m[2m    0.41 kB[22m[1m[22m[2m 鈹?gzip:     0.29 kB[22m
[2mbuild/[22m[36massets/hospital-BD3btpMy.js                             [39m[1m[2m    0.41 kB[22m[1m[22m[2m 鈹?gzip:     0.26 kB[22m
[2mbuild/[22m[36massets/image-play-DNKRVzji.js                           [39m[1m[2m    0.41 kB[22m[1m[22m[2m 鈹?gzip:     0.28 kB[22m
[2mbuild/[22m[36massets/popcorn-BUKiIWV-.js                              [39m[1m[2m    0.41 kB[22m[1m[22m[2m 鈹?gzip:     0.27 kB[22m
[2mbuild/[22m[36massets/badge-plus-Bc2MX26g.js                           [39m[1m[2m    0.41 kB[22m[1m[22m[2m 鈹?gzip:     0.26 kB[22m
[2mbuild/[22m[36massets/building-2-BKQiVm0h.js                           [39m[1m[2m    0.41 kB[22m[1m[22m[2m 鈹?gzip:     0.26 kB[22m
[2mbuild/[22m[36massets/dice-6-DLDHTR8N.js                               [39m[1m[2m    0.41 kB[22m[1m[22m[2m 鈹?gzip:     0.25 kB[22m
[2mbuild/[22m[36massets/message-circle-heart-BiXTlLNU.js                 [39m[1m[2m    0.41 kB[22m[1m[22m[2m 鈹?gzip:     0.30 kB[22m
[2mbuild/[22m[36massets/paintbrush-vertical-DOheGMtU.js                  [39m[1m[2m    0.41 kB[22m[1m[22m[2m 鈹?gzip:     0.26 kB[22m
[2mbuild/[22m[36massets/shuffle-6IQyy3PM.js                              [39m[1m[2m    0.41 kB[22m[1m[22m[2m 鈹?gzip:     0.26 kB[22m
[2mbuild/[22m[36massets/train-front-BKKmeZ2C.js                          [39m[1m[2m    0.41 kB[22m[1m[22m[2m 鈹?gzip:     0.28 kB[22m
[2mbuild/[22m[36massets/align-vertical-distribute-center-BlILOQ8Q.js     [39m[1m[2m    0.41 kB[22m[1m[22m[2m 鈹?gzip:     0.27 kB[22m
[2mbuild/[22m[36massets/banknote-arrow-up-ppO2o3ZR.js                    [39m[1m[2m    0.41 kB[22m[1m[22m[2m 鈹?gzip:     0.28 kB[22m
[2mbuild/[22m[36massets/cloud-sync-BZk9w4p4.js                           [39m[1m[2m    0.41 kB[22m[1m[22m[2m 鈹?gzip:     0.28 kB[22m
[2mbuild/[22m[36massets/microscope-J7u7Yj-r.js                           [39m[1m[2m    0.41 kB[22m[1m[22m[2m 鈹?gzip:     0.27 kB[22m
[2mbuild/[22m[36massets/network-Cn046v3y.js                              [39m[1m[2m    0.41 kB[22m[1m[22m[2m 鈹?gzip:     0.25 kB[22m
[2mbuild/[22m[36massets/banknote-arrow-down-DXrKhlQr.js                  [39m[1m[2m    0.41 kB[22m[1m[22m[2m 鈹?gzip:     0.28 kB[22m
[2mbuild/[22m[36massets/calendar-search-C-LqRuQL.js                      [39m[1m[2m    0.41 kB[22m[1m[22m[2m 鈹?gzip:     0.28 kB[22m
[2mbuild/[22m[36massets/calendars-Bz4U0sGY.js                            [39m[1m[2m    0.41 kB[22m[1m[22m[2m 鈹?gzip:     0.28 kB[22m
[2mbuild/[22m[36massets/file-key-BViuwFmY.js                             [39m[1m[2m    0.41 kB[22m[1m[22m[2m 鈹?gzip:     0.29 kB[22m
[2mbuild/[22m[36massets/heart-off-CpRiHveX.js                            [39m[1m[2m    0.41 kB[22m[1m[22m[2m 鈹?gzip:     0.30 kB[22m
[2mbuild/[22m[36massets/view-Cr-FM0Wl.js                                 [39m[1m[2m    0.41 kB[22m[1m[22m[2m 鈹?gzip:     0.27 kB[22m
[2mbuild/[22m[36massets/align-horizontal-distribute-center-Bqv6BW2w.js   [39m[1m[2m    0.41 kB[22m[1m[22m[2m 鈹?gzip:     0.27 kB[22m
[2mbuild/[22m[36massets/badge-dollar-sign-CWny28Sc.js                    [39m[1m[2m    0.41 kB[22m[1m[22m[2m 鈹?gzip:     0.26 kB[22m
[2mbuild/[22m[36massets/badge-info-BoQhrHJM.js                           [39m[1m[2m    0.41 kB[22m[1m[22m[2m 鈹?gzip:     0.26 kB[22m
[2mbuild/[22m[36massets/baggage-claim-C2c_vM0J.js                        [39m[1m[2m    0.41 kB[22m[1m[22m[2m 鈹?gzip:     0.28 kB[22m
[2mbuild/[22m[36massets/calendar-off-Ct2zKkRB.js                         [39m[1m[2m    0.41 kB[22m[1m[22m[2m 鈹?gzip:     0.27 kB[22m
[2mbuild/[22m[36massets/pencil-off-8DH5Ja3N.js                           [39m[1m[2m    0.41 kB[22m[1m[22m[2m 鈹?gzip:     0.29 kB[22m
[2mbuild/[22m[36massets/thermometer-sun-3kRZCol9.js                      [39m[1m[2m    0.41 kB[22m[1m[22m[2m 鈹?gzip:     0.27 kB[22m
[2mbuild/[22m[36massets/cannabis-xfe3UD32.js                             [39m[1m[2m    0.41 kB[22m[1m[22m[2m 鈹?gzip:     0.28 kB[22m
[2mbuild/[22m[36massets/expand-Dgtm9oRD.js                               [39m[1m[2m    0.41 kB[22m[1m[22m[2m 鈹?gzip:     0.25 kB[22m
[2mbuild/[22m[36massets/octagon-minus-COXxzXQA.js                        [39m[1m[2m    0.41 kB[22m[1m[22m[2m 鈹?gzip:     0.26 kB[22m
[2mbuild/[22m[36massets/pocket-knife-ryP0w0oh.js                         [39m[1m[2m    0.41 kB[22m[1m[22m[2m 鈹?gzip:     0.28 kB[22m
[2mbuild/[22m[36massets/projector-CYQvthUb.js                            [39m[1m[2m    0.41 kB[22m[1m[22m[2m 鈹?gzip:     0.28 kB[22m
[2mbuild/[22m[36massets/scan-search-Ccu1zotW.js                          [39m[1m[2m    0.41 kB[22m[1m[22m[2m 鈹?gzip:     0.27 kB[22m
[2mbuild/[22m[36massets/shield-user-wLREnOTV.js                          [39m[1m[2m    0.41 kB[22m[1m[22m[2m 鈹?gzip:     0.31 kB[22m
[2mbuild/[22m[36massets/badge-alert-SV3XzB96.js                          [39m[1m[2m    0.41 kB[22m[1m[22m[2m 鈹?gzip:     0.26 kB[22m
[2mbuild/[22m[36massets/file-heart-DL4zLRmH.js                           [39m[1m[2m    0.41 kB[22m[1m[22m[2m 鈹?gzip:     0.29 kB[22m
[2mbuild/[22m[36massets/hard-drive-CaTPP2Hm.js                           [39m[1m[2m    0.41 kB[22m[1m[22m[2m 鈹?gzip:     0.28 kB[22m
[2mbuild/[22m[36massets/locate-off-D9vBb1V8.js                           [39m[1m[2m    0.41 kB[22m[1m[22m[2m 鈹?gzip:     0.26 kB[22m
[2mbuild/[22m[36massets/swatch-book-kauIvT7x.js                          [39m[1m[2m    0.41 kB[22m[1m[22m[2m 鈹?gzip:     0.28 kB[22m
[2mbuild/[22m[36massets/backpack-CdJAlFi5.js                             [39m[1m[2m    0.41 kB[22m[1m[22m[2m 鈹?gzip:     0.25 kB[22m
[2mbuild/[22m[36massets/bandage-BCIT_szY.js                              [39m[1m[2m    0.41 kB[22m[1m[22m[2m 鈹?gzip:     0.25 kB[22m
[2mbuild/[22m[36massets/file-headphone-CRVk-BA4.js                       [39m[1m[2m    0.41 kB[22m[1m[22m[2m 鈹?gzip:     0.28 kB[22m
[2mbuild/[22m[36massets/motorbike-DS6oirC3.js                            [39m[1m[2m    0.41 kB[22m[1m[22m[2m 鈹?gzip:     0.28 kB[22m
[2mbuild/[22m[36massets/quote-DflzYOIi.js                                [39m[1m[2m    0.41 kB[22m[1m[22m[2m 鈹?gzip:     0.22 kB[22m
[2mbuild/[22m[36massets/shield-question-mark-BgYW7rDS.js                 [39m[1m[2m    0.41 kB[22m[1m[22m[2m 鈹?gzip:     0.30 kB[22m
[2mbuild/[22m[36massets/badge-percent-Hbh14eca.js                        [39m[1m[2m    0.41 kB[22m[1m[22m[2m 鈹?gzip:     0.26 kB[22m
[2mbuild/[22m[36massets/volume-2--6w-XEyO.js                             [39m[1m[2m    0.41 kB[22m[1m[22m[2m 鈹?gzip:     0.29 kB[22m
[2mbuild/[22m[36massets/volume-x-pCr_2dnI.js                             [39m[1m[2m    0.41 kB[22m[1m[22m[2m 鈹?gzip:     0.29 kB[22m
[2mbuild/[22m[36massets/index-Dz6DzKhE.js                                [39m[1m[2m    0.41 kB[22m[1m[22m[2m 鈹?gzip:     0.32 kB[22m
[2mbuild/[22m[36massets/calendar-fold-D5ucDbfR.js                        [39m[1m[2m    0.42 kB[22m[1m[22m[2m 鈹?gzip:     0.27 kB[22m
[2mbuild/[22m[36massets/cloud-sun-AIAWGrHY.js                            [39m[1m[2m    0.42 kB[22m[1m[22m[2m 鈹?gzip:     0.28 kB[22m
[2mbuild/[22m[36massets/hat-glasses-D18mTIdu.js                          [39m[1m[2m    0.42 kB[22m[1m[22m[2m 鈹?gzip:     0.29 kB[22m
[2mbuild/[22m[36massets/mic-off-COfPWbGi.js                              [39m[1m[2m    0.42 kB[22m[1m[22m[2m 鈹?gzip:     0.27 kB[22m
[2mbuild/[22m[36massets/sun-moon-DZ9aqD3u.js                             [39m[1m[2m    0.42 kB[22m[1m[22m[2m 鈹?gzip:     0.29 kB[22m
[2mbuild/[22m[36massets/badge-swiss-franc-CKDNR6f4.js                    [39m[1m[2m    0.42 kB[22m[1m[22m[2m 鈹?gzip:     0.26 kB[22m
[2mbuild/[22m[36massets/spline-pointer-CrOmMeHT.js                       [39m[1m[2m    0.42 kB[22m[1m[22m[2m 鈹?gzip:     0.30 kB[22m
[2mbuild/[22m[36massets/worm-CT1ONHSo.js                                 [39m[1m[2m    0.42 kB[22m[1m[22m[2m 鈹?gzip:     0.30 kB[22m
[2mbuild/[22m[36massets/cloud-drizzle-BVNXhhKo.js                        [39m[1m[2m    0.42 kB[22m[1m[22m[2m 鈹?gzip:     0.26 kB[22m
[2mbuild/[22m[36massets/codepen-rXiHG06b.js                              [39m[1m[2m    0.42 kB[22m[1m[22m[2m 鈹?gzip:     0.25 kB[22m
[2mbuild/[22m[36massets/earth-DmHg5mUB.js                                [39m[1m[2m    0.42 kB[22m[1m[22m[2m 鈹?gzip:     0.29 kB[22m
[2mbuild/[22m[36massets/fold-horizontal-D9chMEVY.js                      [39m[1m[2m    0.42 kB[22m[1m[22m[2m 鈹?gzip:     0.25 kB[22m
[2mbuild/[22m[36massets/hand-metal-BO2NVKvJ.js                           [39m[1m[2m    0.42 kB[22m[1m[22m[2m 鈹?gzip:     0.28 kB[22m
[2mbuild/[22m[36massets/square-centerline-dashed-horizontal-BHju1AYQ.js  [39m[1m[2m    0.42 kB[22m[1m[22m[2m 鈹?gzip:     0.27 kB[22m
[2mbuild/[22m[36massets/database-search-BiP3YTYn.js                      [39m[1m[2m    0.42 kB[22m[1m[22m[2m 鈹?gzip:     0.29 kB[22m
[2mbuild/[22m[36massets/hammer-v8ZTt3B_.js                               [39m[1m[2m    0.42 kB[22m[1m[22m[2m 鈹?gzip:     0.30 kB[22m
[2mbuild/[22m[36massets/mail-question-mark-CJTrLJm-.js                   [39m[1m[2m    0.42 kB[22m[1m[22m[2m 鈹?gzip:     0.30 kB[22m
[2mbuild/[22m[36massets/square-centerline-dashed-vertical-D0zAhGD-.js    [39m[1m[2m    0.42 kB[22m[1m[22m[2m 鈹?gzip:     0.26 kB[22m
[2mbuild/[22m[36massets/unfold-horizontal-DkyGgy_D.js                    [39m[1m[2m    0.42 kB[22m[1m[22m[2m 鈹?gzip:     0.26 kB[22m
[2mbuild/[22m[36massets/cloud-hail-DQ5iRyZ6.js                           [39m[1m[2m    0.42 kB[22m[1m[22m[2m 鈹?gzip:     0.26 kB[22m
[2mbuild/[22m[36massets/file-chart-column-CMMHS_tT.js                    [39m[1m[2m    0.42 kB[22m[1m[22m[2m 鈹?gzip:     0.28 kB[22m
[2mbuild/[22m[36massets/fold-vertical-BW2E0HYA.js                        [39m[1m[2m    0.42 kB[22m[1m[22m[2m 鈹?gzip:     0.25 kB[22m
[2mbuild/[22m[36massets/baby-V1b220Yv.js                                 [39m[1m[2m    0.42 kB[22m[1m[22m[2m 鈹?gzip:     0.28 kB[22m
[2mbuild/[22m[36massets/bell-electric-sVTrztuO.js                        [39m[1m[2m    0.42 kB[22m[1m[22m[2m 鈹?gzip:     0.29 kB[22m
[2mbuild/[22m[36massets/bell-ring-CiGdKUNZ.js                            [39m[1m[2m    0.42 kB[22m[1m[22m[2m 鈹?gzip:     0.30 kB[22m
[2mbuild/[22m[36massets/scissors-line-dashed-BSCzxfyh.js                 [39m[1m[2m    0.42 kB[22m[1m[22m[2m 鈹?gzip:     0.27 kB[22m
[2mbuild/[22m[36massets/shield-ellipsis-C5PHg2M4.js                      [39m[1m[2m    0.42 kB[22m[1m[22m[2m 鈹?gzip:     0.29 kB[22m
[2mbuild/[22m[36massets/sofa-DTc94ANI.js                                 [39m[1m[2m    0.42 kB[22m[1m[22m[2m 鈹?gzip:     0.26 kB[22m
[2mbuild/[22m[36massets/test-tubes-BPms-O68.js                           [39m[1m[2m    0.42 kB[22m[1m[22m[2m 鈹?gzip:     0.25 kB[22m
[2mbuild/[22m[36massets/chess-bishop-CpakHSu0.js                         [39m[1m[2m    0.42 kB[22m[1m[22m[2m 鈹?gzip:     0.29 kB[22m
[2mbuild/[22m[36massets/circle-parking-off-BuOiL8SV.js                   [39m[1m[2m    0.42 kB[22m[1m[22m[2m 鈹?gzip:     0.28 kB[22m
[2mbuild/[22m[36massets/ruler-K9ZUjVqk.js                                [39m[1m[2m    0.42 kB[22m[1m[22m[2m 鈹?gzip:     0.27 kB[22m
[2mbuild/[22m[36massets/umbrella-off-Ctyiv6Is.js                         [39m[1m[2m    0.42 kB[22m[1m[22m[2m 鈹?gzip:     0.29 kB[22m
[2mbuild/[22m[36massets/unfold-vertical-N6JjsFTJ.js                      [39m[1m[2m    0.42 kB[22m[1m[22m[2m 鈹?gzip:     0.26 kB[22m
[2mbuild/[22m[36massets/map-pinned-qSxbGTfW.js                           [39m[1m[2m    0.42 kB[22m[1m[22m[2m 鈹?gzip:     0.31 kB[22m
[2mbuild/[22m[36massets/text-cursor-input-DLhdFgaG.js                    [39m[1m[2m    0.42 kB[22m[1m[22m[2m 鈹?gzip:     0.26 kB[22m
[2mbuild/[22m[36massets/car-front-B4TA-4UR.js                            [39m[1m[2m    0.42 kB[22m[1m[22m[2m 鈹?gzip:     0.29 kB[22m
[2mbuild/[22m[36massets/file-image-vrAUsUyk.js                           [39m[1m[2m    0.42 kB[22m[1m[22m[2m 鈹?gzip:     0.30 kB[22m
[2mbuild/[22m[36massets/heart-crack-BVQlfTTs.js                          [39m[1m[2m    0.42 kB[22m[1m[22m[2m 鈹?gzip:     0.31 kB[22m
[2mbuild/[22m[36massets/landmark-UACu2kXs.js                             [39m[1m[2m    0.42 kB[22m[1m[22m[2m 鈹?gzip:     0.28 kB[22m
[2mbuild/[22m[36massets/piano-BD_0b39L.js                                [39m[1m[2m    0.42 kB[22m[1m[22m[2m 鈹?gzip:     0.27 kB[22m
[2mbuild/[22m[36massets/plane-takeoff-DlQHPwPr.js                        [39m[1m[2m    0.42 kB[22m[1m[22m[2m 鈹?gzip:     0.30 kB[22m
[2mbuild/[22m[36massets/shield-off-yuf8y_IJ.js                           [39m[1m[2m    0.42 kB[22m[1m[22m[2m 鈹?gzip:     0.30 kB[22m
[2mbuild/[22m[36massets/waves-arrow-up-DAMbcwLm.js                       [39m[1m[2m    0.42 kB[22m[1m[22m[2m 鈹?gzip:     0.25 kB[22m
[2mbuild/[22m[36massets/cigarette-off-C-1IEEVL.js                        [39m[1m[2m    0.43 kB[22m[1m[22m[2m 鈹?gzip:     0.27 kB[22m
[2mbuild/[22m[36massets/cloud-moon-rain-B3rOjEoh.js                      [39m[1m[2m    0.43 kB[22m[1m[22m[2m 鈹?gzip:     0.30 kB[22m
[2mbuild/[22m[36massets/magnet-CzU3gFD5.js                               [39m[1m[2m    0.43 kB[22m[1m[22m[2m 鈹?gzip:     0.26 kB[22m
[2mbuild/[22m[36massets/mail-search-BkG6lm_x.js                          [39m[1m[2m    0.43 kB[22m[1m[22m[2m 鈹?gzip:     0.30 kB[22m
[2mbuild/[22m[36massets/rotate-3d-CQJ43goz.js                            [39m[1m[2m    0.43 kB[22m[1m[22m[2m 鈹?gzip:     0.31 kB[22m
[2mbuild/[22m[36massets/save-all-Bh2Dnx1c.js                             [39m[1m[2m    0.43 kB[22m[1m[22m[2m 鈹?gzip:     0.27 kB[22m
[2mbuild/[22m[36massets/usb-Bi1MwQMi.js                                  [39m[1m[2m    0.43 kB[22m[1m[22m[2m 鈹?gzip:     0.28 kB[22m
[2mbuild/[22m[36massets/brush-cleaning-DeUBy8Ko.js                       [39m[1m[2m    0.43 kB[22m[1m[22m[2m 鈹?gzip:     0.28 kB[22m
[2mbuild/[22m[36massets/cloud-snow-CCtd7TLB.js                           [39m[1m[2m    0.43 kB[22m[1m[22m[2m 鈹?gzip:     0.26 kB[22m
[2mbuild/[22m[36massets/file-digit-CHNcHkMP.js                           [39m[1m[2m    0.43 kB[22m[1m[22m[2m 鈹?gzip:     0.29 kB[22m
[2mbuild/[22m[36massets/scan-text-CHh5TGhd.js                            [39m[1m[2m    0.43 kB[22m[1m[22m[2m 鈹?gzip:     0.26 kB[22m
[2mbuild/[22m[36massets/locate-fixed-DlnXSZ0r.js                         [39m[1m[2m    0.43 kB[22m[1m[22m[2m 鈹?gzip:     0.25 kB[22m
[2mbuild/[22m[36massets/logs-FONWCRqT.js                                 [39m[1m[2m    0.43 kB[22m[1m[22m[2m 鈹?gzip:     0.24 kB[22m
[2mbuild/[22m[36massets/brick-wall-CXSw2Y5p.js                           [39m[1m[2m    0.43 kB[22m[1m[22m[2m 鈹?gzip:     0.26 kB[22m
[2mbuild/[22m[36massets/haze-8ne11ROO.js                                 [39m[1m[2m    0.43 kB[22m[1m[22m[2m 鈹?gzip:     0.26 kB[22m
[2mbuild/[22m[36massets/printer-x-D9vnHXSB.js                            [39m[1m[2m    0.43 kB[22m[1m[22m[2m 鈹?gzip:     0.27 kB[22m
[2mbuild/[22m[36massets/map-pin-house-C-pOuXfA.js                        [39m[1m[2m    0.43 kB[22m[1m[22m[2m 鈹?gzip:     0.30 kB[22m
[2mbuild/[22m[36massets/phone-missed-DUj5H1q0.js                         [39m[1m[2m    0.43 kB[22m[1m[22m[2m 鈹?gzip:     0.28 kB[22m
[2mbuild/[22m[36massets/roller-coaster-CN7zh9Mm.js                       [39m[1m[2m    0.43 kB[22m[1m[22m[2m 鈹?gzip:     0.27 kB[22m
[2mbuild/[22m[36massets/aperture-CNX9ZRet.js                             [39m[1m[2m    0.43 kB[22m[1m[22m[2m 鈹?gzip:     0.28 kB[22m
[2mbuild/[22m[36massets/badge-question-mark-DsM_Oaq6.js                  [39m[1m[2m    0.43 kB[22m[1m[22m[2m 鈹?gzip:     0.28 kB[22m
[2mbuild/[22m[36massets/dices-BGAUB__S.js                                [39m[1m[2m    0.43 kB[22m[1m[22m[2m 鈹?gzip:     0.28 kB[22m
[2mbuild/[22m[36massets/hand-Ci0O-aR3.js                                 [39m[1m[2m    0.43 kB[22m[1m[22m[2m 鈹?gzip:     0.27 kB[22m
[2mbuild/[22m[36massets/kayak-DAPdQwfH.js                                [39m[1m[2m    0.43 kB[22m[1m[22m[2m 鈹?gzip:     0.28 kB[22m
[2mbuild/[22m[36massets/truck-xPVZj4LM.js                                [39m[1m[2m    0.43 kB[22m[1m[22m[2m 鈹?gzip:     0.29 kB[22m
[2mbuild/[22m[36massets/badge-indian-rupee-Bi5GXSnP.js                   [39m[1m[2m    0.43 kB[22m[1m[22m[2m 鈹?gzip:     0.27 kB[22m
[2mbuild/[22m[36massets/car-CXMckSew.js                                  [39m[1m[2m    0.43 kB[22m[1m[22m[2m 鈹?gzip:     0.31 kB[22m
[2mbuild/[22m[36massets/cherry-DQNA3bW9.js                               [39m[1m[2m    0.43 kB[22m[1m[22m[2m 鈹?gzip:     0.28 kB[22m
[2mbuild/[22m[36massets/factory-BVFGTjrT.js                              [39m[1m[2m    0.43 kB[22m[1m[22m[2m 鈹?gzip:     0.27 kB[22m
[2mbuild/[22m[36massets/file-chart-column-increasing-CJzUqFzQ.js         [39m[1m[2m    0.43 kB[22m[1m[22m[2m 鈹?gzip:     0.29 kB[22m
[2mbuild/[22m[36massets/film-CGkeq62u.js                                 [39m[1m[2m    0.43 kB[22m[1m[22m[2m 鈹?gzip:     0.26 kB[22m
[2mbuild/[22m[36massets/fire-extinguisher-CmOaqtpj.js                    [39m[1m[2m    0.43 kB[22m[1m[22m[2m 鈹?gzip:     0.28 kB[22m
[2mbuild/[22m[36massets/github-DBcRNkNP.js                               [39m[1m[2m    0.43 kB[22m[1m[22m[2m 鈹?gzip:     0.31 kB[22m
[2mbuild/[22m[36massets/phone-incoming-C2kXpjPX.js                       [39m[1m[2m    0.43 kB[22m[1m[22m[2m 鈹?gzip:     0.29 kB[22m
[2mbuild/[22m[36massets/scan-barcode-BvXL5uuA.js                         [39m[1m[2m    0.43 kB[22m[1m[22m[2m 鈹?gzip:     0.26 kB[22m
[2mbuild/[22m[36massets/tower-control-CmfZp1ev.js                        [39m[1m[2m    0.43 kB[22m[1m[22m[2m 鈹?gzip:     0.28 kB[22m
[2mbuild/[22m[36massets/anvil-CEk6Lynm.js                                [39m[1m[2m    0.43 kB[22m[1m[22m[2m 鈹?gzip:     0.26 kB[22m
[2mbuild/[22m[36massets/file-play-CV5X-n7E.js                            [39m[1m[2m    0.43 kB[22m[1m[22m[2m 鈹?gzip:     0.29 kB[22m
[2mbuild/[22m[36massets/hamburger-BcwssX4S.js                            [39m[1m[2m    0.43 kB[22m[1m[22m[2m 鈹?gzip:     0.28 kB[22m
[2mbuild/[22m[36massets/phone-outgoing-BdyNREdE.js                       [39m[1m[2m    0.43 kB[22m[1m[22m[2m 鈹?gzip:     0.29 kB[22m
[2mbuild/[22m[36massets/scan-heart-BxxiDRe8.js                           [39m[1m[2m    0.43 kB[22m[1m[22m[2m 鈹?gzip:     0.28 kB[22m
[2mbuild/[22m[36massets/squirrel-CsONBrcy.js                             [39m[1m[2m    0.43 kB[22m[1m[22m[2m 鈹?gzip:     0.29 kB[22m
[2mbuild/[22m[36massets/piggy-bank-CafheJKv.js                           [39m[1m[2m    0.43 kB[22m[1m[22m[2m 鈹?gzip:     0.28 kB[22m
[2mbuild/[22m[36massets/plane-landing-6jDzXhXr.js                        [39m[1m[2m    0.43 kB[22m[1m[22m[2m 鈹?gzip:     0.31 kB[22m
[2mbuild/[22m[36massets/align-center-vertical-saMAlre5.js                [39m[1m[2m    0.43 kB[22m[1m[22m[2m 鈹?gzip:     0.27 kB[22m
[2mbuild/[22m[36massets/phone-forwarded-DV_XYlsP.js                      [39m[1m[2m    0.43 kB[22m[1m[22m[2m 鈹?gzip:     0.29 kB[22m
[2mbuild/[22m[36massets/shopping-basket-CjAxfR5e.js                      [39m[1m[2m    0.43 kB[22m[1m[22m[2m 鈹?gzip:     0.28 kB[22m
[2mbuild/[22m[36massets/toolbox-DLFwxAXX.js                              [39m[1m[2m    0.43 kB[22m[1m[22m[2m 鈹?gzip:     0.27 kB[22m
[2mbuild/[22m[36massets/loader-GBJ1oL7A.js                               [39m[1m[2m    0.44 kB[22m[1m[22m[2m 鈹?gzip:     0.26 kB[22m
[2mbuild/[22m[36massets/shelving-unit-DEASWHn0.js                        [39m[1m[2m    0.44 kB[22m[1m[22m[2m 鈹?gzip:     0.26 kB[22m
[2mbuild/[22m[36massets/sticker-Bdy3U3g5.js                              [39m[1m[2m    0.44 kB[22m[1m[22m[2m 鈹?gzip:     0.28 kB[22m
[2mbuild/[22m[36massets/wifi-pen-DWJc5bDz.js                             [39m[1m[2m    0.44 kB[22m[1m[22m[2m 鈹?gzip:     0.30 kB[22m
[2mbuild/[22m[36massets/zap-off-D0ePWK-E.js                              [39m[1m[2m    0.44 kB[22m[1m[22m[2m 鈹?gzip:     0.30 kB[22m
[2mbuild/[22m[36massets/align-center-horizontal-BtCUTk8T.js              [39m[1m[2m    0.44 kB[22m[1m[22m[2m 鈹?gzip:     0.27 kB[22m
[2mbuild/[22m[36massets/badge-pound-sterling-dA61scbt.js                 [39m[1m[2m    0.44 kB[22m[1m[22m[2m 鈹?gzip:     0.27 kB[22m
[2mbuild/[22m[36massets/notebook-text-DKUOCTAl.js                        [39m[1m[2m    0.44 kB[22m[1m[22m[2m 鈹?gzip:     0.27 kB[22m
[2mbuild/[22m[36massets/server-crash-w53MmMhF.js                         [39m[1m[2m    0.44 kB[22m[1m[22m[2m 鈹?gzip:     0.26 kB[22m
[2mbuild/[22m[36massets/cable-car-9yvTI1A0.js                            [39m[1m[2m    0.44 kB[22m[1m[22m[2m 鈹?gzip:     0.28 kB[22m
[2mbuild/[22m[36massets/mouse-pointer-click-B0ACR2vN.js                  [39m[1m[2m    0.44 kB[22m[1m[22m[2m 鈹?gzip:     0.30 kB[22m
[2mbuild/[22m[36massets/calendar-range-08CeQ72E.js                       [39m[1m[2m    0.44 kB[22m[1m[22m[2m 鈹?gzip:     0.27 kB[22m
[2mbuild/[22m[36massets/carrot-GKW18ScK.js                               [39m[1m[2m    0.44 kB[22m[1m[22m[2m 鈹?gzip:     0.30 kB[22m
[2mbuild/[22m[36massets/hand-coins-BSE5vg6M.js                           [39m[1m[2m    0.44 kB[22m[1m[22m[2m 鈹?gzip:     0.31 kB[22m
[2mbuild/[22m[36massets/flashlight-off-B9qfL_6f.js                       [39m[1m[2m    0.44 kB[22m[1m[22m[2m 鈹?gzip:     0.30 kB[22m
[2mbuild/[22m[36massets/spotlight-BFGgH7Gc.js                            [39m[1m[2m    0.44 kB[22m[1m[22m[2m 鈹?gzip:     0.29 kB[22m
[2mbuild/[22m[36massets/tags-CPU9dxDb.js                                 [39m[1m[2m    0.44 kB[22m[1m[22m[2m 鈹?gzip:     0.30 kB[22m
[2mbuild/[22m[36massets/transgender-HrQlNTgO.js                          [39m[1m[2m    0.44 kB[22m[1m[22m[2m 鈹?gzip:     0.27 kB[22m
[2mbuild/[22m[36massets/briefcase-conveyor-belt-Z-PiiJsZ.js              [39m[1m[2m    0.44 kB[22m[1m[22m[2m 鈹?gzip:     0.28 kB[22m
[2mbuild/[22m[36massets/camera-off-fSw2lg2I.js                           [39m[1m[2m    0.44 kB[22m[1m[22m[2m 鈹?gzip:     0.30 kB[22m
[2mbuild/[22m[36massets/headphone-off-YtF61kSt.js                        [39m[1m[2m    0.44 kB[22m[1m[22m[2m 鈹?gzip:     0.28 kB[22m
[2mbuild/[22m[36massets/map-minus-myfGEy0k.js                            [39m[1m[2m    0.44 kB[22m[1m[22m[2m 鈹?gzip:     0.29 kB[22m
[2mbuild/[22m[36massets/chart-candlestick-B6g7PGPY.js                    [39m[1m[2m    0.44 kB[22m[1m[22m[2m 鈹?gzip:     0.29 kB[22m
[2mbuild/[22m[36massets/construction-CMAbEm62.js                         [39m[1m[2m    0.44 kB[22m[1m[22m[2m 鈹?gzip:     0.28 kB[22m
[2mbuild/[22m[36massets/biceps-flexed-uxu-r4Ra.js                        [39m[1m[2m    0.44 kB[22m[1m[22m[2m 鈹?gzip:     0.32 kB[22m
[2mbuild/[22m[36massets/boom-box-DE3sh592.js                             [39m[1m[2m    0.44 kB[22m[1m[22m[2m 鈹?gzip:     0.29 kB[22m
[2mbuild/[22m[36massets/castle-_LZv66Fi.js                               [39m[1m[2m    0.44 kB[22m[1m[22m[2m 鈹?gzip:     0.27 kB[22m
[2mbuild/[22m[36massets/clover-BieAC5wX.js                               [39m[1m[2m    0.44 kB[22m[1m[22m[2m 鈹?gzip:     0.26 kB[22m
[2mbuild/[22m[36massets/file-type-corner-5ITkbVBF.js                     [39m[1m[2m    0.44 kB[22m[1m[22m[2m 鈹?gzip:     0.29 kB[22m
[2mbuild/[22m[36massets/ruler-dimension-line-C3OqGTkI.js                 [39m[1m[2m    0.44 kB[22m[1m[22m[2m 鈹?gzip:     0.27 kB[22m
[2mbuild/[22m[36massets/sunrise-Dg_a0WxJ.js                              [39m[1m[2m    0.44 kB[22m[1m[22m[2m 鈹?gzip:     0.27 kB[22m
[2mbuild/[22m[36massets/sunset-BMZa0C1d.js                               [39m[1m[2m    0.44 kB[22m[1m[22m[2m 鈹?gzip:     0.27 kB[22m
[2mbuild/[22m[36massets/package-minus-3JCGctyv.js                        [39m[1m[2m    0.44 kB[22m[1m[22m[2m 鈹?gzip:     0.30 kB[22m
[2mbuild/[22m[36massets/waypoints-BCktL7NU.js                            [39m[1m[2m    0.44 kB[22m[1m[22m[2m 鈹?gzip:     0.26 kB[22m
[2mbuild/[22m[36massets/bot-message-square-C1mJ20FC.js                   [39m[1m[2m    0.45 kB[22m[1m[22m[2m 鈹?gzip:     0.28 kB[22m
[2mbuild/[22m[36massets/calendar-heart-D9m-lXTS.js                       [39m[1m[2m    0.45 kB[22m[1m[22m[2m 鈹?gzip:     0.29 kB[22m
[2mbuild/[22m[36massets/file-signal-OqnPbZiw.js                          [39m[1m[2m    0.45 kB[22m[1m[22m[2m 鈹?gzip:     0.29 kB[22m
[2mbuild/[22m[36massets/ham-1zv9P3WI.js                                  [39m[1m[2m    0.45 kB[22m[1m[22m[2m 鈹?gzip:     0.28 kB[22m
[2mbuild/[22m[36massets/house-plug-BTVmN_mm.js                           [39m[1m[2m    0.45 kB[22m[1m[22m[2m 鈹?gzip:     0.27 kB[22m
[2mbuild/[22m[36massets/layers-CGPv8JZ1.js                               [39m[1m[2m    0.45 kB[22m[1m[22m[2m 鈹?gzip:     0.26 kB[22m
[2mbuild/[22m[36massets/scan-face-8LaXmyGe.js                            [39m[1m[2m    0.45 kB[22m[1m[22m[2m 鈹?gzip:     0.27 kB[22m
[2mbuild/[22m[36massets/bot-off-Bc-DUGsB.js                              [39m[1m[2m    0.45 kB[22m[1m[22m[2m 鈹?gzip:     0.28 kB[22m
[2mbuild/[22m[36massets/octagon-x-TbADq2Rn.js                            [39m[1m[2m    0.45 kB[22m[1m[22m[2m 鈹?gzip:     0.28 kB[22m
[2mbuild/[22m[36massets/sliders-vertical-DCfZhh3T.js                     [39m[1m[2m    0.45 kB[22m[1m[22m[2m 鈹?gzip:     0.26 kB[22m
[2mbuild/[22m[36massets/phone-call-C0ElEl6_.js                           [39m[1m[2m    0.45 kB[22m[1m[22m[2m 鈹?gzip:     0.29 kB[22m
[2mbuild/[22m[36massets/wine-off-BcYn1-Pr.js                             [39m[1m[2m    0.45 kB[22m[1m[22m[2m 鈹?gzip:     0.31 kB[22m
[2mbuild/[22m[36massets/alarm-smoke-BThH6w5m.js                          [39m[1m[2m    0.45 kB[22m[1m[22m[2m 鈹?gzip:     0.27 kB[22m
[2mbuild/[22m[36massets/barrel-D419D3O5.js                               [39m[1m[2m    0.45 kB[22m[1m[22m[2m 鈹?gzip:     0.26 kB[22m
[2mbuild/[22m[36massets/clock-fading-BluCOu9s.js                         [39m[1m[2m    0.45 kB[22m[1m[22m[2m 鈹?gzip:     0.28 kB[22m
[2mbuild/[22m[36massets/file-sliders-BxJ1ZDqR.js                         [39m[1m[2m    0.45 kB[22m[1m[22m[2m 鈹?gzip:     0.28 kB[22m
[2mbuild/[22m[36massets/folder-sync-lReJq-1s.js                          [39m[1m[2m    0.45 kB[22m[1m[22m[2m 鈹?gzip:     0.29 kB[22m
[2mbuild/[22m[36massets/group-DZdkeCfE.js                                [39m[1m[2m    0.45 kB[22m[1m[22m[2m 鈹?gzip:     0.29 kB[22m
[2mbuild/[22m[36massets/sliders-horizontal-CWKmH3co.js                   [39m[1m[2m    0.45 kB[22m[1m[22m[2m 鈹?gzip:     0.26 kB[22m
[2mbuild/[22m[36massets/index-H-zusWS9.js                                [39m[1m[2m    0.45 kB[22m[1m[22m[2m 鈹?gzip:     0.34 kB[22m
[2mbuild/[22m[36massets/file-type-IDca60US.js                            [39m[1m[2m    0.45 kB[22m[1m[22m[2m 鈹?gzip:     0.29 kB[22m
[2mbuild/[22m[36massets/map-B9a7j2t3.js                                  [39m[1m[2m    0.45 kB[22m[1m[22m[2m 鈹?gzip:     0.29 kB[22m
[2mbuild/[22m[36massets/octagon-pause-DYglnU8t.js                        [39m[1m[2m    0.45 kB[22m[1m[22m[2m 鈹?gzip:     0.28 kB[22m
[2mbuild/[22m[36massets/clipboard-pen-Cv_Cbs4m.js                        [39m[1m[2m    0.45 kB[22m[1m[22m[2m 鈹?gzip:     0.32 kB[22m
[2mbuild/[22m[36massets/megaphone-off-yvyRIgBm.js                        [39m[1m[2m    0.45 kB[22m[1m[22m[2m 鈹?gzip:     0.30 kB[22m
[2mbuild/[22m[36massets/package-check-CSfNyL9v.js                        [39m[1m[2m    0.45 kB[22m[1m[22m[2m 鈹?gzip:     0.31 kB[22m
[2mbuild/[22m[36massets/package-x-BX6nRUDM.js                            [39m[1m[2m    0.45 kB[22m[1m[22m[2m 鈹?gzip:     0.31 kB[22m
[2mbuild/[22m[36massets/book-open-text-DuzmBwwC.js                       [39m[1m[2m    0.45 kB[22m[1m[22m[2m 鈹?gzip:     0.27 kB[22m
[2mbuild/[22m[36massets/file-spreadsheet-D-_YF48h.js                     [39m[1m[2m    0.45 kB[22m[1m[22m[2m 鈹?gzip:     0.28 kB[22m
[2mbuild/[22m[36massets/waves-DjtB837b.js                                [39m[1m[2m    0.45 kB[22m[1m[22m[2m 鈹?gzip:     0.23 kB[22m
[2mbuild/[22m[36massets/bean-off-DnpwYwv9.js                             [39m[1m[2m    0.45 kB[22m[1m[22m[2m 鈹?gzip:     0.32 kB[22m
[2mbuild/[22m[36massets/octagon-alert-BL0RRc-P.js                        [39m[1m[2m    0.45 kB[22m[1m[22m[2m 鈹?gzip:     0.27 kB[22m
[2mbuild/[22m[36massets/van-BsvFShew.js                                  [39m[1m[2m    0.45 kB[22m[1m[22m[2m 鈹?gzip:     0.30 kB[22m
[2mbuild/[22m[36massets/eye-off-Db20XxA9.js                              [39m[1m[2m    0.45 kB[22m[1m[22m[2m 鈹?gzip:     0.29 kB[22m
[2mbuild/[22m[36massets/badge-japanese-yen-CD24hKZp.js                   [39m[1m[2m    0.46 kB[22m[1m[22m[2m 鈹?gzip:     0.28 kB[22m
[2mbuild/[22m[36massets/file-archive-aTQYeAUV.js                         [39m[1m[2m    0.46 kB[22m[1m[22m[2m 鈹?gzip:     0.30 kB[22m
[2mbuild/[22m[36massets/wand-H8zL_I8F.js                                 [39m[1m[2m    0.46 kB[22m[1m[22m[2m 鈹?gzip:     0.27 kB[22m
[2mbuild/[22m[36massets/shredder-DX7oRx0K.js                             [39m[1m[2m    0.46 kB[22m[1m[22m[2m 鈹?gzip:     0.28 kB[22m
[2mbuild/[22m[36massets/atom-LeCpYvki.js                                 [39m[1m[2m    0.46 kB[22m[1m[22m[2m 鈹?gzip:     0.29 kB[22m
[2mbuild/[22m[36massets/database-backup-B0izebOc.js                      [39m[1m[2m    0.46 kB[22m[1m[22m[2m 鈹?gzip:     0.31 kB[22m
[2mbuild/[22m[36massets/milk-off-DXQBQbDi.js                             [39m[1m[2m    0.46 kB[22m[1m[22m[2m 鈹?gzip:     0.31 kB[22m
[2mbuild/[22m[36massets/replace-BtAblIlm.js                              [39m[1m[2m    0.46 kB[22m[1m[22m[2m 鈹?gzip:     0.29 kB[22m
[2mbuild/[22m[36massets/route-off-BaUsnqZi.js                            [39m[1m[2m    0.46 kB[22m[1m[22m[2m 鈹?gzip:     0.30 kB[22m
[2mbuild/[22m[36massets/chart-network-DxpYeFxO.js                        [39m[1m[2m    0.46 kB[22m[1m[22m[2m 鈹?gzip:     0.30 kB[22m
[2mbuild/[22m[36massets/chess-rook-BgCCWN8O.js                           [39m[1m[2m    0.46 kB[22m[1m[22m[2m 鈹?gzip:     0.28 kB[22m
[2mbuild/[22m[36massets/combine-1li22XrU.js                              [39m[1m[2m    0.46 kB[22m[1m[22m[2m 鈹?gzip:     0.27 kB[22m
[2mbuild/[22m[36massets/medal-CHcTiOLX.js                                [39m[1m[2m    0.46 kB[22m[1m[22m[2m 鈹?gzip:     0.30 kB[22m
[2mbuild/[22m[36massets/church-B7qaBFTu.js                               [39m[1m[2m    0.46 kB[22m[1m[22m[2m 鈹?gzip:     0.30 kB[22m
[2mbuild/[22m[36massets/traffic-cone-3KkahrVc.js                         [39m[1m[2m    0.46 kB[22m[1m[22m[2m 鈹?gzip:     0.31 kB[22m
[2mbuild/[22m[36massets/ear-off-C9s5j1kA.js                              [39m[1m[2m    0.46 kB[22m[1m[22m[2m 鈹?gzip:     0.32 kB[22m
[2mbuild/[22m[36massets/sandwich-3Bbq3knf.js                             [39m[1m[2m    0.46 kB[22m[1m[22m[2m 鈹?gzip:     0.31 kB[22m
[2mbuild/[22m[36massets/unplug-O-9sIoZp.js                               [39m[1m[2m    0.46 kB[22m[1m[22m[2m 鈹?gzip:     0.28 kB[22m
[2mbuild/[22m[36massets/car-taxi-front-nVjG3Jyq.js                       [39m[1m[2m    0.47 kB[22m[1m[22m[2m 鈹?gzip:     0.31 kB[22m
[2mbuild/[22m[36massets/leafy-green-DiAker1N.js                          [39m[1m[2m    0.47 kB[22m[1m[22m[2m 鈹?gzip:     0.31 kB[22m
[2mbuild/[22m[36massets/rabbit-C-dq77XD.js                               [39m[1m[2m    0.47 kB[22m[1m[22m[2m 鈹?gzip:     0.31 kB[22m
[2mbuild/[22m[36massets/rat-tx5fBa_p.js                                  [39m[1m[2m    0.47 kB[22m[1m[22m[2m 鈹?gzip:     0.31 kB[22m
[2mbuild/[22m[36massets/fence-HBhrr1J7.js                                [39m[1m[2m    0.47 kB[22m[1m[22m[2m 鈹?gzip:     0.26 kB[22m
[2mbuild/[22m[36massets/file-video-camera-CmZmvHab.js                    [39m[1m[2m    0.47 kB[22m[1m[22m[2m 鈹?gzip:     0.33 kB[22m
[2mbuild/[22m[36massets/flower-2-5xNnpOUf.js                             [39m[1m[2m    0.47 kB[22m[1m[22m[2m 鈹?gzip:     0.30 kB[22m
[2mbuild/[22m[36massets/pizza-CfrhKMJo.js                                [39m[1m[2m    0.47 kB[22m[1m[22m[2m 鈹?gzip:     0.30 kB[22m
[2mbuild/[22m[36massets/squares-subtract-CEA8mcI8.js                     [39m[1m[2m    0.47 kB[22m[1m[22m[2m 鈹?gzip:     0.27 kB[22m
[2mbuild/[22m[36massets/chess-king-BgwTxMyU.js                           [39m[1m[2m    0.47 kB[22m[1m[22m[2m 鈹?gzip:     0.32 kB[22m
[2mbuild/[22m[36massets/notebook-tabs-Hzq2OWiz.js                        [39m[1m[2m    0.47 kB[22m[1m[22m[2m 鈹?gzip:     0.28 kB[22m
[2mbuild/[22m[36massets/rose-DiOC1Fh1.js                                 [39m[1m[2m    0.47 kB[22m[1m[22m[2m 鈹?gzip:     0.33 kB[22m
[2mbuild/[22m[36massets/shrimp-Cc5JHrmO.js                               [39m[1m[2m    0.47 kB[22m[1m[22m[2m 鈹?gzip:     0.31 kB[22m
[2mbuild/[22m[36massets/handshake-DGm7N_qM.js                            [39m[1m[2m    0.47 kB[22m[1m[22m[2m 鈹?gzip:     0.30 kB[22m
[2mbuild/[22m[36massets/container-CRdMl4PP.js                            [39m[1m[2m    0.47 kB[22m[1m[22m[2m 鈹?gzip:     0.31 kB[22m
[2mbuild/[22m[36massets/school-Cdn6Nwv7.js                               [39m[1m[2m    0.47 kB[22m[1m[22m[2m 鈹?gzip:     0.31 kB[22m
[2mbuild/[22m[36massets/server-off-CbKUn4we.js                           [39m[1m[2m    0.47 kB[22m[1m[22m[2m 鈹?gzip:     0.29 kB[22m
[2mbuild/[22m[36massets/hand-grab-DvuTRx9c.js                            [39m[1m[2m    0.47 kB[22m[1m[22m[2m 鈹?gzip:     0.26 kB[22m
[2mbuild/[22m[36massets/phone-off-CBqnY58w.js                            [39m[1m[2m    0.47 kB[22m[1m[22m[2m 鈹?gzip:     0.30 kB[22m
[2mbuild/[22m[36massets/amphora-j9_qxf7O.js                              [39m[1m[2m    0.47 kB[22m[1m[22m[2m 鈹?gzip:     0.30 kB[22m
[2mbuild/[22m[36massets/bus-front-C_oEHyF1.js                            [39m[1m[2m    0.47 kB[22m[1m[22m[2m 鈹?gzip:     0.29 kB[22m
[2mbuild/[22m[36massets/footprints-FmdOJnbo.js                           [39m[1m[2m    0.47 kB[22m[1m[22m[2m 鈹?gzip:     0.32 kB[22m
[2mbuild/[22m[36massets/forklift-CkwyPzM-.js                             [39m[1m[2m    0.47 kB[22m[1m[22m[2m 鈹?gzip:     0.30 kB[22m
[2mbuild/[22m[36massets/train-front-tunnel-BSq9mhzE.js                   [39m[1m[2m    0.47 kB[22m[1m[22m[2m 鈹?gzip:     0.30 kB[22m
[2mbuild/[22m[36massets/keyboard-music-BMRWa20V.js                       [39m[1m[2m    0.47 kB[22m[1m[22m[2m 鈹?gzip:     0.28 kB[22m
[2mbuild/[22m[36massets/shovel-C_oqKLsR.js                               [39m[1m[2m    0.47 kB[22m[1m[22m[2m 鈹?gzip:     0.31 kB[22m
[2mbuild/[22m[36massets/panel-top-bottom-dashed-vkzda_Og.js              [39m[1m[2m    0.48 kB[22m[1m[22m[2m 鈹?gzip:     0.28 kB[22m
[2mbuild/[22m[36massets/tickets-plane-t9o-vCJP.js                        [39m[1m[2m    0.48 kB[22m[1m[22m[2m 鈹?gzip:     0.32 kB[22m
[2mbuild/[22m[36massets/bus-CZOIlroL.js                                  [39m[1m[2m    0.48 kB[22m[1m[22m[2m 鈹?gzip:     0.31 kB[22m
[2mbuild/[22m[36massets/rocket-DPtb28EG.js                               [39m[1m[2m    0.48 kB[22m[1m[22m[2m 鈹?gzip:     0.32 kB[22m
[2mbuild/[22m[36massets/helicopter-DCxQk4x2.js                           [39m[1m[2m    0.48 kB[22m[1m[22m[2m 鈹?gzip:     0.28 kB[22m
[2mbuild/[22m[36massets/keyboard-D_r_-Lsj.js                             [39m[1m[2m    0.48 kB[22m[1m[22m[2m 鈹?gzip:     0.27 kB[22m
[2mbuild/[22m[36massets/map-plus-Bkx8lpS5.js                             [39m[1m[2m    0.48 kB[22m[1m[22m[2m 鈹?gzip:     0.31 kB[22m
[2mbuild/[22m[36massets/radio-tower-CTA4UIMH.js                          [39m[1m[2m    0.48 kB[22m[1m[22m[2m 鈹?gzip:     0.31 kB[22m
[2mbuild/[22m[36massets/key-square-Ccq-8fIl.js                           [39m[1m[2m    0.48 kB[22m[1m[22m[2m 鈹?gzip:     0.30 kB[22m
[2mbuild/[22m[36massets/square-scissors-DcrOyfYq.js                      [39m[1m[2m    0.48 kB[22m[1m[22m[2m 鈹?gzip:     0.30 kB[22m
[2mbuild/[22m[36massets/package-plus-enEGvZT-.js                         [39m[1m[2m    0.48 kB[22m[1m[22m[2m 鈹?gzip:     0.32 kB[22m
[2mbuild/[22m[36massets/file-badge-C9GuPc8X.js                           [39m[1m[2m    0.48 kB[22m[1m[22m[2m 鈹?gzip:     0.33 kB[22m
[2mbuild/[22m[36massets/panel-left-right-dashed-zn3VSak5.js              [39m[1m[2m    0.48 kB[22m[1m[22m[2m 鈹?gzip:     0.28 kB[22m
[2mbuild/[22m[36massets/heart-handshake-CIDWyNwA.js                      [39m[1m[2m    0.48 kB[22m[1m[22m[2m 鈹?gzip:     0.32 kB[22m
[2mbuild/[22m[36massets/cat-BiSXhyy-.js                                  [39m[1m[2m    0.48 kB[22m[1m[22m[2m 鈹?gzip:     0.33 kB[22m
[2mbuild/[22m[36massets/earth-lock-Cc7QnOlL.js                           [39m[1m[2m    0.48 kB[22m[1m[22m[2m 鈹?gzip:     0.31 kB[22m
[2mbuild/[22m[36massets/origami-D3VKukPz.js                              [39m[1m[2m    0.48 kB[22m[1m[22m[2m 鈹?gzip:     0.33 kB[22m
[2mbuild/[22m[36massets/waves-arrow-down-vaGunwLm.js                     [39m[1m[2m    0.48 kB[22m[1m[22m[2m 鈹?gzip:     0.30 kB[22m
[2mbuild/[22m[36massets/pointer-By4BbMW9.js                              [39m[1m[2m    0.48 kB[22m[1m[22m[2m 鈹?gzip:     0.29 kB[22m
[2mbuild/[22m[36massets/wifi-off-CRrwDotC.js                             [39m[1m[2m    0.48 kB[22m[1m[22m[2m 鈹?gzip:     0.29 kB[22m
[2mbuild/[22m[36massets/scan-eye-BnCTGVxT.js                             [39m[1m[2m    0.49 kB[22m[1m[22m[2m 鈹?gzip:     0.30 kB[22m
[2mbuild/[22m[36massets/volleyball-CZ25NA9y.js                           [39m[1m[2m    0.49 kB[22m[1m[22m[2m 鈹?gzip:     0.30 kB[22m
[2mbuild/[22m[36massets/chess-knight-DI3SlJE4.js                         [39m[1m[2m    0.49 kB[22m[1m[22m[2m 鈹?gzip:     0.32 kB[22m
[2mbuild/[22m[36massets/circle-fading-plus-VM84tRoc.js                   [39m[1m[2m    0.49 kB[22m[1m[22m[2m 鈹?gzip:     0.29 kB[22m
[2mbuild/[22m[36massets/file-braces-corner-C_C4066o.js                   [39m[1m[2m    0.49 kB[22m[1m[22m[2m 鈹?gzip:     0.29 kB[22m
[2mbuild/[22m[36massets/message-square-heart-BxRgMUJg.js                 [39m[1m[2m    0.49 kB[22m[1m[22m[2m 鈹?gzip:     0.33 kB[22m
[2mbuild/[22m[36massets/tree-palm-ClJmZp-O.js                            [39m[1m[2m    0.49 kB[22m[1m[22m[2m 鈹?gzip:     0.34 kB[22m
[2mbuild/[22m[36massets/file-scan-WCeMTExm.js                            [39m[1m[2m    0.49 kB[22m[1m[22m[2m 鈹?gzip:     0.29 kB[22m
[2mbuild/[22m[36massets/file-pen-line-OpTKXr6U.js                        [39m[1m[2m    0.49 kB[22m[1m[22m[2m 鈹?gzip:     0.32 kB[22m
[2mbuild/[22m[36massets/beer-CxkQTPwM.js                                 [39m[1m[2m    0.49 kB[22m[1m[22m[2m 鈹?gzip:     0.31 kB[22m
[2mbuild/[22m[36massets/cloud-sun-rain-hVzHiqN-.js                       [39m[1m[2m    0.49 kB[22m[1m[22m[2m 鈹?gzip:     0.30 kB[22m
[2mbuild/[22m[36massets/file-chart-pie-CzR1gE0k.js                       [39m[1m[2m    0.49 kB[22m[1m[22m[2m 鈹?gzip:     0.33 kB[22m
[2mbuild/[22m[36massets/sun-dim-DFOISOo1.js                              [39m[1m[2m    0.49 kB[22m[1m[22m[2m 鈹?gzip:     0.27 kB[22m
[2mbuild/[22m[36massets/ferris-wheel-DQNGE9SJ.js                         [39m[1m[2m    0.49 kB[22m[1m[22m[2m 鈹?gzip:     0.30 kB[22m
[2mbuild/[22m[36massets/file-braces-ub972T-8.js                          [39m[1m[2m    0.49 kB[22m[1m[22m[2m 鈹?gzip:     0.29 kB[22m
[2mbuild/[22m[36massets/hand-platter-BdkxQ-7S.js                         [39m[1m[2m    0.49 kB[22m[1m[22m[2m 鈹?gzip:     0.32 kB[22m
[2mbuild/[22m[36massets/figma-BiAqadIn.js                                [39m[1m[2m    0.50 kB[22m[1m[22m[2m 鈹?gzip:     0.27 kB[22m
[2mbuild/[22m[36massets/image-off-DIU_KCFT.js                            [39m[1m[2m    0.50 kB[22m[1m[22m[2m 鈹?gzip:     0.31 kB[22m
[2mbuild/[22m[36massets/pen-tool-Cie4QC5s.js                             [39m[1m[2m    0.50 kB[22m[1m[22m[2m 鈹?gzip:     0.32 kB[22m
[2mbuild/[22m[36massets/save-off-CBqMyyNb.js                             [39m[1m[2m    0.50 kB[22m[1m[22m[2m 鈹?gzip:     0.31 kB[22m
[2mbuild/[22m[36massets/siren-CEST7hmP.js                                [39m[1m[2m    0.50 kB[22m[1m[22m[2m 鈹?gzip:     0.29 kB[22m
[2mbuild/[22m[36massets/soap-dispenser-droplet-CA0LSt8z.js               [39m[1m[2m    0.50 kB[22m[1m[22m[2m 鈹?gzip:     0.33 kB[22m
[2mbuild/[22m[36massets/star-fGCTnNF8.js                                 [39m[1m[2m    0.50 kB[22m[1m[22m[2m 鈹?gzip:     0.31 kB[22m
[2mbuild/[22m[36massets/sun-sPbBLtj5.js                                  [39m[1m[2m    0.50 kB[22m[1m[22m[2m 鈹?gzip:     0.28 kB[22m
[2mbuild/[22m[36massets/wifi-sync-3b7tQlA0.js                            [39m[1m[2m    0.50 kB[22m[1m[22m[2m 鈹?gzip:     0.30 kB[22m
[2mbuild/[22m[36massets/circle-fading-arrow-up-CX3rJE9P.js               [39m[1m[2m    0.50 kB[22m[1m[22m[2m 鈹?gzip:     0.30 kB[22m
[2mbuild/[22m[36massets/thermometer-snowflake-Blh08151.js                [39m[1m[2m    0.50 kB[22m[1m[22m[2m 鈹?gzip:     0.32 kB[22m
[2mbuild/[22m[36massets/map-pin-off-Cz5--e7-.js                          [39m[1m[2m    0.50 kB[22m[1m[22m[2m 鈹?gzip:     0.33 kB[22m
[2mbuild/[22m[36massets/microchip-C6IeZQvj.js                            [39m[1m[2m    0.50 kB[22m[1m[22m[2m 鈹?gzip:     0.28 kB[22m
[2mbuild/[22m[36massets/notebook-pen-BoM8eZWB.js                         [39m[1m[2m    0.50 kB[22m[1m[22m[2m 鈹?gzip:     0.30 kB[22m
[2mbuild/[22m[36massets/salad-UxdlfflL.js                                [39m[1m[2m    0.50 kB[22m[1m[22m[2m 鈹?gzip:     0.30 kB[22m
[2mbuild/[22m[36massets/square-dashed-top-solid-AWGvlCvJ.js              [39m[1m[2m    0.50 kB[22m[1m[22m[2m 鈹?gzip:     0.28 kB[22m
[2mbuild/[22m[36massets/trophy-boy2OraK.js                               [39m[1m[2m    0.50 kB[22m[1m[22m[2m 鈹?gzip:     0.29 kB[22m
[2mbuild/[22m[36massets/volume-off-ljMY_0vm.js                           [39m[1m[2m    0.50 kB[22m[1m[22m[2m 鈹?gzip:     0.33 kB[22m
[2mbuild/[22m[36massets/lamp-desk-DqlFhACn.js                            [39m[1m[2m    0.50 kB[22m[1m[22m[2m 鈹?gzip:     0.31 kB[22m
[2mbuild/[22m[36massets/image-upscale-DWUUXt9Z.js                        [39m[1m[2m    0.50 kB[22m[1m[22m[2m 鈹?gzip:     0.31 kB[22m
[2mbuild/[22m[36massets/folder-tree-DurLmdTJ.js                          [39m[1m[2m    0.50 kB[22m[1m[22m[2m 鈹?gzip:     0.28 kB[22m
[2mbuild/[22m[36massets/ship-Cn_YLa20.js                                 [39m[1m[2m    0.50 kB[22m[1m[22m[2m 鈹?gzip:     0.30 kB[22m
[2mbuild/[22m[36massets/webhook-off-FKyxqKVz.js                          [39m[1m[2m    0.50 kB[22m[1m[22m[2m 鈹?gzip:     0.32 kB[22m
[2mbuild/[22m[36massets/circle-star-BJJ1ROsr.js                          [39m[1m[2m    0.50 kB[22m[1m[22m[2m 鈹?gzip:     0.32 kB[22m
[2mbuild/[22m[36massets/solar-panel-DjIbzShi.js                          [39m[1m[2m    0.50 kB[22m[1m[22m[2m 鈹?gzip:     0.32 kB[22m
[2mbuild/[22m[36massets/sun-medium-DUL6chmi.js                           [39m[1m[2m    0.51 kB[22m[1m[22m[2m 鈹?gzip:     0.29 kB[22m
[2mbuild/[22m[36massets/layers-plus-BobwRYBX.js                          [39m[1m[2m    0.51 kB[22m[1m[22m[2m 鈹?gzip:     0.30 kB[22m
[2mbuild/[22m[36massets/package-search-Djug1sw_.js                       [39m[1m[2m    0.51 kB[22m[1m[22m[2m 鈹?gzip:     0.34 kB[22m
[2mbuild/[22m[36massets/cake--DvNDalY.js                                 [39m[1m[2m    0.51 kB[22m[1m[22m[2m 鈹?gzip:     0.28 kB[22m
[2mbuild/[22m[36massets/drill-hKHKajy_.js                                [39m[1m[2m    0.51 kB[22m[1m[22m[2m 鈹?gzip:     0.29 kB[22m
[2mbuild/[22m[36massets/clipboard-pen-line-DubP6SNu.js                   [39m[1m[2m    0.51 kB[22m[1m[22m[2m 鈹?gzip:     0.33 kB[22m
[2mbuild/[22m[36massets/pointer-off-BemC6kqZ.js                          [39m[1m[2m    0.51 kB[22m[1m[22m[2m 鈹?gzip:     0.32 kB[22m
[2mbuild/[22m[36massets/scan-qr-code-DeXqgy5U.js                         [39m[1m[2m    0.51 kB[22m[1m[22m[2m 鈹?gzip:     0.31 kB[22m
[2mbuild/[22m[36massets/calendar-sync-N0hc26Gi.js                        [39m[1m[2m    0.51 kB[22m[1m[22m[2m 鈹?gzip:     0.30 kB[22m
[2mbuild/[22m[36massets/cctv-sNYaT5Zi.js                                 [39m[1m[2m    0.52 kB[22m[1m[22m[2m 鈹?gzip:     0.32 kB[22m
[2mbuild/[22m[36massets/cable-CoBiLnno.js                                [39m[1m[2m    0.52 kB[22m[1m[22m[2m 鈹?gzip:     0.29 kB[22m
[2mbuild/[22m[36massets/calendar-days-DpWesm5S.js                        [39m[1m[2m    0.52 kB[22m[1m[22m[2m 鈹?gzip:     0.28 kB[22m
[2mbuild/[22m[36massets/sparkles-DLEPIU0c.js                             [39m[1m[2m    0.52 kB[22m[1m[22m[2m 鈹?gzip:     0.30 kB[22m
[2mbuild/[22m[36massets/square-star-D0EVv2fB.js                          [39m[1m[2m    0.52 kB[22m[1m[22m[2m 鈹?gzip:     0.34 kB[22m
[2mbuild/[22m[36massets/hand-heart-DJxoZxsc.js                           [39m[1m[2m    0.52 kB[22m[1m[22m[2m 鈹?gzip:     0.35 kB[22m
[2mbuild/[22m[36massets/shower-head-T-_hUdqo.js                          [39m[1m[2m    0.52 kB[22m[1m[22m[2m 鈹?gzip:     0.28 kB[22m
[2mbuild/[22m[36massets/store-gGnX5jTQ.js                                [39m[1m[2m    0.52 kB[22m[1m[22m[2m 鈹?gzip:     0.30 kB[22m
[2mbuild/[22m[36massets/index-C9nWOecH.js                                [39m[1m[2m    0.52 kB[22m[1m[22m[2m 鈹?gzip:     0.41 kB[22m
[2mbuild/[22m[36massets/chart-scatter-9rKdKwnh.js                        [39m[1m[2m    0.53 kB[22m[1m[22m[2m 鈹?gzip:     0.27 kB[22m
[2mbuild/[22m[36massets/radar-BHP90doZ.js                                [39m[1m[2m    0.53 kB[22m[1m[22m[2m 鈹?gzip:     0.32 kB[22m
[2mbuild/[22m[36massets/refresh-cw-off-DSA3JDNw.js                       [39m[1m[2m    0.53 kB[22m[1m[22m[2m 鈹?gzip:     0.33 kB[22m
[2mbuild/[22m[36massets/grip-jYPoeHN0.js                                 [39m[1m[2m    0.53 kB[22m[1m[22m[2m 鈹?gzip:     0.24 kB[22m
[2mbuild/[22m[36massets/hotel-Pyoo28UD.js                                [39m[1m[2m    0.53 kB[22m[1m[22m[2m 鈹?gzip:     0.30 kB[22m
[2mbuild/[22m[36massets/brick-wall-fire-Bz660x2X.js                      [39m[1m[2m    0.53 kB[22m[1m[22m[2m 鈹?gzip:     0.33 kB[22m
[2mbuild/[22m[36massets/palette-BY01k7Ot.js                              [39m[1m[2m    0.53 kB[22m[1m[22m[2m 鈹?gzip:     0.30 kB[22m
[2mbuild/[22m[36massets/dam-Ct5WDDeh.js                                  [39m[1m[2m    0.54 kB[22m[1m[22m[2m 鈹?gzip:     0.30 kB[22m
[2mbuild/[22m[36massets/panda-egyeRP5C.js                                [39m[1m[2m    0.54 kB[22m[1m[22m[2m 鈹?gzip:     0.34 kB[22m
[2mbuild/[22m[36massets/wand-sparkles-B_BIFFdp.js                        [39m[1m[2m    0.54 kB[22m[1m[22m[2m 鈹?gzip:     0.31 kB[22m
[2mbuild/[22m[36massets/file-volume-BSxe9RDF.js                          [39m[1m[2m    0.54 kB[22m[1m[22m[2m 鈹?gzip:     0.33 kB[22m
[2mbuild/[22m[36massets/ambulance-zgTI94YF.js                            [39m[1m[2m    0.54 kB[22m[1m[22m[2m 鈹?gzip:     0.33 kB[22m
[2mbuild/[22m[36massets/ship-wheel-Q_I6tdUA.js                           [39m[1m[2m    0.54 kB[22m[1m[22m[2m 鈹?gzip:     0.31 kB[22m
[2mbuild/[22m[36massets/star-off-D1vBFw9-.js                             [39m[1m[2m    0.55 kB[22m[1m[22m[2m 鈹?gzip:     0.34 kB[22m
[2mbuild/[22m[36massets/university-XFEyJVrC.js                           [39m[1m[2m    0.55 kB[22m[1m[22m[2m 鈹?gzip:     0.33 kB[22m
[2mbuild/[22m[36massets/tool-case-Ck-K-lBI.js                            [39m[1m[2m    0.55 kB[22m[1m[22m[2m 鈹?gzip:     0.36 kB[22m
[2mbuild/[22m[36massets/spray-can-CVapnM5q.js                            [39m[1m[2m    0.55 kB[22m[1m[22m[2m 鈹?gzip:     0.31 kB[22m
[2mbuild/[22m[36massets/hand-fist-t2cpOFDW.js                            [39m[1m[2m    0.55 kB[22m[1m[22m[2m 鈹?gzip:     0.35 kB[22m
[2mbuild/[22m[36massets/keyboard-off-9DU7_NaA.js                         [39m[1m[2m    0.55 kB[22m[1m[22m[2m 鈹?gzip:     0.31 kB[22m
[2mbuild/[22m[36massets/soup-B46sexNy.js                                 [39m[1m[2m    0.55 kB[22m[1m[22m[2m 鈹?gzip:     0.30 kB[22m
[2mbuild/[22m[36massets/theater-CUVE8tUa.js                              [39m[1m[2m    0.55 kB[22m[1m[22m[2m 鈹?gzip:     0.29 kB[22m
[2mbuild/[22m[36massets/unlink-D47HvnE3.js                               [39m[1m[2m    0.55 kB[22m[1m[22m[2m 鈹?gzip:     0.32 kB[22m
[2mbuild/[22m[36massets/truck-electric-CjUwjCIc.js                       [39m[1m[2m    0.55 kB[22m[1m[22m[2m 鈹?gzip:     0.33 kB[22m
[2mbuild/[22m[36massets/user-star-BzAlLwZK.js                            [39m[1m[2m    0.55 kB[22m[1m[22m[2m 鈹?gzip:     0.35 kB[22m
[2mbuild/[22m[36massets/calculator-CXMcsyUz.js                           [39m[1m[2m    0.55 kB[22m[1m[22m[2m 鈹?gzip:     0.30 kB[22m
[2mbuild/[22m[36massets/guitar-BmvQH_Ky.js                               [39m[1m[2m    0.55 kB[22m[1m[22m[2m 鈹?gzip:     0.34 kB[22m
[2mbuild/[22m[36massets/radiation-CF4a3xY9.js                            [39m[1m[2m    0.55 kB[22m[1m[22m[2m 鈹?gzip:     0.33 kB[22m
[2mbuild/[22m[36massets/memory-stick-DRBrf9Ma.js                         [39m[1m[2m    0.56 kB[22m[1m[22m[2m 鈹?gzip:     0.30 kB[22m
[2mbuild/[22m[36massets/bow-arrow-Bgphj-fq.js                            [39m[1m[2m    0.56 kB[22m[1m[22m[2m 鈹?gzip:     0.35 kB[22m
[2mbuild/[22m[36massets/heater-D1Wtsb21.js                               [39m[1m[2m    0.56 kB[22m[1m[22m[2m 鈹?gzip:     0.29 kB[22m
[2mbuild/[22m[36massets/file-box-zKW1ViQ6.js                             [39m[1m[2m    0.56 kB[22m[1m[22m[2m 鈹?gzip:     0.34 kB[22m
[2mbuild/[22m[36massets/paintbrush-BVNKwcpR.js                           [39m[1m[2m    0.56 kB[22m[1m[22m[2m 鈹?gzip:     0.36 kB[22m
[2mbuild/[22m[36massets/tractor-OCWAwHJ3.js                              [39m[1m[2m    0.56 kB[22m[1m[22m[2m 鈹?gzip:     0.34 kB[22m
[2mbuild/[22m[36massets/lasso-select-BusE7GvZ.js                         [39m[1m[2m    0.57 kB[22m[1m[22m[2m 鈹?gzip:     0.36 kB[22m
[2mbuild/[22m[36massets/message-square-dashed-BzWV71ps.js                [39m[1m[2m    0.57 kB[22m[1m[22m[2m 鈹?gzip:     0.31 kB[22m
[2mbuild/[22m[36massets/grape-_gkhT3d1.js                                [39m[1m[2m    0.57 kB[22m[1m[22m[2m 鈹?gzip:     0.30 kB[22m
[2mbuild/[22m[36massets/triangle-dashed-QXkP06SV.js                      [39m[1m[2m    0.57 kB[22m[1m[22m[2m 鈹?gzip:     0.32 kB[22m
[2mbuild/[22m[36massets/drone-0FYu-EON.js                                [39m[1m[2m    0.57 kB[22m[1m[22m[2m 鈹?gzip:     0.33 kB[22m
[2mbuild/[22m[36massets/swords-Cq8R4Q48.js                               [39m[1m[2m    0.57 kB[22m[1m[22m[2m 鈹?gzip:     0.30 kB[22m
[2mbuild/[22m[36massets/codesandbox-ROX7OgVs.js                          [39m[1m[2m    0.58 kB[22m[1m[22m[2m 鈹?gzip:     0.33 kB[22m
[2mbuild/[22m[36massets/globe-off-DU3MZQfr.js                            [39m[1m[2m    0.58 kB[22m[1m[22m[2m 鈹?gzip:     0.32 kB[22m
[2mbuild/[22m[36massets/paint-bucket-BwGvjpQo.js                         [39m[1m[2m    0.58 kB[22m[1m[22m[2m 鈹?gzip:     0.35 kB[22m
[2mbuild/[22m[36massets/drama-B15m4oWG.js                                [39m[1m[2m    0.58 kB[22m[1m[22m[2m 鈹?gzip:     0.35 kB[22m
[2mbuild/[22m[36massets/pencil-ruler-DrXwCedO.js                         [39m[1m[2m    0.58 kB[22m[1m[22m[2m 鈹?gzip:     0.35 kB[22m
[2mbuild/[22m[36massets/vector-square-DjyjZWCd.js                        [39m[1m[2m    0.58 kB[22m[1m[22m[2m 鈹?gzip:     0.28 kB[22m
[2mbuild/[22m[36massets/binoculars-95L0CXKQ.js                           [39m[1m[2m    0.58 kB[22m[1m[22m[2m 鈹?gzip:     0.31 kB[22m
[2mbuild/[22m[36massets/dumbbell-D79v5rS-.js                             [39m[1m[2m    0.58 kB[22m[1m[22m[2m 鈹?gzip:     0.31 kB[22m
[2mbuild/[22m[36massets/table-columns-split-Dlo0BAm1.js                  [39m[1m[2m    0.58 kB[22m[1m[22m[2m 鈹?gzip:     0.30 kB[22m
[2mbuild/[22m[36massets/building-Dt45pjwn.js                             [39m[1m[2m    0.59 kB[22m[1m[22m[2m 鈹?gzip:     0.30 kB[22m
[2mbuild/[22m[36massets/table-rows-split-C-ejb9Uk.js                     [39m[1m[2m    0.59 kB[22m[1m[22m[2m 鈹?gzip:     0.30 kB[22m
[2mbuild/[22m[36massets/replace-all-C3w7fsEU.js                          [39m[1m[2m    0.59 kB[22m[1m[22m[2m 鈹?gzip:     0.32 kB[22m
[2mbuild/[22m[36massets/chess-queen-C5odWEF_.js                          [39m[1m[2m    0.59 kB[22m[1m[22m[2m 鈹?gzip:     0.35 kB[22m
[2mbuild/[22m[36massets/square-dashed-BnbiqSWv.js                        [39m[1m[2m    0.59 kB[22m[1m[22m[2m 鈹?gzip:     0.29 kB[22m
[2mbuild/[22m[36massets/sun-snow-UEL3n59K.js                             [39m[1m[2m    0.59 kB[22m[1m[22m[2m 鈹?gzip:     0.33 kB[22m
[2mbuild/[22m[36massets/candy-B3gLR6FI.js                                [39m[1m[2m    0.59 kB[22m[1m[22m[2m 鈹?gzip:     0.32 kB[22m
[2mbuild/[22m[36massets/puzzle-lUHCpREJ.js                               [39m[1m[2m    0.60 kB[22m[1m[22m[2m 鈹?gzip:     0.29 kB[22m
[2mbuild/[22m[36massets/circle-dashed-BgSHfE28.js                        [39m[1m[2m    0.60 kB[22m[1m[22m[2m 鈹?gzip:     0.31 kB[22m
[2mbuild/[22m[36massets/index-DgWWy-Fc.js                                [39m[1m[2m    0.60 kB[22m[1m[22m[2m 鈹?gzip:     0.33 kB[22m
[2mbuild/[22m[36massets/brain-Degbb-aK.js                                [39m[1m[2m    0.60 kB[22m[1m[22m[2m 鈹?gzip:     0.33 kB[22m
[2mbuild/[22m[36massets/package-open-CdhuuyZ7.js                         [39m[1m[2m    0.60 kB[22m[1m[22m[2m 鈹?gzip:     0.35 kB[22m
[2mbuild/[22m[36massets/book-dashed-BisheOcl.js                          [39m[1m[2m    0.61 kB[22m[1m[22m[2m 鈹?gzip:     0.31 kB[22m
[2mbuild/[22m[36massets/recycle-DKtwzuTr.js                              [39m[1m[2m    0.61 kB[22m[1m[22m[2m 鈹?gzip:     0.36 kB[22m
[2mbuild/[22m[36massets/ribbon-DiKdTKXc.js                               [39m[1m[2m    0.61 kB[22m[1m[22m[2m 鈹?gzip:     0.38 kB[22m
[2mbuild/[22m[36massets/flower-PRFOjURk.js                               [39m[1m[2m    0.61 kB[22m[1m[22m[2m 鈹?gzip:     0.32 kB[22m
[2mbuild/[22m[36massets/pickaxe-D_PWrtzI.js                              [39m[1m[2m    0.61 kB[22m[1m[22m[2m 鈹?gzip:     0.36 kB[22m
[2mbuild/[22m[36massets/croissant-Bu_44CC0.js                            [39m[1m[2m    0.62 kB[22m[1m[22m[2m 鈹?gzip:     0.35 kB[22m
[2mbuild/[22m[36massets/nut-Dh3Li3jX.js                                  [39m[1m[2m    0.62 kB[22m[1m[22m[2m 鈹?gzip:     0.41 kB[22m
[2mbuild/[22m[36massets/dna-off-BeLjfH-y.js                              [39m[1m[2m    0.62 kB[22m[1m[22m[2m 鈹?gzip:     0.36 kB[22m
[2mbuild/[22m[36massets/index-BsMeHOp5.js                                [39m[1m[2m    0.62 kB[22m[1m[22m[2m 鈹?gzip:     0.41 kB[22m
[2mbuild/[22m[36massets/message-circle-dashed-D37ddvh-.js                [39m[1m[2m    0.62 kB[22m[1m[22m[2m 鈹?gzip:     0.34 kB[22m
[2mbuild/[22m[36massets/index-drN-OW4Z.js                                [39m[1m[2m    0.62 kB[22m[1m[22m[2m 鈹?gzip:     0.38 kB[22m
[2mbuild/[22m[36massets/slack-DbDJ2DVR.js                                [39m[1m[2m    0.63 kB[22m[1m[22m[2m 鈹?gzip:     0.33 kB[22m
[2mbuild/[22m[36massets/satellite-Ct0HxueN.js                            [39m[1m[2m    0.63 kB[22m[1m[22m[2m 鈹?gzip:     0.32 kB[22m
[2mbuild/[22m[36massets/fingerprint-pattern-DP5D0Z0L.js                  [39m[1m[2m    0.64 kB[22m[1m[22m[2m 鈹?gzip:     0.37 kB[22m
[2mbuild/[22m[36massets/fish-CdJktMFa.js                                 [39m[1m[2m    0.64 kB[22m[1m[22m[2m 鈹?gzip:     0.40 kB[22m
[2mbuild/[22m[36massets/telescope-C-iqS9eK.js                            [39m[1m[2m    0.64 kB[22m[1m[22m[2m 鈹?gzip:     0.39 kB[22m
[2mbuild/[22m[36massets/square-dashed-mouse-pointer-D9FtaInv.js          [39m[1m[2m    0.64 kB[22m[1m[22m[2m 鈹?gzip:     0.35 kB[22m
[2mbuild/[22m[36massets/index-DSYXChaz.js                                [39m[1m[2m    0.64 kB[22m[1m[22m[2m 鈹?gzip:     0.41 kB[22m
[2mbuild/[22m[36massets/index-a67Jpfl0.js                                [39m[1m[2m    0.64 kB[22m[1m[22m[2m 鈹?gzip:     0.44 kB[22m
[2mbuild/[22m[36massets/beer-off-IWlyErDS.js                             [39m[1m[2m    0.64 kB[22m[1m[22m[2m 鈹?gzip:     0.38 kB[22m
[2mbuild/[22m[36massets/gamepad-2-DkVExMsJ.js                            [39m[1m[2m    0.65 kB[22m[1m[22m[2m 鈹?gzip:     0.40 kB[22m
[2mbuild/[22m[36massets/squares-intersect-Qcw-Er27.js                    [39m[1m[2m    0.65 kB[22m[1m[22m[2m 鈹?gzip:     0.31 kB[22m
[2mbuild/[22m[36massets/dna-C_sSt7qc.js                                  [39m[1m[2m    0.65 kB[22m[1m[22m[2m 鈹?gzip:     0.36 kB[22m
[2mbuild/[22m[36massets/bug-GG2gDeYc.js                                  [39m[1m[2m    0.65 kB[22m[1m[22m[2m 鈹?gzip:     0.34 kB[22m
[2mbuild/[22m[36massets/snowflake-C3lNsur8.js                            [39m[1m[2m    0.65 kB[22m[1m[22m[2m 鈹?gzip:     0.35 kB[22m
[2mbuild/[22m[36massets/index-aW7Dswpw.js                                [39m[1m[2m    0.65 kB[22m[1m[22m[2m 鈹?gzip:     0.40 kB[22m
[2mbuild/[22m[36massets/squircle-dashed-tgFDkuuL.js                      [39m[1m[2m    0.65 kB[22m[1m[22m[2m 鈹?gzip:     0.36 kB[22m
[2mbuild/[22m[36massets/notepad-text-dashed-DPEZ2p75.js                  [39m[1m[2m    0.66 kB[22m[1m[22m[2m 鈹?gzip:     0.32 kB[22m
[2mbuild/[22m[36massets/bug-play-AXjGuqIj.js                             [39m[1m[2m    0.66 kB[22m[1m[22m[2m 鈹?gzip:     0.36 kB[22m
[2mbuild/[22m[36massets/cannabis-off-COYw5i9j.js                         [39m[1m[2m    0.66 kB[22m[1m[22m[2m 鈹?gzip:     0.42 kB[22m
[2mbuild/[22m[36massets/brick-wall-shield-CNON-KuI.js                    [39m[1m[2m    0.67 kB[22m[1m[22m[2m 鈹?gzip:     0.39 kB[22m
[2mbuild/[22m[36massets/circle-dot-dashed-D4-mH0te.js                    [39m[1m[2m    0.67 kB[22m[1m[22m[2m 鈹?gzip:     0.34 kB[22m
[2mbuild/[22m[36massets/cpu-D6JdQyya.js                                  [39m[1m[2m    0.67 kB[22m[1m[22m[2m 鈹?gzip:     0.31 kB[22m
[2mbuild/[22m[36massets/user-cog-DWZwCYr9.js                             [39m[1m[2m    0.67 kB[22m[1m[22m[2m 鈹?gzip:     0.35 kB[22m
[2mbuild/[22m[36massets/dog-GfTYvmsU.js                                  [39m[1m[2m    0.67 kB[22m[1m[22m[2m 鈹?gzip:     0.43 kB[22m
[2mbuild/[22m[36massets/cloud-cog-CtH1L5je.js                            [39m[1m[2m    0.67 kB[22m[1m[22m[2m 鈹?gzip:     0.36 kB[22m
[2mbuild/[22m[36massets/qr-code-BLMbrEu5.js                              [39m[1m[2m    0.67 kB[22m[1m[22m[2m 鈹?gzip:     0.33 kB[22m
[2mbuild/[22m[36massets/columns-3-cog-DUlvrTXu.js                        [39m[1m[2m    0.68 kB[22m[1m[22m[2m 鈹?gzip:     0.36 kB[22m
[2mbuild/[22m[36massets/candy-off-CwECVJkl.js                            [39m[1m[2m    0.68 kB[22m[1m[22m[2m 鈹?gzip:     0.36 kB[22m
[2mbuild/[22m[36massets/index-DBrFRYpR.js                                [39m[1m[2m    0.68 kB[22m[1m[22m[2m 鈹?gzip:     0.46 kB[22m
[2mbuild/[22m[36massets/user-round-cog-B1kNNSS-.js                       [39m[1m[2m    0.68 kB[22m[1m[22m[2m 鈹?gzip:     0.36 kB[22m
[2mbuild/[22m[36massets/index-XWL-fO6A.js                                [39m[1m[2m    0.68 kB[22m[1m[22m[2m 鈹?gzip:     0.45 kB[22m
[2mbuild/[22m[36massets/fish-off-D2APdoUN.js                             [39m[1m[2m    0.69 kB[22m[1m[22m[2m 鈹?gzip:     0.43 kB[22m
[2mbuild/[22m[36massets/receipt-text-Qlb2sUnk.js                         [39m[1m[2m    0.69 kB[22m[1m[22m[2m 鈹?gzip:     0.30 kB[22m
[2mbuild/[22m[36massets/vault-BmtlJEyh.js                                [39m[1m[2m    0.69 kB[22m[1m[22m[2m 鈹?gzip:     0.33 kB[22m
[2mbuild/[22m[36massets/index-87qoYR-p.js                                [39m[1m[2m    0.70 kB[22m[1m[22m[2m 鈹?gzip:     0.43 kB[22m
[2mbuild/[22m[36massets/text-select-DzvcwUTL.js                          [39m[1m[2m    0.70 kB[22m[1m[22m[2m 鈹?gzip:     0.32 kB[22m
[2mbuild/[22m[36massets/cog-CbVJwxSo.js                                  [39m[1m[2m    0.70 kB[22m[1m[22m[2m 鈹?gzip:     0.35 kB[22m
[2mbuild/[22m[36massets/index-C3HoCfqf.js                                [39m[1m[2m    0.70 kB[22m[1m[22m[2m 鈹?gzip:     0.50 kB[22m
[2mbuild/[22m[36massets/biohazard-C-PyqUqI.js                            [39m[1m[2m    0.71 kB[22m[1m[22m[2m 鈹?gzip:     0.41 kB[22m
[2mbuild/[22m[36massets/square-dashed-kanban-DpoG47pJ.js                 [39m[1m[2m    0.71 kB[22m[1m[22m[2m 鈹?gzip:     0.33 kB[22m
[2mbuild/[22m[36massets/folder-cog-SjAbfDeF.js                           [39m[1m[2m    0.71 kB[22m[1m[22m[2m 鈹?gzip:     0.38 kB[22m
[2mbuild/[22m[36massets/bug-off-CrS3pvyM.js                              [39m[1m[2m    0.71 kB[22m[1m[22m[2m 鈹?gzip:     0.37 kB[22m
[2mbuild/[22m[36massets/component-lKLKT7e3.js                            [39m[1m[2m    0.72 kB[22m[1m[22m[2m 鈹?gzip:     0.28 kB[22m
[2mbuild/[22m[36massets/index-ClmKnGvk.js                                [39m[1m[2m    0.72 kB[22m[1m[22m[2m 鈹?gzip:     0.50 kB[22m
[2mbuild/[22m[36massets/monitor-cog-wqg14h4K.js                          [39m[1m[2m    0.72 kB[22m[1m[22m[2m 鈹?gzip:     0.38 kB[22m
[2mbuild/[22m[36massets/nut-off-QefH110N.js                              [39m[1m[2m    0.73 kB[22m[1m[22m[2m 鈹?gzip:     0.46 kB[22m
[2mbuild/[22m[36massets/wifi-cog-DawHrU50.js                             [39m[1m[2m    0.75 kB[22m[1m[22m[2m 鈹?gzip:     0.39 kB[22m
[2mbuild/[22m[36massets/gamepad-directional-DIqQY9B6.js                  [39m[1m[2m    0.75 kB[22m[1m[22m[2m 鈹?gzip:     0.36 kB[22m
[2mbuild/[22m[36massets/party-popper-DfXrqo5l.js                         [39m[1m[2m    0.75 kB[22m[1m[22m[2m 鈹?gzip:     0.43 kB[22m
[2mbuild/[22m[36massets/calendar-cog-BcIJ4_eW.js                         [39m[1m[2m    0.77 kB[22m[1m[22m[2m 鈹?gzip:     0.40 kB[22m
[2mbuild/[22m[36massets/file-cog-BaUvvhOe.js                             [39m[1m[2m    0.78 kB[22m[1m[22m[2m 鈹?gzip:     0.41 kB[22m
[2mbuild/[22m[36massets/index-BhH3hswE.js                                [39m[1m[2m    0.79 kB[22m[1m[22m[2m 鈹?gzip:     0.48 kB[22m
[2mbuild/[22m[36massets/index-BIOc-pUm.js                                [39m[1m[2m    0.80 kB[22m[1m[22m[2m 鈹?gzip:     0.54 kB[22m
[2mbuild/[22m[36massets/index-D3yi-YdD.js                                [39m[1m[2m    0.80 kB[22m[1m[22m[2m 鈹?gzip:     0.49 kB[22m
[2mbuild/[22m[36massets/index-ClquqVV1.js                                [39m[1m[2m    0.80 kB[22m[1m[22m[2m 鈹?gzip:     0.49 kB[22m
[2mbuild/[22m[36massets/index-f3X03XtI.js                                [39m[1m[2m    0.81 kB[22m[1m[22m[2m 鈹?gzip:     0.52 kB[22m
[2mbuild/[22m[36massets/index-PnN8Eccq.js                                [39m[1m[2m    0.81 kB[22m[1m[22m[2m 鈹?gzip:     0.49 kB[22m
[2mbuild/[22m[36massets/index-BSGfXbMB.js                                [39m[1m[2m    0.81 kB[22m[1m[22m[2m 鈹?gzip:     0.47 kB[22m
[2mbuild/[22m[36massets/brain-circuit-CFAbxT86.js                        [39m[1m[2m    0.82 kB[22m[1m[22m[2m 鈹?gzip:     0.42 kB[22m
[2mbuild/[22m[36massets/index-azkENSc9.js                                [39m[1m[2m    0.84 kB[22m[1m[22m[2m 鈹?gzip:     0.48 kB[22m
[2mbuild/[22m[36massets/index-B-oHE0qJ.js                                [39m[1m[2m    0.84 kB[22m[1m[22m[2m 鈹?gzip:     0.53 kB[22m
[2mbuild/[22m[36massets/index-CFnQHwOx.js                                [39m[1m[2m    0.84 kB[22m[1m[22m[2m 鈹?gzip:     0.48 kB[22m
[2mbuild/[22m[36massets/server-cog-Bmi7oudP.js                           [39m[1m[2m    0.85 kB[22m[1m[22m[2m 鈹?gzip:     0.40 kB[22m
[2mbuild/[22m[36massets/index-DmIpRUIx.js                                [39m[1m[2m    0.86 kB[22m[1m[22m[2m 鈹?gzip:     0.54 kB[22m
[2mbuild/[22m[36massets/index-Cdo_4fq6.js                                [39m[1m[2m    0.86 kB[22m[1m[22m[2m 鈹?gzip:     0.52 kB[22m
[2mbuild/[22m[36massets/index-CmyjxSXP.js                                [39m[1m[2m    0.87 kB[22m[1m[22m[2m 鈹?gzip:     0.45 kB[22m
[2mbuild/[22m[36massets/index-DwuKFL3a.js                                [39m[1m[2m    0.87 kB[22m[1m[22m[2m 鈹?gzip:     0.39 kB[22m
[2mbuild/[22m[36massets/index-I9f8WWiL.js                                [39m[1m[2m    0.87 kB[22m[1m[22m[2m 鈹?gzip:     0.53 kB[22m
[2mbuild/[22m[36massets/boxes-DhSsrK6x.js                                [39m[1m[2m    0.88 kB[22m[1m[22m[2m 鈹?gzip:     0.42 kB[22m
[2mbuild/[22m[36massets/index-Cq9hIjX8.js                                [39m[1m[2m    0.88 kB[22m[1m[22m[2m 鈹?gzip:     0.54 kB[22m
[2mbuild/[22m[36massets/index-y6zCRGqN.js                                [39m[1m[2m    0.88 kB[22m[1m[22m[2m 鈹?gzip:     0.55 kB[22m
[2mbuild/[22m[36massets/square-bottom-dashed-scissors-D3ajaFVz.js        [39m[1m[2m    0.90 kB[22m[1m[22m[2m 鈹?gzip:     0.42 kB[22m
[2mbuild/[22m[36massets/wheat-XrkBW_SW.js                                [39m[1m[2m    0.90 kB[22m[1m[22m[2m 鈹?gzip:     0.36 kB[22m
[2mbuild/[22m[36massets/index-CMty7Gdv.js                                [39m[1m[2m    0.91 kB[22m[1m[22m[2m 鈹?gzip:     0.56 kB[22m
[2mbuild/[22m[36massets/index-BVLZXiLj.js                                [39m[1m[2m    0.94 kB[22m[1m[22m[2m 鈹?gzip:     0.55 kB[22m
[2mbuild/[22m[36massets/wheat-off-CnV4Ckag.js                            [39m[1m[2m    0.95 kB[22m[1m[22m[2m 鈹?gzip:     0.47 kB[22m
[2mbuild/[22m[36massets/index-BHQlXcLL.js                                [39m[1m[2m    0.96 kB[22m[1m[22m[2m 鈹?gzip:     0.47 kB[22m
[2mbuild/[22m[36massets/index-DSC7_H84.js                                [39m[1m[2m    0.98 kB[22m[1m[22m[2m 鈹?gzip:     0.54 kB[22m
[2mbuild/[22m[36massets/hop-off-DC6RBkSr.js                              [39m[1m[2m    0.99 kB[22m[1m[22m[2m 鈹?gzip:     0.54 kB[22m
[2mbuild/[22m[36massets/index-Dwqn1Ocp.js                                [39m[1m[2m    1.02 kB[22m[1m[22m[2m 鈹?gzip:     0.60 kB[22m
[2mbuild/[22m[36massets/brain-cog-DQRRgvR_.js                            [39m[1m[2m    1.04 kB[22m[1m[22m[2m 鈹?gzip:     0.49 kB[22m
[2mbuild/[22m[36massets/index-B3wT3duQ.js                                [39m[1m[2m    1.04 kB[22m[1m[22m[2m 鈹?gzip:     0.60 kB[22m
[2mbuild/[22m[36massets/hop-Dmt7B87A.js                                  [39m[1m[2m    1.05 kB[22m[1m[22m[2m 鈹?gzip:     0.55 kB[22m
[2mbuild/[22m[36massets/index-Pd0V_KlN.js                                [39m[1m[2m    1.05 kB[22m[1m[22m[2m 鈹?gzip:     0.42 kB[22m
[2mbuild/[22m[36massets/index-DxS6K1MX.js                                [39m[1m[2m    1.08 kB[22m[1m[22m[2m 鈹?gzip:     0.66 kB[22m
[2mbuild/[22m[36massets/index-DfACMM1q.js                                [39m[1m[2m    1.11 kB[22m[1m[22m[2m 鈹?gzip:     0.70 kB[22m
[2mbuild/[22m[36massets/index-COa2-08c.js                                [39m[1m[2m    1.12 kB[22m[1m[22m[2m 鈹?gzip:     0.66 kB[22m
[2mbuild/[22m[36massets/index-ENFQL9W7.js                                [39m[1m[2m    1.12 kB[22m[1m[22m[2m 鈹?gzip:     0.61 kB[22m
[2mbuild/[22m[36massets/index-zBr7Z3Ql.js                                [39m[1m[2m    1.12 kB[22m[1m[22m[2m 鈹?gzip:     0.52 kB[22m
[2mbuild/[22m[36massets/index-YlwX7mPW.js                                [39m[1m[2m    1.17 kB[22m[1m[22m[2m 鈹?gzip:     0.68 kB[22m
[2mbuild/[22m[36massets/index-Cbxks_ko.js                                [39m[1m[2m    1.19 kB[22m[1m[22m[2m 鈹?gzip:     0.68 kB[22m
[2mbuild/[22m[36massets/index-BbcGmas7.js                                [39m[1m[2m    1.20 kB[22m[1m[22m[2m 鈹?gzip:     0.59 kB[22m
[2mbuild/[22m[36massets/index-C--QCfr4.js                                [39m[1m[2m    1.20 kB[22m[1m[22m[2m 鈹?gzip:     0.65 kB[22m
[2mbuild/[22m[36massets/index-o_6oidHQ.js                                [39m[1m[2m    1.20 kB[22m[1m[22m[2m 鈹?gzip:     0.72 kB[22m
[2mbuild/[22m[36massets/index-ym4L3PH5.js                                [39m[1m[2m    1.20 kB[22m[1m[22m[2m 鈹?gzip:     0.72 kB[22m
[2mbuild/[22m[36massets/index-CEUZ_uWy.js                                [39m[1m[2m    1.21 kB[22m[1m[22m[2m 鈹?gzip:     0.56 kB[22m
[2mbuild/[22m[36massets/index-DADWdU37.js                                [39m[1m[2m    1.22 kB[22m[1m[22m[2m 鈹?gzip:     0.77 kB[22m
[2mbuild/[22m[36massets/index-DtdAE7dh.js                                [39m[1m[2m    1.23 kB[22m[1m[22m[2m 鈹?gzip:     0.75 kB[22m
[2mbuild/[22m[36massets/index-DGZqv1L0.js                                [39m[1m[2m    1.23 kB[22m[1m[22m[2m 鈹?gzip:     0.60 kB[22m
[2mbuild/[22m[36massets/index-C9nVQ9e7.js                                [39m[1m[2m    1.23 kB[22m[1m[22m[2m 鈹?gzip:     0.62 kB[22m
[2mbuild/[22m[36massets/index-CP3zegMy.js                                [39m[1m[2m    1.24 kB[22m[1m[22m[2m 鈹?gzip:     0.69 kB[22m
[2mbuild/[22m[36massets/index-CEYp0kEk.js                                [39m[1m[2m    1.25 kB[22m[1m[22m[2m 鈹?gzip:     0.67 kB[22m
[2mbuild/[22m[36massets/index-CGuD3XHS.js                                [39m[1m[2m    1.28 kB[22m[1m[22m[2m 鈹?gzip:     0.74 kB[22m
[2mbuild/[22m[36massets/index-BTQy-GVn.js                                [39m[1m[2m    1.31 kB[22m[1m[22m[2m 鈹?gzip:     0.70 kB[22m
[2mbuild/[22m[36massets/index-CVDRqLXS.js                                [39m[1m[2m    1.32 kB[22m[1m[22m[2m 鈹?gzip:     0.67 kB[22m
[2mbuild/[22m[36massets/index-B0u3fIMn.js                                [39m[1m[2m    1.32 kB[22m[1m[22m[2m 鈹?gzip:     0.80 kB[22m
[2mbuild/[22m[36massets/index-BDYUrCEz.js                                [39m[1m[2m    1.32 kB[22m[1m[22m[2m 鈹?gzip:     0.79 kB[22m
[2mbuild/[22m[36massets/index-DDOW5LTB.js                                [39m[1m[2m    1.33 kB[22m[1m[22m[2m 鈹?gzip:     0.71 kB[22m
[2mbuild/[22m[36massets/index-nDl4o0om.js                                [39m[1m[2m    1.36 kB[22m[1m[22m[2m 鈹?gzip:     0.77 kB[22m
[2mbuild/[22m[36massets/index-ChjN5NJf.js                                [39m[1m[2m    1.37 kB[22m[1m[22m[2m 鈹?gzip:     0.73 kB[22m
[2mbuild/[22m[36massets/SlackIcon-CSOysekq.js                            [39m[1m[2m    1.39 kB[22m[1m[22m[2m 鈹?gzip:     0.47 kB[22m
[2mbuild/[22m[36massets/index-yOcBQ-bf.js                                [39m[1m[2m    1.39 kB[22m[1m[22m[2m 鈹?gzip:     0.77 kB[22m
[2mbuild/[22m[36massets/index-BvVl8NRW.js                                [39m[1m[2m    1.46 kB[22m[1m[22m[2m 鈹?gzip:     0.46 kB[22m
[2mbuild/[22m[36massets/index-LrXLNaeU.js                                [39m[1m[2m    1.46 kB[22m[1m[22m[2m 鈹?gzip:     0.69 kB[22m
[2mbuild/[22m[36massets/index-CK9XaXRv.js                                [39m[1m[2m    1.47 kB[22m[1m[22m[2m 鈹?gzip:     0.79 kB[22m
[2mbuild/[22m[36massets/index-Dgq4Zb0J.js                                [39m[1m[2m    1.47 kB[22m[1m[22m[2m 鈹?gzip:     0.79 kB[22m
[2mbuild/[22m[36massets/index-C1pf7kq1.js                                [39m[1m[2m    1.48 kB[22m[1m[22m[2m 鈹?gzip:     0.79 kB[22m
[2mbuild/[22m[36massets/Wolfram-c9R2TJUL.js                              [39m[1m[2m    1.52 kB[22m[1m[22m[2m 鈹?gzip:     0.81 kB[22m
[2mbuild/[22m[36massets/index-zPC8Lbc0.js                                [39m[1m[2m    1.53 kB[22m[1m[22m[2m 鈹?gzip:     0.69 kB[22m
[2mbuild/[22m[36massets/index-Ci3M3Da4.js                                [39m[1m[2m    1.54 kB[22m[1m[22m[2m 鈹?gzip:     0.75 kB[22m
[2mbuild/[22m[36massets/index-Dd_myHyy.js                                [39m[1m[2m    1.61 kB[22m[1m[22m[2m 鈹?gzip:     0.86 kB[22m
[2mbuild/[22m[36massets/index-DIhkMGnH.js                                [39m[1m[2m    1.62 kB[22m[1m[22m[2m 鈹?gzip:     0.61 kB[22m
[2mbuild/[22m[36massets/index-DubCKLQR.js                                [39m[1m[2m    1.63 kB[22m[1m[22m[2m 鈹?gzip:     0.72 kB[22m
[2mbuild/[22m[36massets/index-C4JCHtxP.js                                [39m[1m[2m    1.68 kB[22m[1m[22m[2m 鈹?gzip:     0.97 kB[22m
[2mbuild/[22m[36massets/index-j2eskGUR.js                                [39m[1m[2m    1.73 kB[22m[1m[22m[2m 鈹?gzip:     0.95 kB[22m
[2mbuild/[22m[36massets/index-D3AW-WXe.js                                [39m[1m[2m    1.75 kB[22m[1m[22m[2m 鈹?gzip:     0.95 kB[22m
[2mbuild/[22m[36massets/index-ytNpfFxf.js                                [39m[1m[2m    1.75 kB[22m[1m[22m[2m 鈹?gzip:     0.94 kB[22m
[2mbuild/[22m[36massets/index-B4t0lduP.js                                [39m[1m[2m    1.76 kB[22m[1m[22m[2m 鈹?gzip:     0.89 kB[22m
[2mbuild/[22m[36massets/index-BAxWeRfF.js                                [39m[1m[2m    1.78 kB[22m[1m[22m[2m 鈹?gzip:     0.94 kB[22m
[2mbuild/[22m[36massets/index-DKSaWpuM.js                                [39m[1m[2m    1.80 kB[22m[1m[22m[2m 鈹?gzip:     0.98 kB[22m
[2mbuild/[22m[36massets/index-Bx6ek3EU.js                                [39m[1m[2m    1.83 kB[22m[1m[22m[2m 鈹?gzip:     1.02 kB[22m
[2mbuild/[22m[36massets/index-CDbSZ2nA.js                                [39m[1m[2m    1.90 kB[22m[1m[22m[2m 鈹?gzip:     0.94 kB[22m
[2mbuild/[22m[36massets/index-DToNHAQv.js                                [39m[1m[2m    1.91 kB[22m[1m[22m[2m 鈹?gzip:     0.91 kB[22m
[2mbuild/[22m[36massets/index-C8xjP5w4.js                                [39m[1m[2m    1.93 kB[22m[1m[22m[2m 鈹?gzip:     1.07 kB[22m
[2mbuild/[22m[36massets/index-CcAc0zq9.js                                [39m[1m[2m    2.03 kB[22m[1m[22m[2m 鈹?gzip:     1.00 kB[22m
[2mbuild/[22m[36massets/index-CXvdq88w.js                                [39m[1m[2m    2.13 kB[22m[1m[22m[2m 鈹?gzip:     1.12 kB[22m
[2mbuild/[22m[36massets/index-6PCBv9N6.js                                [39m[1m[2m    2.17 kB[22m[1m[22m[2m 鈹?gzip:     1.18 kB[22m
[2mbuild/[22m[36massets/index-CAQc7buc.js                                [39m[1m[2m    2.17 kB[22m[1m[22m[2m 鈹?gzip:     1.13 kB[22m
[2mbuild/[22m[36massets/index-DhEzOdal.js                                [39m[1m[2m    2.21 kB[22m[1m[22m[2m 鈹?gzip:     0.94 kB[22m
[2mbuild/[22m[36massets/index-CV8UC6SP.js                                [39m[1m[2m    2.24 kB[22m[1m[22m[2m 鈹?gzip:     0.68 kB[22m
[2mbuild/[22m[36massets/index-BttqOdjp.js                                [39m[1m[2m    2.31 kB[22m[1m[22m[2m 鈹?gzip:     1.07 kB[22m
[2mbuild/[22m[36massets/index-BfXWbuDO.js                                [39m[1m[2m    2.31 kB[22m[1m[22m[2m 鈹?gzip:     1.04 kB[22m
[2mbuild/[22m[36massets/index-B_YSTyTf.js                                [39m[1m[2m    2.32 kB[22m[1m[22m[2m 鈹?gzip:     1.02 kB[22m
[2mbuild/[22m[36massets/index-Dl_KXumM.js                                [39m[1m[2m    2.34 kB[22m[1m[22m[2m 鈹?gzip:     0.85 kB[22m
[2mbuild/[22m[36massets/index-vxsB3HfI.js                                [39m[1m[2m    2.37 kB[22m[1m[22m[2m 鈹?gzip:     1.24 kB[22m
[2mbuild/[22m[36massets/index-BDRhtC2y.js                                [39m[1m[2m    2.40 kB[22m[1m[22m[2m 鈹?gzip:     1.26 kB[22m
[2mbuild/[22m[36massets/index-CpsbZOtE.js                                [39m[1m[2m    2.42 kB[22m[1m[22m[2m 鈹?gzip:     1.10 kB[22m
[2mbuild/[22m[36massets/index-BZ-c-nlf.js                                [39m[1m[2m    2.43 kB[22m[1m[22m[2m 鈹?gzip:     0.82 kB[22m
[2mbuild/[22m[36massets/index-CfyU3HdP.js                                [39m[1m[2m    2.44 kB[22m[1m[22m[2m 鈹?gzip:     0.74 kB[22m
[2mbuild/[22m[36massets/index-YDmX-WEQ.js                                [39m[1m[2m    2.47 kB[22m[1m[22m[2m 鈹?gzip:     1.11 kB[22m
[2mbuild/[22m[36massets/index-Ccky_dmD.js                                [39m[1m[2m    2.50 kB[22m[1m[22m[2m 鈹?gzip:     1.36 kB[22m
[2mbuild/[22m[36massets/index-BvgPvj--.js                                [39m[1m[2m    2.55 kB[22m[1m[22m[2m 鈹?gzip:     0.88 kB[22m
[2mbuild/[22m[36massets/index-DvNaC_dV.js                                [39m[1m[2m    2.58 kB[22m[1m[22m[2m 鈹?gzip:     1.11 kB[22m
[2mbuild/[22m[36massets/index-DrwA9hbJ.js                                [39m[1m[2m    2.61 kB[22m[1m[22m[2m 鈹?gzip:     0.87 kB[22m
[2mbuild/[22m[36massets/index-vW3gy_iU.js                                [39m[1m[2m    2.62 kB[22m[1m[22m[2m 鈹?gzip:     1.19 kB[22m
[2mbuild/[22m[36massets/index-BGxdtj_B.js                                [39m[1m[2m    2.72 kB[22m[1m[22m[2m 鈹?gzip:     1.17 kB[22m
[2mbuild/[22m[36massets/index-BS-0-P35.js                                [39m[1m[2m    2.74 kB[22m[1m[22m[2m 鈹?gzip:     1.35 kB[22m
[2mbuild/[22m[36massets/index-zu0i91I_.js                                [39m[1m[2m    2.81 kB[22m[1m[22m[2m 鈹?gzip:     1.45 kB[22m
[2mbuild/[22m[36massets/index-CsvyDb55.js                                [39m[1m[2m    2.86 kB[22m[1m[22m[2m 鈹?gzip:     1.40 kB[22m
[2mbuild/[22m[36massets/index-D-UtAhyc.js                                [39m[1m[2m    2.91 kB[22m[1m[22m[2m 鈹?gzip:     0.63 kB[22m
[2mbuild/[22m[36massets/index-77E_jfoj.js                                [39m[1m[2m    2.97 kB[22m[1m[22m[2m 鈹?gzip:     1.41 kB[22m
[2mbuild/[22m[36massets/index-BqHnqg72.js                                [39m[1m[2m    3.06 kB[22m[1m[22m[2m 鈹?gzip:     1.15 kB[22m
[2mbuild/[22m[36massets/index-DUGtxtnZ.js                                [39m[1m[2m    3.07 kB[22m[1m[22m[2m 鈹?gzip:     1.55 kB[22m
[2mbuild/[22m[36massets/index-kjl7fuSR.js                                [39m[1m[2m    3.08 kB[22m[1m[22m[2m 鈹?gzip:     1.55 kB[22m
[2mbuild/[22m[36massets/index-Io3geIT1.js                                [39m[1m[2m    3.14 kB[22m[1m[22m[2m 鈹?gzip:     1.62 kB[22m
[2mbuild/[22m[36massets/index-DONigLmo.js                                [39m[1m[2m    3.19 kB[22m[1m[22m[2m 鈹?gzip:     1.48 kB[22m
[2mbuild/[22m[36massets/index-DEKZibF3.js                                [39m[1m[2m    3.21 kB[22m[1m[22m[2m 鈹?gzip:     1.64 kB[22m
[2mbuild/[22m[36massets/index-CccCCpnP.js                                [39m[1m[2m    3.27 kB[22m[1m[22m[2m 鈹?gzip:     1.53 kB[22m
[2mbuild/[22m[36massets/index-Zq5ATw_J.js                                [39m[1m[2m    3.33 kB[22m[1m[22m[2m 鈹?gzip:     1.59 kB[22m
[2mbuild/[22m[36massets/index-tAgGV7Jw.js                                [39m[1m[2m    3.59 kB[22m[1m[22m[2m 鈹?gzip:     1.38 kB[22m
[2mbuild/[22m[36massets/index-CqAWd80z.js                                [39m[1m[2m    3.63 kB[22m[1m[22m[2m 鈹?gzip:     1.77 kB[22m
[2mbuild/[22m[36massets/index-BXEa8A0N.js                                [39m[1m[2m    4.11 kB[22m[1m[22m[2m 鈹?gzip:     1.58 kB[22m
[2mbuild/[22m[36massets/index-DftfO3oG.js                                [39m[1m[2m    4.17 kB[22m[1m[22m[2m 鈹?gzip:     1.33 kB[22m
[2mbuild/[22m[36massets/index-DFmRb4d7.js                                [39m[1m[2m    4.25 kB[22m[1m[22m[2m 鈹?gzip:     1.96 kB[22m
[2mbuild/[22m[36massets/index-CRHaItZq.js                                [39m[1m[2m    4.33 kB[22m[1m[22m[2m 鈹?gzip:     1.81 kB[22m
[2mbuild/[22m[36massets/index-fm6KcM4s.js                                [39m[1m[2m    4.50 kB[22m[1m[22m[2m 鈹?gzip:     2.11 kB[22m
[2mbuild/[22m[36massets/index-PRGNNlFr.js                                [39m[1m[2m    4.57 kB[22m[1m[22m[2m 鈹?gzip:     2.05 kB[22m
[2mbuild/[22m[36massets/index-DOEepztL.js                                [39m[1m[2m    4.80 kB[22m[1m[22m[2m 鈹?gzip:     2.33 kB[22m
[2mbuild/[22m[36massets/index-CHKTH-Na.js                                [39m[1m[2m    4.96 kB[22m[1m[22m[2m 鈹?gzip:     2.00 kB[22m
[2mbuild/[22m[36massets/index-BYWTS8D9.js                                [39m[1m[2m    5.58 kB[22m[1m[22m[2m 鈹?gzip:     2.68 kB[22m
[2mbuild/[22m[36massets/index-XXJW8GGL.js                                [39m[1m[2m    5.82 kB[22m[1m[22m[2m 鈹?gzip:     1.88 kB[22m
[2mbuild/[22m[36massets/index-okZP9JNK.js                                [39m[1m[2m    5.86 kB[22m[1m[22m[2m 鈹?gzip:     2.24 kB[22m
[2mbuild/[22m[36massets/index-CC1_kBHn.js                                [39m[1m[2m    5.95 kB[22m[1m[22m[2m 鈹?gzip:     2.45 kB[22m
[2mbuild/[22m[36massets/index-DbZuINvu.js                                [39m[1m[2m    6.37 kB[22m[1m[22m[2m 鈹?gzip:     2.40 kB[22m
[2mbuild/[22m[36massets/index-CLCFteG7.js                                [39m[1m[2m    7.11 kB[22m[1m[22m[2m 鈹?gzip:     1.93 kB[22m
[2mbuild/[22m[36massets/index-DQBXbVIa.js                                [39m[1m[2m    7.27 kB[22m[1m[22m[2m 鈹?gzip:     2.36 kB[22m
[2mbuild/[22m[36massets/index-D8QYu7fG.js                                [39m[1m[2m    7.27 kB[22m[1m[22m[2m 鈹?gzip:     1.66 kB[22m
[2mbuild/[22m[36massets/index-Cgz-XXW2.js                                [39m[1m[2m    7.55 kB[22m[1m[22m[2m 鈹?gzip:     5.59 kB[22m
[2mbuild/[22m[36massets/index-l7qokAA0.js                                [39m[1m[2m    8.74 kB[22m[1m[22m[2m 鈹?gzip:     4.10 kB[22m
[2mbuild/[22m[36massets/index-R7HSUnaU.js                                [39m[1m[2m   10.07 kB[22m[1m[22m[2m 鈹?gzip:     2.54 kB[22m
[2mbuild/[22m[36massets/index-6BlzrSF2.js                                [39m[1m[2m   10.07 kB[22m[1m[22m[2m 鈹?gzip:     4.26 kB[22m
[2mbuild/[22m[36massets/index-_SDxWeBD.js                                [39m[1m[2m   10.40 kB[22m[1m[22m[2m 鈹?gzip:     3.33 kB[22m
[2mbuild/[22m[36massets/index-9SuWv_S7.js                                [39m[1m[2m   11.46 kB[22m[1m[22m[2m 鈹?gzip:     1.98 kB[22m
[2mbuild/[22m[36massets/index-0rK_bedd.js                                [39m[1m[2m   12.45 kB[22m[1m[22m[2m 鈹?gzip:     5.43 kB[22m
[2mbuild/[22m[36massets/index-CEWQy1if.js                                [39m[1m[2m   12.48 kB[22m[1m[22m[2m 鈹?gzip:     1.85 kB[22m
[2mbuild/[22m[36massets/index-DxLSq60p.js                                [39m[1m[2m   12.66 kB[22m[1m[22m[2m 鈹?gzip:     3.47 kB[22m
[2mbuild/[22m[36massets/index-DjeVTfsl.js                                [39m[1m[2m   13.14 kB[22m[1m[22m[2m 鈹?gzip:     6.07 kB[22m
[2mbuild/[22m[36massets/index-BYawgn52.js                                [39m[1m[2m   13.97 kB[22m[1m[22m[2m 鈹?gzip:     3.15 kB[22m
[2mbuild/[22m[36massets/index-DhhV3Wcd.js                                [39m[1m[2m   14.11 kB[22m[1m[22m[2m 鈹?gzip:     3.26 kB[22m
[2mbuild/[22m[36massets/index-CuoV_zA8.js                                [39m[1m[2m   15.12 kB[22m[1m[22m[2m 鈹?gzip:     5.88 kB[22m
[2mbuild/[22m[36massets/index-BtO67OZI.js                                [39m[1m[2m   16.17 kB[22m[1m[22m[2m 鈹?gzip:     2.43 kB[22m
[2mbuild/[22m[36massets/index-C7jM_LMs.js                                [39m[1m[2m   16.37 kB[22m[1m[22m[2m 鈹?gzip:     6.13 kB[22m
[2mbuild/[22m[36massets/index-C-lvs62P.js                                [39m[1m[2m   16.69 kB[22m[1m[22m[2m 鈹?gzip:     6.24 kB[22m
[2mbuild/[22m[36massets/index-CuNN-4c5.js                                [39m[1m[2m   17.67 kB[22m[1m[22m[2m 鈹?gzip:     6.34 kB[22m
[2mbuild/[22m[36massets/index-DgPBIMYi.js                                [39m[1m[2m   18.05 kB[22m[1m[22m[2m 鈹?gzip:     7.55 kB[22m
[2mbuild/[22m[36massets/vanilla-picker-B3LgXoKV.js                       [39m[1m[2m   18.60 kB[22m[1m[22m[2m 鈹?gzip:     6.67 kB[22m
[2mbuild/[22m[36massets/index-3Y8Q3Ddf.js                                [39m[1m[2m   19.70 kB[22m[1m[22m[2m 鈹?gzip:     3.61 kB[22m
[2mbuild/[22m[36massets/index-VLFsWqj0.js                                [39m[1m[2m   20.21 kB[22m[1m[22m[2m 鈹?gzip:     4.65 kB[22m
[2mbuild/[22m[36massets/index-JtxYzscm.js                                [39m[1m[2m   21.50 kB[22m[1m[22m[2m 鈹?gzip:     9.54 kB[22m
[2mbuild/[22m[36massets/index-C-qJbx6Z.js                                [39m[1m[2m   23.39 kB[22m[1m[22m[2m 鈹?gzip:     3.68 kB[22m
[2mbuild/[22m[36massets/index-CR8RWJyZ.js                                [39m[1m[2m   25.42 kB[22m[1m[22m[2m 鈹?gzip:     7.50 kB[22m
[2mbuild/[22m[36massets/lazyIconImports-CG_AQcqe.js                      [39m[1m[2m   28.65 kB[22m[1m[22m[2m 鈹?gzip:     4.97 kB[22m
[2mbuild/[22m[36massets/index-DcNzzSQA.js                                [39m[1m[2m   29.75 kB[22m[1m[22m[2m 鈹?gzip:     3.90 kB[22m
[2mbuild/[22m[36massets/index-COZTOl6K.js                                [39m[1m[2m   30.23 kB[22m[1m[22m[2m 鈹?gzip:     4.51 kB[22m
[2mbuild/[22m[36massets/index-D4nFOO-g.js                                [39m[1m[2m   30.55 kB[22m[1m[22m[2m 鈹?gzip:     4.45 kB[22m
[2mbuild/[22m[36massets/index-BLU8NNJr.js                                [39m[1m[2m   30.94 kB[22m[1m[22m[2m 鈹?gzip:    11.43 kB[22m
[2mbuild/[22m[36massets/index-CLV5bnvM.js                                [39m[1m[2m   34.86 kB[22m[1m[22m[2m 鈹?gzip:    14.51 kB[22m
[2mbuild/[22m[36massets/index-BMPXJ2L_.js                                [39m[1m[2m   45.99 kB[22m[1m[22m[2m 鈹?gzip:    33.15 kB[22m
[2mbuild/[22m[36massets/index-BpeYbpxN.js                                [39m[1m[2m   50.59 kB[22m[1m[22m[2m 鈹?gzip:    19.10 kB[22m
[2mbuild/[22m[36massets/index-Bif5S03E.js                                [39m[1m[2m   50.62 kB[22m[1m[22m[2m 鈹?gzip:    19.14 kB[22m
[2mbuild/[22m[36massets/index-BMx3_AqP.js                                [39m[1m[2m   69.23 kB[22m[1m[22m[2m 鈹?gzip:    13.61 kB[22m
[2mbuild/[22m[36massets/index-BZv7xGTn.js                                [39m[1m[2m   80.84 kB[22m[1m[22m[2m 鈹?gzip:    32.09 kB[22m
[2mbuild/[22m[36massets/zh-Hans-BHKnBG8M.js                              [39m[1m[2m  109.72 kB[22m[1m[22m[2m 鈹?gzip:    32.89 kB[22m
[2mbuild/[22m[36massets/pt-RjpjaSXr.js                                   [39m[1m[2m  123.89 kB[22m[1m[22m[2m 鈹?gzip:    32.94 kB[22m
[2mbuild/[22m[36massets/es-PQb-j9K-.js                                   [39m[1m[2m  127.27 kB[22m[1m[22m[2m 鈹?gzip:    33.33 kB[22m
[2mbuild/[22m[36massets/de-B0tjlrEy.js                                   [39m[1m[2m  130.92 kB[22m[1m[22m[2m 鈹?gzip:    34.66 kB[22m
[2mbuild/[22m[36massets/fr-Da2lc4x2.js                                   [39m[1m[2m  131.19 kB[22m[1m[22m[2m 鈹?gzip:    34.09 kB[22m
[2mbuild/[22m[36massets/ja-BpJ8dc3e.js                                   [39m[1m[2m  143.16 kB[22m[1m[22m[2m 鈹?gzip:    35.57 kB[22m
[2mbuild/[22m[36massets/index-hzIJ3c8I.js                                [39m[1m[2m  180.37 kB[22m[1m[22m[2m 鈹?gzip:    73.82 kB[22m
[2mbuild/[22m[36massets/index-PeCkM0ea.js                                [39m[1m[2m  202.79 kB[22m[1m[22m[2m 鈹?gzip:    59.65 kB[22m
[2mbuild/[22m[36massets/index-CdPtJ3ri.js                                [39m[1m[2m  279.72 kB[22m[1m[22m[2m 鈹?gzip:   201.18 kB[22m
[2mbuild/[22m[36massets/index-Brw42jWY.js                                [39m[1m[2m  310.99 kB[22m[1m[22m[2m 鈹?gzip:   226.54 kB[22m
[2mbuild/[22m[36massets/index-CbTtXklm.js                                [39m[1m[2m  361.90 kB[22m[1m[22m[2m 鈹?gzip:   255.98 kB[22m
[2mbuild/[22m[36massets/index-DPBxzvo_.js                                [39m[1m[2m  415.19 kB[22m[1m[22m[2m 鈹?gzip:   298.33 kB[22m
[2mbuild/[22m[36massets/index-B3oWj6Hn.js                                [39m[1m[2m  418.77 kB[22m[1m[22m[2m 鈹?gzip:   119.39 kB[22m
[2mbuild/[22m[36massets/index-BjMwnkvw.js                                [39m[1m[2m  456.56 kB[22m[1m[22m[2m 鈹?gzip:   323.59 kB[22m
[2mbuild/[22m[36massets/index-D9H2Z9GF.js                                [39m[1m[33m  742.79 kB[39m[22m[2m 鈹?gzip:   218.85 kB[22m
[2mbuild/[22m[36massets/index-4F7sU9Xy.js                                [39m[1m[33m9,263.98 kB[39m[22m[2m 鈹?gzip: 2,570.73 kB[22m
[33m
(!) Some chunks are larger than 500 kB after minification. Consider:
- Using dynamic import() to code-split the application
- Use build.rollupOptions.output.manualChunks to improve chunking: https://roll
upjs.org/configuration-options/#output-manualchunks
- Adjust chunk size limit for this warning via build.chunkSizeWarningLimit.[39
m
[32m鉁?built in 50.98s[39m
